Archive member included to satisfy reference by file (symbol)

/usr/bin/../lib/gcc/arm-none-eabi/6.3.1/../../../../arm-none-eabi/lib/thumb/v7-m/libstdc++_nano.a(si_class_type_info.o)
                              obj/lib/L2_Drivers/base/uart_dev.o (vtable for __cxxabiv1::__si_class_type_info)
/usr/bin/../lib/gcc/arm-none-eabi/6.3.1/../../../../arm-none-eabi/lib/thumb/v7-m/libstdc++_nano.a(class_type_info.o)
                              /usr/bin/../lib/gcc/arm-none-eabi/6.3.1/../../../../arm-none-eabi/lib/thumb/v7-m/libstdc++_nano.a(si_class_type_info.o) (__cxxabiv1::__class_type_info::__do_upcast(__cxxabiv1::__class_type_info const*, void**) const)
/usr/bin/../lib/gcc/arm-none-eabi/6.3.1/../../../../arm-none-eabi/lib/thumb/v7-m/libstdc++_nano.a(tinfo.o)
                              /usr/bin/../lib/gcc/arm-none-eabi/6.3.1/../../../../arm-none-eabi/lib/thumb/v7-m/libstdc++_nano.a(class_type_info.o) (std::type_info::~type_info())
/usr/bin/../lib/gcc/arm-none-eabi/6.3.1/../../../../arm-none-eabi/lib/thumb/v7-m/libstdc++_nano.a(vmi_class_type_info.o)
                              obj/lib/L2_Drivers/src/nrf_stream.o (vtable for __cxxabiv1::__vmi_class_type_info)
/usr/bin/../lib/gcc/arm-none-eabi/6.3.1/../../../../arm-none-eabi/lib/thumb/v7-m/libstdc++_nano.a(pure.o)
                              obj/lib/L2_Drivers/base/char_dev.o (__cxa_pure_virtual)
/usr/bin/../lib/gcc/arm-none-eabi/6.3.1/../../../../arm-none-eabi/lib/thumb/v7-m/libstdc++_nano.a(guard.o)
                              obj/lab2/L5_Application/source/high_level_init.o (__cxa_guard_acquire)
/usr/bin/../lib/gcc/arm-none-eabi/6.3.1/../../../../arm-none-eabi/lib/thumb/v7-m/libstdc++_nano.a(del_ops.o)
                              /usr/bin/../lib/gcc/arm-none-eabi/6.3.1/../../../../arm-none-eabi/lib/thumb/v7-m/libstdc++_nano.a(si_class_type_info.o) (operator delete(void*, unsigned int))
/usr/bin/../lib/gcc/arm-none-eabi/6.3.1/../../../../arm-none-eabi/lib/thumb/v7-m/libstdc++_nano.a(eh_terminate.o)
                              /usr/bin/../lib/gcc/arm-none-eabi/6.3.1/../../../../arm-none-eabi/lib/thumb/v7-m/libstdc++_nano.a(pure.o) (std::terminate())
/usr/bin/../lib/gcc/arm-none-eabi/6.3.1/../../../../arm-none-eabi/lib/thumb/v7-m/libstdc++_nano.a(eh_term_handler.o)
                              /usr/bin/../lib/gcc/arm-none-eabi/6.3.1/../../../../arm-none-eabi/lib/thumb/v7-m/libstdc++_nano.a(eh_terminate.o) (__cxxabiv1::__terminate_handler)
/usr/bin/../lib/gcc/arm-none-eabi/6.3.1/../../../../arm-none-eabi/lib/thumb/v7-m/libstdc++_nano.a(eh_unex_handler.o)
                              /usr/bin/../lib/gcc/arm-none-eabi/6.3.1/../../../../arm-none-eabi/lib/thumb/v7-m/libstdc++_nano.a(eh_terminate.o) (__cxxabiv1::__unexpected_handler)
/usr/bin/../lib/gcc/arm-none-eabi/6.3.1/thumb/v7-m/libgcc.a(_ashldi3.o)
                              obj/lib/L0_LowLevel/source/lpc_peripherals.o (__aeabi_llsl)
/usr/bin/../lib/gcc/arm-none-eabi/6.3.1/thumb/v7-m/libgcc.a(_arm_addsubdf3.o)
                              obj/lib/L2_Drivers/base/uart_dev.o (__aeabi_dadd)
/usr/bin/../lib/gcc/arm-none-eabi/6.3.1/thumb/v7-m/libgcc.a(_arm_fixunsdfsi.o)
                              obj/lib/L2_Drivers/base/uart_dev.o (__aeabi_d2uiz)
/usr/bin/../lib/gcc/arm-none-eabi/6.3.1/thumb/v7-m/libgcc.a(_arm_truncdfsf2.o)
                              obj/lib/L3_Utils/src/str.o (__aeabi_d2f)
/usr/bin/../lib/gcc/arm-none-eabi/6.3.1/thumb/v7-m/libgcc.a(_arm_addsubsf3.o)
                              obj/lib/L3_Utils/src/str.o (__aeabi_fsub)
/usr/bin/../lib/gcc/arm-none-eabi/6.3.1/thumb/v7-m/libgcc.a(_arm_muldivsf3.o)
                              obj/lib/L2_Drivers/src/lpc_pwm.o (__aeabi_fmul)
/usr/bin/../lib/gcc/arm-none-eabi/6.3.1/thumb/v7-m/libgcc.a(_arm_cmpsf2.o)
                              obj/lib/L3_Utils/src/str.o (__aeabi_fcmplt)
/usr/bin/../lib/gcc/arm-none-eabi/6.3.1/thumb/v7-m/libgcc.a(_arm_fixsfsi.o)
                              obj/lab2/L5_Application/source/cmd_handlers/handlers.o (__aeabi_f2iz)
/usr/bin/../lib/gcc/arm-none-eabi/6.3.1/thumb/v7-m/libgcc.a(_arm_fixunssfsi.o)
                              obj/lib/L2_Drivers/src/lpc_pwm.o (__aeabi_f2uiz)
/usr/bin/../lib/gcc/arm-none-eabi/6.3.1/thumb/v7-m/libgcc.a(_aeabi_uldivmod.o)
                              obj/lib/L2_Drivers/base/i2c_base.o (__aeabi_uldivmod)
/usr/bin/../lib/gcc/arm-none-eabi/6.3.1/thumb/v7-m/libgcc.a(_udivmoddi4.o)
                              /usr/bin/../lib/gcc/arm-none-eabi/6.3.1/thumb/v7-m/libgcc.a(_aeabi_uldivmod.o) (__udivmoddi4)
/usr/bin/../lib/gcc/arm-none-eabi/6.3.1/thumb/v7-m/libgcc.a(_dvmd_tls.o)
                              /usr/bin/../lib/gcc/arm-none-eabi/6.3.1/thumb/v7-m/libgcc.a(_aeabi_uldivmod.o) (__aeabi_ldiv0)
/usr/bin/../lib/gcc/arm-none-eabi/6.3.1/../../../../arm-none-eabi/lib/thumb/v7-m/libc_nano.a(lib_a-abort.o)
                              /usr/bin/../lib/gcc/arm-none-eabi/6.3.1/../../../../arm-none-eabi/lib/thumb/v7-m/libstdc++_nano.a(eh_terminate.o) (abort)
[...]
Memory Configuration

Name             Origin             Length             Attributes
FLASH            0x0000000000010000 0x0000000000070000 xr
SRAM             0x0000000010000000 0x0000000000008000 xrw
SRAM_AHB         0x000000002007c000 0x0000000000008000 xrw
*default*        0x0000000000000000 0xffffffffffffffff

Linker script and memory map

LOAD obj/lib/L2_Drivers/base/i2c_base.o
LOAD obj/lib/L2_Drivers/base/char_dev.o
LOAD obj/lib/L2_Drivers/base/uart_dev.o
LOAD obj/lib/L2_Drivers/src/adc.o
LOAD obj/lib/L2_Drivers/src/lpc_timers.o
LOAD obj/lib/L2_Drivers/src/lpc_pwm.o
LOAD obj/lib/L2_Drivers/src/nrf_stream.o
LOAD obj/lib/L2_Drivers/src/i2c2.o
LOAD obj/lib/L2_Drivers/src/eint.o
LOAD obj/lib/L2_Drivers/src/spi_sem.o
LOAD obj/lib/L2_Drivers/src/spi_dma.o
LOAD obj/lib/L2_Drivers/src/lpc_rit.o
LOAD obj/lib/L2_Drivers/src/can.o
LOAD obj/lib/L2_Drivers/src/rtc.o
LOAD obj/lib/L2_Drivers/src/uart2.o
LOAD obj/lib/L2_Drivers/src/uart0.o
LOAD obj/lib/L2_Drivers/src/uart3.o
LOAD obj/lib/L4_IO/fat/ff.o
LOAD obj/lib/L4_IO/fat/option/reentrant.o
LOAD obj/lib/L4_IO/fat/option/ccsbcs.o
LOAD obj/lib/L4_IO/fat/fatfs_time.o
LOAD obj/lib/L4_IO/fat/disk/sd.o
LOAD obj/lib/L4_IO/fat/disk/spi_flash.o
LOAD obj/lib/L4_IO/fat/disk/diskio.o
LOAD obj/lib/L4_IO/src/gpio.o
LOAD obj/lib/L4_IO/src/storage.o
LOAD obj/lib/L4_IO/src/io_source.o
LOAD obj/lib/L4_IO/wireless/src/mesh.o
LOAD obj/lib/L4_IO/wireless/src/wireless.o
LOAD obj/lib/L4_IO/wireless/src/nrf24L01Plus.o
LOAD obj/lib/L1_FreeRTOS/trace/trcKernelPort.o
LOAD obj/lib/L1_FreeRTOS/trace/trcBase.o
LOAD obj/lib/L1_FreeRTOS/trace/run_time_counter.o
LOAD obj/lib/L1_FreeRTOS/trace/trcKernel.o
LOAD obj/lib/L1_FreeRTOS/trace/trcHardwarePort.o
LOAD obj/lib/L1_FreeRTOS/trace/trcUser.o
LOAD obj/lib/L1_FreeRTOS/portable/no_mpu/port.o
LOAD obj/lib/L1_FreeRTOS/portable/run_time_stats.o
LOAD obj/lib/L1_FreeRTOS/hooks/hooks.o
LOAD obj/lib/L1_FreeRTOS/MemMang/freertos_mem_man.o
LOAD obj/lib/L1_FreeRTOS/src/croutine.o
LOAD obj/lib/L1_FreeRTOS/src/tasks.o
LOAD obj/lib/L1_FreeRTOS/src/list.o
LOAD obj/lib/L1_FreeRTOS/src/queue.o
LOAD obj/lib/L1_FreeRTOS/src/event_groups.o
LOAD obj/lib/L1_FreeRTOS/src/timers.o
LOAD obj/lib/L0_LowLevel/source/lpc_sys.o
LOAD obj/lib/L0_LowLevel/source/startup.o
LOAD obj/lib/L0_LowLevel/source/uart0_min.o
LOAD obj/lib/L0_LowLevel/source/low_level_init.o
LOAD obj/lib/L0_LowLevel/source/lpc_peripherals.o
LOAD obj/lib/L0_LowLevel/source/core_cm3.o
LOAD obj/lib/L0_LowLevel/source/sys_clock.o
LOAD obj/lib/newlib/newlib_time.o
LOAD obj/lib/newlib/newlib_syscalls.o
LOAD obj/lib/newlib/malloc_lock.o
LOAD obj/lib/newlib/memory.o
LOAD obj/lib/L3_Utils/tlm/src/c_tlm_var.o
LOAD obj/lib/L3_Utils/tlm/src/c_tlm_stream.o
LOAD obj/lib/L3_Utils/tlm/src/c_tlm_binary.o
LOAD obj/lib/L3_Utils/tlm/src/c_tlm_comp.o
LOAD obj/lib/L3_Utils/src/file_logger.o
LOAD obj/lib/L3_Utils/src/utilities.o
LOAD obj/lib/L3_Utils/src/scheduler_task.o
LOAD obj/lib/L3_Utils/src/str.o
LOAD obj/lib/L3_Utils/src/printf_lib.o
LOAD obj/lib/L3_Utils/src/freertos_timer.o
LOAD obj/lib/L3_Utils/src/command_handler.o
LOAD obj/lib/L3_Utils/src/rtc_alarm.o
LOAD obj/lib/L3_Utils/src/c_list.o
LOAD obj/lab2/L5_Application/main.o
LOAD obj/lab2/L5_Application/periodic_scheduler/period_callbacks.o
LOAD obj/lab2/L5_Application/periodic_scheduler/prd_dispatcher.o
LOAD obj/lab2/L5_Application/source/terminal.o
LOAD obj/lab2/L5_Application/source/remote.o
LOAD obj/lab2/L5_Application/source/high_level_init.o
LOAD obj/lab2/L5_Application/source/cmd_handlers/wireless_handlers.o
LOAD obj/lab2/L5_Application/source/cmd_handlers/handlers.o
LOAD obj/lab2/L5_Application/source/cmd_handlers/prog_handlers.o
LOAD obj/lab2/L5_Application/examples/rn_xv_task.o
LOAD obj/lab2/L5_Application/examples/examples.o
LOAD obj/lab2/L5_Application/SSP1Com.o
LOAD /usr/bin/../lib/gcc/arm-none-eabi/6.3.1/../../../../arm-none-eabi/lib/thumb/v7-m/libstdc++_nano.a
LOAD /usr/bin/../lib/gcc/arm-none-eabi/6.3.1/../../../../arm-none-eabi/lib/thumb/v7-m/libm.a
START GROUP
LOAD /usr/bin/../lib/gcc/arm-none-eabi/6.3.1/thumb/v7-m/libgcc.a
LOAD /usr/bin/../lib/gcc/arm-none-eabi/6.3.1/../../../../arm-none-eabi/lib/thumb/v7-m/libc_nano.a
END GROUP
START GROUP
LOAD /usr/bin/../lib/gcc/arm-none-eabi/6.3.1/thumb/v7-m/libgcc.a
LOAD /usr/bin/../lib/gcc/arm-none-eabi/6.3.1/../../../../arm-none-eabi/lib/thumb/v7-m/libc_nano.a
END GROUP

.text           0x0000000000010000    0x183f8
 FILL mask 0xff
 *(.isr_vector)
 .isr_vector    0x0000000000010000       0xcc obj/lib/L0_LowLevel/source/startup.o
                0x0000000000010000                g_pfnVectors
                0x00000000000100cc                . = ALIGN (0x4)
                0x00000000000100cc                __section_table_start = .
                0x00000000000100cc                __data_section_table = .
                0x00000000000100cc        0x4 LONG 0x28400 LOADADDR (.data)
                0x00000000000100d0        0x4 LONG 0x2007c000 ADDR (.data)
                0x00000000000100d4        0x4 LONG 0x300 SIZEOF (.data)
                0x00000000000100d8                __data_section_table_end = .
                0x00000000000100d8                __bss_section_table = .
                0x00000000000100d8        0x4 LONG 0x2007c300 ADDR (.bss)
                0x00000000000100dc        0x4 LONG 0x504 SIZEOF (.bss)
                0x00000000000100e0                __bss_section_table_end = .
                0x00000000000100e0                __section_table_end = .
 *(.after_vectors*)
 .after_vectors
                0x00000000000100e0      0x120 obj/lib/L0_LowLevel/source/startup.o
                0x00000000000100e0                isr_hard_fault
                0x00000000000100fa                isr_nmi
                0x0000000000010108                isr_mem_fault
                0x0000000000010118                isr_bus_fault
                0x0000000000010128                isr_usage_fault
                0x0000000000010138                isr_debug_mon
                0x0000000000010148                TIMER2_IRQHandler
                0x0000000000010148                I2C0_IRQHandler
                0x0000000000010148                PWM1_IRQHandler
                0x0000000000010148                I2C1_IRQHandler
                0x0000000000010148                EINT2_IRQHandler
                0x0000000000010148                UART1_IRQHandler
                0x0000000000010148                TIMER3_IRQHandler
                0x0000000000010148                PLL0_IRQHandler
                0x0000000000010148                PLL1_IRQHandler
                0x0000000000010148                SSP0_IRQHandler
                0x0000000000010148                CANAct_IRQHandler
                0x0000000000010148                I2S_IRQHandler
                0x0000000000010148                TIMER0_IRQHandler
                0x0000000000010148                SPI_IRQHandler
                0x0000000000010148                EINT1_IRQHandler
                0x0000000000010148                isr_default_handler
                0x0000000000010148                SSP1_IRQHandler
                0x0000000000010148                USB_IRQHandler
                0x0000000000010148                BOD_IRQHandler
                0x0000000000010148                WDT_IRQHandler
                0x0000000000010148                QEI_IRQHandler
                0x0000000000010148                EINT0_IRQHandler
                0x0000000000010148                DMA_IRQHandler
                0x0000000000010148                MCPWM_IRQHandler
                0x0000000000010148                ENET_IRQHandler
                0x0000000000010148                USBAct_IRQHandler
                0x0000000000010158                isr_sys_tick
                0x000000000001016a                data_init(unsigned int, unsigned int, unsigned int)
                0x0000000000010180                bss_init(unsigned int, unsigned int)
                0x0000000000010194                isr_reset
 *(.text*)
 .text._ZN8I2C_Base8transferEhhPhm
                0x0000000000010200       0xd8 obj/lib/L2_Drivers/base/i2c_base.o
                0x0000000000010200                I2C_Base::transfer(unsigned char, unsigned char, unsigned char*, unsigned long)
 .text._ZN8I2C_Base13readRegistersEhhPhm
                0x00000000000102d8        0x8 obj/lib/L2_Drivers/base/i2c_base.o
                0x00000000000102d8                I2C_Base::readRegisters(unsigned char, unsigned char, unsigned char*, unsigned long)
 .text._ZN8I2C_Base7readRegEhh
                0x00000000000102e0       0x1a obj/lib/L2_Drivers/base/i2c_base.o
                0x00000000000102e0                I2C_Base::readReg(unsigned char, unsigned char)
 .text._ZN8I2C_Base14writeRegistersEhhPhm
                0x00000000000102fa        0x8 obj/lib/L2_Drivers/base/i2c_base.o
                0x00000000000102fa                I2C_Base::writeRegisters(unsigned char, unsigned char, unsigned char*, unsigned long)
 .text._ZN8I2C_Base8writeRegEhhh
                0x0000000000010302       0x16 obj/lib/L2_Drivers/base/i2c_base.o
                0x0000000000010302                I2C_Base::writeReg(unsigned char, unsigned char, unsigned char)
 .text._ZN8I2C_Base19checkDeviceResponseEh
                0x0000000000010318       0x16 obj/lib/L2_Drivers/base/i2c_base.o
                0x0000000000010318                I2C_Base::checkDeviceResponse(unsigned char)
 *fill*         0x000000000001032e        0x2 ff
 .text._ZN8I2C_BaseC2EP15LPC_I2C_TypeDef
                0x0000000000010330       0x50 obj/lib/L2_Drivers/base/i2c_base.o
                0x0000000000010330                I2C_Base::I2C_Base(LPC_I2C_TypeDef*)
                0x0000000000010330                I2C_Base::I2C_Base(LPC_I2C_TypeDef*)
 .text._ZN8I2C_Base4initEmm
                0x0000000000010380       0x94 obj/lib/L2_Drivers/base/i2c_base.o
                0x0000000000010380                I2C_Base::init(unsigned long, unsigned long)
 .text._ZN8I2C_Base15i2cStateMachineEv
                0x0000000000010414      0x11e obj/lib/L2_Drivers/base/i2c_base.o
                0x0000000000010414                I2C_Base::i2cStateMachine()
 *fill*         0x0000000000010532        0x2 ff
 .text._ZN8I2C_Base15handleInterruptEv
                0x0000000000010534       0x34 obj/lib/L2_Drivers/base/i2c_base.o
                0x0000000000010534                I2C_Base::handleInterrupt()
 .text._ZN7CharDev5flushEv
                0x0000000000010568        0x4 obj/lib/L2_Drivers/base/char_dev.o
                0x0000000000010568                CharDev::flush()
 .text._ZN7CharDev3putEPKcj
                0x000000000001056c       0x28 obj/lib/L2_Drivers/base/char_dev.o
                0x000000000001056c                CharDev::put(char const*, unsigned int)
 .text._ZN7CharDev7putlineEPKcj
                0x0000000000010594       0x1c obj/lib/L2_Drivers/base/char_dev.o
                0x0000000000010594                CharDev::putline(char const*, unsigned int)
 .text._ZN7CharDev4getsEPcij
                0x00000000000105b0       0x50 obj/lib/L2_Drivers/base/char_dev.o
                0x00000000000105b0                CharDev::gets(char*, int, unsigned int)
 .text._ZN7CharDev6printfEPKcz
                0x0000000000010600       0x78 obj/lib/L2_Drivers/base/char_dev.o
                0x0000000000010600                CharDev::printf(char const*, ...)
 .text._ZN7CharDevC2Ev
                0x0000000000010678       0x20 obj/lib/L2_Drivers/base/char_dev.o
                0x0000000000010678                CharDev::CharDev()
                0x0000000000010678                CharDev::CharDev()
 .text._ZN7CharDevD2Ev
                0x0000000000010698       0x18 obj/lib/L2_Drivers/base/char_dev.o
                0x0000000000010698                CharDev::~CharDev()
                0x0000000000010698                CharDev::~CharDev()
 .text._ZN7UartDev7putCharEcj
                0x00000000000106b0       0x5c obj/lib/L2_Drivers/base/uart_dev.o
                0x00000000000106b0                UartDev::putChar(char, unsigned int)
 .text._ZN7UartDevD2Ev
                0x000000000001070c       0x14 obj/lib/L2_Drivers/base/uart_dev.o
                0x000000000001070c                UartDev::~UartDev()
                0x000000000001070c                UartDev::~UartDev()
 .text._ZN7UartDevD0Ev
                0x0000000000010720       0x12 obj/lib/L2_Drivers/base/uart_dev.o
                0x0000000000010720                UartDev::~UartDev()
 .text._ZN7UartDev5flushEv
                0x0000000000010732       0x20 obj/lib/L2_Drivers/base/uart_dev.o
                0x0000000000010732                UartDev::flush()
 .text._ZN7UartDev7getCharEPcj
                0x0000000000010752       0x6c obj/lib/L2_Drivers/base/uart_dev.o
                0x0000000000010752                UartDev::getChar(char*, unsigned int)
 *fill*         0x00000000000107be        0x2 ff
 .text._ZN7UartDev11setBaudRateEj
                0x00000000000107c0       0x34 obj/lib/L2_Drivers/base/uart_dev.o
                0x00000000000107c0                UartDev::setBaudRate(unsigned int)
 .text._ZN7UartDev15handleInterruptEv
                0x00000000000107f4       0xc0 obj/lib/L2_Drivers/base/uart_dev.o
                0x00000000000107f4                UartDev::handleInterrupt()
 .text._ZN7UartDevC2EPj
                0x00000000000108b4       0x28 obj/lib/L2_Drivers/base/uart_dev.o
                0x00000000000108b4                UartDev::UartDev(unsigned int*)
                0x00000000000108b4                UartDev::UartDev(unsigned int*)
 .text._ZN7UartDev4initEjjii
                0x00000000000108dc       0xac obj/lib/L2_Drivers/base/uart_dev.o
                0x00000000000108dc                UartDev::init(unsigned int, unsigned int, int, int)
 .text.adc0_start_conversion
                0x0000000000010988       0x24 obj/lib/L2_Drivers/src/adc.o
 .text.ADC_IRQHandler
                0x00000000000109ac       0x48 obj/lib/L2_Drivers/src/adc.o
                0x00000000000109ac                ADC_IRQHandler
 .text.adc0_init
                0x00000000000109f4       0x74 obj/lib/L2_Drivers/src/adc.o
                0x00000000000109f4                adc0_init
 .text.adc0_get_reading
                0x0000000000010a68       0x74 obj/lib/L2_Drivers/src/adc.o
                0x0000000000010a68                adc0_get_reading
 .text.lpc_timer_get_struct
                0x0000000000010adc       0x20 obj/lib/L2_Drivers/src/lpc_timers.o
 .text.lpc_timer_enable
                0x0000000000010afc       0x6c obj/lib/L2_Drivers/src/lpc_timers.o
                0x0000000000010afc                lpc_timer_enable
 .text._ZN12NordicStream5flushEv
                0x0000000000010b68       0x5c obj/lib/L2_Drivers/src/nrf_stream.o
                0x0000000000010b68                NordicStream::flush()
 .text._ZN12NordicStreamD2Ev
                0x0000000000010bc4       0x14 obj/lib/L2_Drivers/src/nrf_stream.o
                0x0000000000010bc4                NordicStream::~NordicStream()
                0x0000000000010bc4                NordicStream::~NordicStream()
 .text._ZN12NordicStreamD0Ev
                0x0000000000010bd8       0x12 obj/lib/L2_Drivers/src/nrf_stream.o
                0x0000000000010bd8                NordicStream::~NordicStream()
 .text._ZN12NordicStream7putCharEcj
                0x0000000000010bea       0x22 obj/lib/L2_Drivers/src/nrf_stream.o
                0x0000000000010bea                NordicStream::putChar(char, unsigned int)
 .text._ZN12NordicStream7getCharEPcj
                0x0000000000010c0c       0x44 obj/lib/L2_Drivers/src/nrf_stream.o
                0x0000000000010c0c                NordicStream::getChar(char*, unsigned int)
 .text._ZN12NordicStreamC2Ev
                0x0000000000010c50       0x40 obj/lib/L2_Drivers/src/nrf_stream.o
                0x0000000000010c50                NordicStream::NordicStream()
                0x0000000000010c50                NordicStream::NordicStream()
 .text._ZN4I2C24initEj
                0x0000000000010c90       0x68 obj/lib/L2_Drivers/src/i2c2.o
                0x0000000000010c90                I2C2::init(unsigned int)
 .text._ZN4I2C2C2Ev
                0x0000000000010cf8       0x14 obj/lib/L2_Drivers/src/i2c2.o
                0x0000000000010cf8                I2C2::I2C2()
                0x0000000000010cf8                I2C2::I2C2()
 .text.I2C2_IRQHandler
                0x0000000000010d0c       0x24 obj/lib/L2_Drivers/src/i2c2.o
                0x0000000000010d0c                I2C2_IRQHandler
 .text.handle_eint_list
                0x0000000000010d30       0x2c obj/lib/L2_Drivers/src/eint.o
 .text.eint3_enable.isra.0
                0x0000000000010d5c       0x38 obj/lib/L2_Drivers/src/eint.o
 .text.EINT3_IRQHandler
                0x0000000000010d94       0x80 obj/lib/L2_Drivers/src/eint.o
                0x0000000000010d94                EINT3_IRQHandler
 .text.eint3_enable_port0
                0x0000000000010e14       0x30 obj/lib/L2_Drivers/src/eint.o
                0x0000000000010e14                eint3_enable_port0
 .text.spi1_lock
                0x0000000000010e44       0x30 obj/lib/L2_Drivers/src/spi_sem.o
                0x0000000000010e44                spi1_lock
 .text.spi1_unlock
                0x0000000000010e74       0x24 obj/lib/L2_Drivers/src/spi_sem.o
                0x0000000000010e74                spi1_unlock
 .text.ssp1_dma_init
                0x0000000000010e98       0x1c obj/lib/L2_Drivers/src/spi_dma.o
                0x0000000000010e98                ssp1_dma_init
 .text.ssp1_dma_transfer_block
                0x0000000000010eb4       0xc0 obj/lib/L2_Drivers/src/spi_dma.o
                0x0000000000010eb4                ssp1_dma_transfer_block
 .text.RIT_IRQHandler
                0x0000000000010f74       0x1c obj/lib/L2_Drivers/src/lpc_rit.o
                0x0000000000010f74                RIT_IRQHandler
 .text.CAN_tx_now
                0x0000000000010f90       0x32 obj/lib/L2_Drivers/src/can.o
 *fill*         0x0000000000010fc2        0x2 ff
 .text.CAN_handle_isr
                0x0000000000010fc4       0xa4 obj/lib/L2_Drivers/src/can.o
 .text.CAN_IRQHandler
                0x0000000000011068       0x28 obj/lib/L2_Drivers/src/can.o
                0x0000000000011068                CAN_IRQHandler
 .text.rtc_gettime
                0x0000000000011090       0x48 obj/lib/L2_Drivers/src/rtc.o
                0x0000000000011090                rtc_gettime
 .text.rtc_settime
                0x00000000000110d8       0x68 obj/lib/L2_Drivers/src/rtc.o
                0x00000000000110d8                rtc_settime
 .text.rtc_init
                0x0000000000011140       0xd0 obj/lib/L2_Drivers/src/rtc.o
                0x0000000000011140                rtc_init
 .text.rtc_get_date_time_str
                0x0000000000011210       0x14 obj/lib/L2_Drivers/src/rtc.o
                0x0000000000011210                rtc_get_date_time_str
 .text._ZN5Uart2D2Ev
                0x0000000000011224       0x14 obj/lib/L2_Drivers/src/uart2.o
                0x0000000000011224                Uart2::~Uart2()
                0x0000000000011224                Uart2::~Uart2()
 .text._ZN5Uart2D0Ev
                0x0000000000011238       0x12 obj/lib/L2_Drivers/src/uart2.o
                0x0000000000011238                Uart2::~Uart2()
 *fill*         0x000000000001124a        0x2 ff
 .text._ZN5Uart2C2Ev
                0x000000000001124c       0x1c obj/lib/L2_Drivers/src/uart2.o
                0x000000000001124c                Uart2::Uart2()
                0x000000000001124c                Uart2::Uart2()
 .text.UART2_IRQHandler
                0x0000000000011268       0x24 obj/lib/L2_Drivers/src/uart2.o
                0x0000000000011268                UART2_IRQHandler
 .text._ZN5Uart0D2Ev
                0x000000000001128c       0x14 obj/lib/L2_Drivers/src/uart0.o
                0x000000000001128c                Uart0::~Uart0()
                0x000000000001128c                Uart0::~Uart0()
 .text._ZN5Uart0D0Ev
                0x00000000000112a0       0x12 obj/lib/L2_Drivers/src/uart0.o
                0x00000000000112a0                Uart0::~Uart0()
 *fill*         0x00000000000112b2        0x2 ff
 .text._ZN5Uart04initEjii
                0x00000000000112b4       0x40 obj/lib/L2_Drivers/src/uart0.o
                0x00000000000112b4                Uart0::init(unsigned int, int, int)
 .text._ZN5Uart0C2Ev
                0x00000000000112f4       0x1c obj/lib/L2_Drivers/src/uart0.o
                0x00000000000112f4                Uart0::Uart0()
                0x00000000000112f4                Uart0::Uart0()
 .text.UART0_IRQHandler
                0x0000000000011310       0x24 obj/lib/L2_Drivers/src/uart0.o
                0x0000000000011310                UART0_IRQHandler
 .text._ZN5Uart3D2Ev
                0x0000000000011334       0x14 obj/lib/L2_Drivers/src/uart3.o
                0x0000000000011334                Uart3::~Uart3()
                0x0000000000011334                Uart3::~Uart3()
 .text._ZN5Uart3D0Ev
                0x0000000000011348       0x12 obj/lib/L2_Drivers/src/uart3.o
                0x0000000000011348                Uart3::~Uart3()
 *fill*         0x000000000001135a        0x2 ff
 .text._ZN5Uart3C2Ev
                0x000000000001135c       0x1c obj/lib/L2_Drivers/src/uart3.o
                0x000000000001135c                Uart3::Uart3()
                0x000000000001135c                Uart3::Uart3()
 .text.UART3_IRQHandler
                0x0000000000011378       0x24 obj/lib/L2_Drivers/src/uart3.o
                0x0000000000011378                UART3_IRQHandler
 .text.mem_cpy  0x000000000001139c       0x38 obj/lib/L4_IO/fat/ff.o
 .text.mem_set  0x00000000000113d4        0xe obj/lib/L4_IO/fat/ff.o
 .text.sum_sfn  0x00000000000113e2       0x1e obj/lib/L4_IO/fat/ff.o
 .text.get_ldnumber
                0x0000000000011400       0x3a obj/lib/L4_IO/fat/ff.o
 .text.get_fileinfo
                0x000000000001143a       0xc4 obj/lib/L4_IO/fat/ff.o
 .text.sync_window.part.1
                0x00000000000114fe       0x46 obj/lib/L4_IO/fat/ff.o
 .text.sync_window
                0x0000000000011544        0xc obj/lib/L4_IO/fat/ff.o
 .text.sync_fs  0x0000000000011550       0x74 obj/lib/L4_IO/fat/ff.o
 .text.move_window
                0x00000000000115c4       0x34 obj/lib/L4_IO/fat/ff.o
 .text.check_fs
                0x00000000000115f8       0x4c obj/lib/L4_IO/fat/ff.o
 .text.find_volume
                0x0000000000011644      0x21c obj/lib/L4_IO/fat/ff.o
 .text.validate
                0x0000000000011860       0x3a obj/lib/L4_IO/fat/ff.o
 .text.unlock_fs
                0x000000000001189a       0x1a obj/lib/L4_IO/fat/ff.o
 .text.clust2sect
                0x00000000000118b4       0x16 obj/lib/L4_IO/fat/ff.o
                0x00000000000118b4                clust2sect
 .text.get_fat  0x00000000000118ca       0xa6 obj/lib/L4_IO/fat/ff.o
                0x00000000000118ca                get_fat
 .text.dir_sdi  0x0000000000011970       0x80 obj/lib/L4_IO/fat/ff.o
 .text.put_fat  0x00000000000119f0       0xd2 obj/lib/L4_IO/fat/ff.o
                0x00000000000119f0                put_fat
 .text.create_chain
                0x0000000000011ac2       0xa0 obj/lib/L4_IO/fat/ff.o
 .text.dir_next
                0x0000000000011b62       0xec obj/lib/L4_IO/fat/ff.o
 *fill*         0x0000000000011c4e        0x2 ff
 .text.dir_find.part.9
                0x0000000000011c50      0x120 obj/lib/L4_IO/fat/ff.o
 .text.follow_path
                0x0000000000011d70      0x270 obj/lib/L4_IO/fat/ff.o
 .text.dir_register
                0x0000000000011fe0      0x238 obj/lib/L4_IO/fat/ff.o
 .text.dir_remove
                0x0000000000012218       0x5a obj/lib/L4_IO/fat/ff.o
 *fill*         0x0000000000012272        0x2 ff
 .text.dir_read.constprop.11
                0x0000000000012274       0xe8 obj/lib/L4_IO/fat/ff.o
 .text.remove_chain
                0x000000000001235c       0x58 obj/lib/L4_IO/fat/ff.o
 .text.f_mount  0x00000000000123b4       0x7c obj/lib/L4_IO/fat/ff.o
                0x00000000000123b4                f_mount
 .text.f_open   0x0000000000012430      0x12e obj/lib/L4_IO/fat/ff.o
                0x0000000000012430                f_open
 .text.f_read   0x000000000001255e      0x170 obj/lib/L4_IO/fat/ff.o
                0x000000000001255e                f_read
 .text.f_write  0x00000000000126ce      0x1ac obj/lib/L4_IO/fat/ff.o
                0x00000000000126ce                f_write
 .text.f_sync   0x000000000001287a       0x8a obj/lib/L4_IO/fat/ff.o
                0x000000000001287a                f_sync
 .text.f_close  0x0000000000012904       0x24 obj/lib/L4_IO/fat/ff.o
                0x0000000000012904                f_close
 .text.f_lseek  0x0000000000012928      0x14e obj/lib/L4_IO/fat/ff.o
                0x0000000000012928                f_lseek
 .text.f_opendir
                0x0000000000012a76       0x86 obj/lib/L4_IO/fat/ff.o
                0x0000000000012a76                f_opendir
 .text.f_readdir
                0x0000000000012afc       0x5e obj/lib/L4_IO/fat/ff.o
                0x0000000000012afc                f_readdir
 .text.f_getfree
                0x0000000000012b5a       0xc8 obj/lib/L4_IO/fat/ff.o
                0x0000000000012b5a                f_getfree
 .text.f_unlink
                0x0000000000012c22       0xbe obj/lib/L4_IO/fat/ff.o
                0x0000000000012c22                f_unlink
 .text.f_mkdir  0x0000000000012ce0      0x152 obj/lib/L4_IO/fat/ff.o
                0x0000000000012ce0                f_mkdir
 .text.f_rename
                0x0000000000012e32      0x11e obj/lib/L4_IO/fat/ff.o
                0x0000000000012e32                f_rename
 .text.f_mkfs   0x0000000000012f50      0x4f4 obj/lib/L4_IO/fat/ff.o
                0x0000000000012f50                f_mkfs
 .text.ff_cre_syncobj
                0x0000000000013444       0x14 obj/lib/L4_IO/fat/option/reentrant.o
                0x0000000000013444                ff_cre_syncobj
 .text.ff_del_syncobj
                0x0000000000013458        0x4 obj/lib/L4_IO/fat/option/reentrant.o
                0x0000000000013458                ff_del_syncobj
 .text.ff_req_grant
                0x000000000001345c       0x26 obj/lib/L4_IO/fat/option/reentrant.o
                0x000000000001345c                ff_req_grant
 .text.ff_rel_grant
                0x0000000000013482       0x1e obj/lib/L4_IO/fat/option/reentrant.o
                0x0000000000013482                ff_rel_grant
 .text.ff_convert
                0x00000000000134a0       0x3c obj/lib/L4_IO/fat/option/ccsbcs.o
                0x00000000000134a0                ff_convert
 .text.ff_wtoupper
                0x00000000000134dc       0x24 obj/lib/L4_IO/fat/option/ccsbcs.o
                0x00000000000134dc                ff_wtoupper
 .text.get_fattime
                0x0000000000013500       0x52 obj/lib/L4_IO/fat/fatfs_time.o
                0x0000000000013500                get_fattime
 .text.sys_get_uptime_ms
                0x0000000000013552       0x12 obj/lib/L4_IO/fat/disk/sd.o
 .text.ssp1_set_max_clock
                0x0000000000013564       0x30 obj/lib/L4_IO/fat/disk/sd.o
 .text.ssp1_exchange_byte
                0x0000000000013594       0x14 obj/lib/L4_IO/fat/disk/sd.o
 .text.wait_ready
                0x00000000000135a8       0x2e obj/lib/L4_IO/fat/disk/sd.o
                0x00000000000135a8                wait_ready
 *fill*         0x00000000000135d6        0x2 ff
 .text.power_off
                0x00000000000135d8       0x24 obj/lib/L4_IO/fat/disk/sd.o
                0x00000000000135d8                power_off
 .text.rcvr_datablock
                0x00000000000135fc       0x8c obj/lib/L4_IO/fat/disk/sd.o
                0x00000000000135fc                rcvr_datablock
 .text.xmit_datablock
                0x0000000000013688       0x4c obj/lib/L4_IO/fat/disk/sd.o
                0x0000000000013688                xmit_datablock
 .text.send_cmd
                0x00000000000136d4       0x8c obj/lib/L4_IO/fat/disk/sd.o
                0x00000000000136d4                send_cmd
 .text.sd_update_card_status
                0x0000000000013760       0x24 obj/lib/L4_IO/fat/disk/sd.o
                0x0000000000013760                sd_update_card_status
 .text.sd_initialize
                0x0000000000013784      0x16c obj/lib/L4_IO/fat/disk/sd.o
                0x0000000000013784                sd_initialize
 .text.sd_status
                0x00000000000138f0       0x10 obj/lib/L4_IO/fat/disk/sd.o
                0x00000000000138f0                sd_status
 .text.sd_read  0x0000000000013900       0x98 obj/lib/L4_IO/fat/disk/sd.o
                0x0000000000013900                sd_read
 .text.sd_write
                0x0000000000013998       0xb4 obj/lib/L4_IO/fat/disk/sd.o
                0x0000000000013998                sd_write
 .text.sd_ioctl
                0x0000000000013a4c      0x21c obj/lib/L4_IO/fat/disk/sd.o
                0x0000000000013a4c                sd_ioctl
 .text._ZL24flash_get_mem_size_bytesv
                0x0000000000013c68       0x20 obj/lib/L4_IO/fat/disk/spi_flash.o
 .text._ZL37flash_perform_page_io_of_fatfs_sectorPFvPhmmES_m
                0x0000000000013c88       0x74 obj/lib/L4_IO/fat/disk/spi_flash.o
 .text.ssp1_exchange_data
                0x0000000000013cfc       0xac obj/lib/L4_IO/fat/disk/spi_flash.o
 .text._ZL18flash_send_op_addr14flash_opcode_tm
                0x0000000000013da8       0x26 obj/lib/L4_IO/fat/disk/spi_flash.o
 *fill*         0x0000000000013dce        0x2 ff
 .text._ZL15flash_read_pagePhmm
                0x0000000000013dd0       0x44 obj/lib/L4_IO/fat/disk/spi_flash.o
 .text._ZL20flash_wait_for_readyv
                0x0000000000013e14       0x40 obj/lib/L4_IO/fat/disk/spi_flash.o
 .text.flash_initialize
                0x0000000000013e54       0x98 obj/lib/L4_IO/fat/disk/spi_flash.o
                0x0000000000013e54                flash_initialize
 .text.flash_read_sectors
                0x0000000000013eec       0x50 obj/lib/L4_IO/fat/disk/spi_flash.o
                0x0000000000013eec                flash_read_sectors
 .text.flash_write_sectors
                0x0000000000013f3c       0x4c obj/lib/L4_IO/fat/disk/spi_flash.o
                0x0000000000013f3c                flash_write_sectors
 .text.flash_ioctl
                0x0000000000013f88       0x36 obj/lib/L4_IO/fat/disk/spi_flash.o
                0x0000000000013f88                flash_ioctl
 *fill*         0x0000000000013fbe        0x2 ff
 .text.flash_write_permanent_id
                0x0000000000013fc0       0x44 obj/lib/L4_IO/fat/disk/spi_flash.o
                0x0000000000013fc0                flash_write_permanent_id
 .text.flash_read_permanent_id
                0x0000000000014004       0x28 obj/lib/L4_IO/fat/disk/spi_flash.o
                0x0000000000014004                flash_read_permanent_id
 .text.flash_get_page_count
                0x000000000001402c       0x20 obj/lib/L4_IO/fat/disk/spi_flash.o
                0x000000000001402c                flash_get_page_count
 .text.flash_get_page_size
                0x000000000001404c        0xc obj/lib/L4_IO/fat/disk/spi_flash.o
                0x000000000001404c                flash_get_page_size
 .text.flash_supports_metadata
                0x0000000000014058       0x10 obj/lib/L4_IO/fat/disk/spi_flash.o
                0x0000000000014058                flash_supports_metadata
 .text._ZL16flash_write_pagePhmm
                0x0000000000014068       0x8c obj/lib/L4_IO/fat/disk/spi_flash.o
 .text.flash_get_page_write_count
                0x00000000000140f4       0x54 obj/lib/L4_IO/fat/disk/spi_flash.o
                0x00000000000140f4                flash_get_page_write_count
 .text.flash_chip_erase
                0x0000000000014148       0x2c obj/lib/L4_IO/fat/disk/spi_flash.o
                0x0000000000014148                flash_chip_erase
 .text.disk_initialize
                0x0000000000014174       0x26 obj/lib/L4_IO/fat/disk/diskio.o
                0x0000000000014174                disk_initialize
 .text.disk_status
                0x000000000001419a       0x10 obj/lib/L4_IO/fat/disk/diskio.o
                0x000000000001419a                disk_status
 .text.disk_read
                0x00000000000141aa       0x38 obj/lib/L4_IO/fat/disk/diskio.o
                0x00000000000141aa                disk_read
 .text.disk_write
                0x00000000000141e2       0x38 obj/lib/L4_IO/fat/disk/diskio.o
                0x00000000000141e2                disk_write
 .text.disk_ioctl
                0x000000000001421a       0x32 obj/lib/L4_IO/fat/disk/diskio.o
                0x000000000001421a                disk_ioctl
 .text._ZN7Storage4copyEPKcS1_PjS2_S2_
                0x000000000001424c       0xf0 obj/lib/L4_IO/src/storage.o
                0x000000000001424c                Storage::copy(char const*, char const*, unsigned int*, unsigned int*, unsigned int*)
 .text._ZN7Storage4readEPKcPvjj
                0x000000000001433c       0x44 obj/lib/L4_IO/src/storage.o
                0x000000000001433c                Storage::read(char const*, void*, unsigned int, unsigned int)
 .text._ZN7Storage5writeEPKcPvjj
                0x0000000000014380       0x44 obj/lib/L4_IO/src/storage.o
                0x0000000000014380                Storage::write(char const*, void*, unsigned int, unsigned int)
 .text._ZN7Storage6appendEPKcPKvjj
                0x00000000000143c4       0x48 obj/lib/L4_IO/src/storage.o
                0x00000000000143c4                Storage::append(char const*, void const*, unsigned int, unsigned int)
 .text._ZN11i2c2_device8writeRegEhh
                0x000000000001440c        0xc obj/lib/L4_IO/src/io_source.o
                0x000000000001440c                i2c2_device::writeReg(unsigned char, unsigned char)
 .text._ZN11i2c2_device16get16BitRegisterEh
                0x0000000000014418       0x2a obj/lib/L4_IO/src/io_source.o
                0x0000000000014418                i2c2_device::get16BitRegister(unsigned char)
 .text._ZN19Acceleration_Sensor4initEv
                0x0000000000014442       0x20 obj/lib/L4_IO/src/io_source.o
                0x0000000000014442                Acceleration_Sensor::init()
 *fill*         0x0000000000014462        0x2 ff
 .text._ZN9IR_Sensor11storeIrCodeEm
                0x0000000000014464       0x1c obj/lib/L4_IO/src/io_source.o
                0x0000000000014464                IR_Sensor::storeIrCode(unsigned long)
 .text._ZN9IR_Sensor12decodeIrCodeEv
                0x0000000000014480       0x64 obj/lib/L4_IO/src/io_source.o
                0x0000000000014480                IR_Sensor::decodeIrCode()
 .text._ZN9IR_Sensor4initEv
                0x00000000000144e4       0x34 obj/lib/L4_IO/src/io_source.o
                0x00000000000144e4                IR_Sensor::init()
 .text._ZN11LED_Display12setLeftDigitEc
                0x0000000000014518       0x18 obj/lib/L4_IO/src/io_source.o
                0x0000000000014518                LED_Display::setLeftDigit(char)
 .text._ZN11LED_Display13setRightDigitEc
                0x0000000000014530       0x18 obj/lib/L4_IO/src/io_source.o
                0x0000000000014530                LED_Display::setRightDigit(char)
 .text._ZN11LED_Display4initEv
                0x0000000000014548       0x38 obj/lib/L4_IO/src/io_source.o
                0x0000000000014548                LED_Display::init()
 .text._ZN11LED_Display9setNumberEc
                0x0000000000014580       0x3a obj/lib/L4_IO/src/io_source.o
                0x0000000000014580                LED_Display::setNumber(char)
 .text._ZN3LED4initEv
                0x00000000000145ba        0x4 obj/lib/L4_IO/src/io_source.o
                0x00000000000145ba                LED::init()
 *fill*         0x00000000000145be        0x2 ff
 .text._ZN3LED6setAllEh
                0x00000000000145c0       0x50 obj/lib/L4_IO/src/io_source.o
                0x00000000000145c0                LED::setAll(unsigned char)
 .text._ZN3LED6toggleEh
                0x0000000000014610       0x26 obj/lib/L4_IO/src/io_source.o
                0x0000000000014610                LED::toggle(unsigned char)
 .text._ZN12Light_Sensor4initEv
                0x0000000000014636        0x4 obj/lib/L4_IO/src/io_source.o
                0x0000000000014636                Light_Sensor::init()
 .text._ZN12Light_Sensor11getRawValueEv
                0x000000000001463a        0x6 obj/lib/L4_IO/src/io_source.o
                0x000000000001463a                Light_Sensor::getRawValue()
 .text._ZN8Switches4initEv
                0x0000000000014640        0x4 obj/lib/L4_IO/src/io_source.o
                0x0000000000014640                Switches::init()
 .text._ZN8Switches15getSwitchValuesEv
                0x0000000000014644       0x18 obj/lib/L4_IO/src/io_source.o
                0x0000000000014644                Switches::getSwitchValues()
 .text._ZN8I2C_Temp4initEv
                0x000000000001465c       0x22 obj/lib/L4_IO/src/io_source.o
                0x000000000001465c                I2C_Temp::init()
 .text._ZN8I2C_Temp10getCelsiusEv
                0x000000000001467e       0x30 obj/lib/L4_IO/src/io_source.o
                0x000000000001467e                I2C_Temp::getCelsius()
 *fill*         0x00000000000146ae        0x2 ff
 .text._ZN8I2C_Temp12getFarenheitEv
                0x00000000000146b0       0x24 obj/lib/L4_IO/src/io_source.o
                0x00000000000146b0                I2C_Temp::getFarenheit()
 .text.mesh_incr_soft_timers_for_arr
                0x00000000000146d4       0x26 obj/lib/L4_IO/wireless/src/mesh.o
 *fill*         0x00000000000146fa        0x2 ff
 .text.mesh_update_soft_timers
                0x00000000000146fc       0x4c obj/lib/L4_IO/wireless/src/mesh.o
 .text.mesh_send_packet
                0x0000000000014748       0x3c obj/lib/L4_IO/wireless/src/mesh.o
 .text.mesh_send_retry_packet
                0x0000000000014784       0x34 obj/lib/L4_IO/wireless/src/mesh.o
 .text.mesh_find_rte_tbl_entry
                0x00000000000147b8       0x24 obj/lib/L4_IO/wireless/src/mesh.o
 .text.mesh_update_rte_scores
                0x00000000000147dc       0x28 obj/lib/L4_IO/wireless/src/mesh.o
 .text.mesh_get_pnd_pkt_slot
                0x0000000000014804       0x40 obj/lib/L4_IO/wireless/src/mesh.o
 .text.mesh_pending_packets_add
                0x0000000000014844       0x90 obj/lib/L4_IO/wireless/src/mesh.o
 .text.mesh_get_rte_to_modify
                0x00000000000148d4       0x58 obj/lib/L4_IO/wireless/src/mesh.o
 .text.mesh_handle_pnd_pkts_for_arr
                0x000000000001492c      0x178 obj/lib/L4_IO/wireless/src/mesh.o
 .text.mesh_set_node_address
                0x0000000000014aa4       0x18 obj/lib/L4_IO/wireless/src/mesh.o
                0x0000000000014aa4                mesh_set_node_address
 .text.mesh_get_node_address
                0x0000000000014abc        0xc obj/lib/L4_IO/wireless/src/mesh.o
                0x0000000000014abc                mesh_get_node_address
 .text.mesh_set_retry_count
                0x0000000000014ac8       0x10 obj/lib/L4_IO/wireless/src/mesh.o
                0x0000000000014ac8                mesh_set_retry_count
 .text.mesh_form_pkt
                0x0000000000014ad8       0xf8 obj/lib/L4_IO/wireless/src/mesh.o
                0x0000000000014ad8                mesh_form_pkt
 .text.mesh_send_formed_pkt
                0x0000000000014bd0       0x58 obj/lib/L4_IO/wireless/src/mesh.o
                0x0000000000014bd0                mesh_send_formed_pkt
 .text.mesh_init
                0x0000000000014c28      0x100 obj/lib/L4_IO/wireless/src/mesh.o
                0x0000000000014c28                mesh_init
 .text.mesh_send
                0x0000000000014d28       0x3e obj/lib/L4_IO/wireless/src/mesh.o
                0x0000000000014d28                mesh_send
 .text.mesh_send_ack
                0x0000000000014d66       0x1a obj/lib/L4_IO/wireless/src/mesh.o
 .text.mesh_get_routing_entry
                0x0000000000014d80       0x2c obj/lib/L4_IO/wireless/src/mesh.o
                0x0000000000014d80                mesh_get_routing_entry
 .text.mesh_get_num_routing_entries
                0x0000000000014dac       0x1c obj/lib/L4_IO/wireless/src/mesh.o
                0x0000000000014dac                mesh_get_num_routing_entries
 .text.mesh_service
                0x0000000000014dc8      0x2d0 obj/lib/L4_IO/wireless/src/mesh.o
                0x0000000000014dc8                mesh_service
 .text.mesh_get_pnd_pkt_count
                0x0000000000015098       0x34 obj/lib/L4_IO/wireless/src/mesh.o
                0x0000000000015098                mesh_get_pnd_pkt_count
 .text.mesh_get_max_timeout_before_packet_fails
                0x00000000000150cc       0x24 obj/lib/L4_IO/wireless/src/mesh.o
                0x00000000000150cc                mesh_get_max_timeout_before_packet_fails
 .text.mesh_get_stats
                0x00000000000150f0       0x14 obj/lib/L4_IO/wireless/src/mesh.o
                0x00000000000150f0                mesh_get_stats
 .text.nrf_driver_init
                0x0000000000015104       0x70 obj/lib/L4_IO/wireless/src/wireless.o
 .text.nrf_driver_app_recv
                0x0000000000015174       0x50 obj/lib/L4_IO/wireless/src/wireless.o
 .text.nrf_driver_send
                0x00000000000151c4       0x58 obj/lib/L4_IO/wireless/src/wireless.o
 .text.nrf_irq_callback
                0x000000000001521c       0x34 obj/lib/L4_IO/wireless/src/wireless.o
 .text.nrf_driver_receive
                0x0000000000015250       0x22 obj/lib/L4_IO/wireless/src/wireless.o
 .text.wireless_get_queued_pkt
                0x0000000000015272       0x66 obj/lib/L4_IO/wireless/src/wireless.o
 .text.nrf_driver_get_timer
                0x00000000000152d8       0x28 obj/lib/L4_IO/wireless/src/wireless.o
 .text.wireless_init
                0x0000000000015300       0x4c obj/lib/L4_IO/wireless/src/wireless.o
                0x0000000000015300                wireless_init
 .text.wireless_get_rx_pkt
                0x000000000001534c       0x10 obj/lib/L4_IO/wireless/src/wireless.o
                0x000000000001534c                wireless_get_rx_pkt
 .text.wireless_get_ack_pkt
                0x000000000001535c       0x10 obj/lib/L4_IO/wireless/src/wireless.o
                0x000000000001535c                wireless_get_ack_pkt
 .text.wireless_service
                0x000000000001536c       0x4c obj/lib/L4_IO/wireless/src/wireless.o
                0x000000000001536c                wireless_service
 .text.nordic_transfer
                0x00000000000153b8       0xe8 obj/lib/L4_IO/wireless/src/nrf24L01Plus.o
 .text.nordic_readRegister
                0x00000000000154a0       0x20 obj/lib/L4_IO/wireless/src/nrf24L01Plus.o
 .text.nordic_writeRegister
                0x00000000000154c0       0x1e obj/lib/L4_IO/wireless/src/nrf24L01Plus.o
 .text.nordic_is_tx_fifo_empty
                0x00000000000154de        0xe obj/lib/L4_IO/wireless/src/nrf24L01Plus.o
                0x00000000000154de                nordic_is_tx_fifo_empty
 .text.nordic_clear_all_intr_flags
                0x00000000000154ec        0x8 obj/lib/L4_IO/wireless/src/nrf24L01Plus.o
                0x00000000000154ec                nordic_clear_all_intr_flags
 .text.nordic_queue_tx_fifo
                0x00000000000154f4        0xc obj/lib/L4_IO/wireless/src/nrf24L01Plus.o
                0x00000000000154f4                nordic_queue_tx_fifo
 .text.nordic_standby1_to_tx_mode1
                0x0000000000015500       0x16 obj/lib/L4_IO/wireless/src/nrf24L01Plus.o
                0x0000000000015500                nordic_standby1_to_tx_mode1
 *fill*         0x0000000000015516        0x2 ff
 .text.nordic_rx_to_Stanby1
                0x0000000000015518       0x10 obj/lib/L4_IO/wireless/src/nrf24L01Plus.o
                0x0000000000015518                nordic_rx_to_Stanby1
 .text.nordic_standby1_to_rx
                0x0000000000015528       0x24 obj/lib/L4_IO/wireless/src/nrf24L01Plus.o
                0x0000000000015528                nordic_standby1_to_rx
 .text.nordic_clear_packet_sent_flag
                0x000000000001554c        0x8 obj/lib/L4_IO/wireless/src/nrf24L01Plus.o
                0x000000000001554c                nordic_clear_packet_sent_flag
 .text.nordic_flush_tx_fifo
                0x0000000000015554        0xc obj/lib/L4_IO/wireless/src/nrf24L01Plus.o
                0x0000000000015554                nordic_flush_tx_fifo
 .text.nordic_mode1_send_single_packet
                0x0000000000015560       0x4c obj/lib/L4_IO/wireless/src/nrf24L01Plus.o
                0x0000000000015560                nordic_mode1_send_single_packet
 .text.nordic_is_packet_available
                0x00000000000155ac       0x10 obj/lib/L4_IO/wireless/src/nrf24L01Plus.o
                0x00000000000155ac                nordic_is_packet_available
 .text.nordic_clear_packet_available_flag
                0x00000000000155bc        0x8 obj/lib/L4_IO/wireless/src/nrf24L01Plus.o
                0x00000000000155bc                nordic_clear_packet_available_flag
 .text.nordic_read_rx_fifo
                0x00000000000155c4       0x14 obj/lib/L4_IO/wireless/src/nrf24L01Plus.o
                0x00000000000155c4                nordic_read_rx_fifo
 .text.nordic_flush_rx_fifo
                0x00000000000155d8        0xc obj/lib/L4_IO/wireless/src/nrf24L01Plus.o
                0x00000000000155d8                nordic_flush_rx_fifo
 .text.nordic_set_intr_signals
                0x00000000000155e4       0x3e obj/lib/L4_IO/wireless/src/nrf24L01Plus.o
                0x00000000000155e4                nordic_set_intr_signals
 .text.nordic_set_crc
                0x0000000000015622       0x38 obj/lib/L4_IO/wireless/src/nrf24L01Plus.o
                0x0000000000015622                nordic_set_crc
 .text.nordic_power_up
                0x000000000001565a       0x18 obj/lib/L4_IO/wireless/src/nrf24L01Plus.o
                0x000000000001565a                nordic_power_up
 .text.nordic_power_down
                0x0000000000015672       0x16 obj/lib/L4_IO/wireless/src/nrf24L01Plus.o
                0x0000000000015672                nordic_power_down
 .text.nordic_set_channel
                0x0000000000015688       0x24 obj/lib/L4_IO/wireless/src/nrf24L01Plus.o
                0x0000000000015688                nordic_set_channel
 .text.nordic_set_air_data_rate
                0x00000000000156ac       0x2c obj/lib/L4_IO/wireless/src/nrf24L01Plus.o
                0x00000000000156ac                nordic_set_air_data_rate
 .text.nordic_set_power_level
                0x00000000000156d8       0x24 obj/lib/L4_IO/wireless/src/nrf24L01Plus.o
                0x00000000000156d8                nordic_set_power_level
 .text.nordic_set_auto_transmit_options
                0x00000000000156fc       0x2c obj/lib/L4_IO/wireless/src/nrf24L01Plus.o
                0x00000000000156fc                nordic_set_auto_transmit_options
 .text.nordic_set_payload_for_pipe
                0x0000000000015728       0x14 obj/lib/L4_IO/wireless/src/nrf24L01Plus.o
                0x0000000000015728                nordic_set_payload_for_pipe
 .text.nordic_set_addr_width
                0x000000000001573c       0x16 obj/lib/L4_IO/wireless/src/nrf24L01Plus.o
                0x000000000001573c                nordic_set_addr_width
 .text.nordic_set_tx_address
                0x0000000000015752        0xc obj/lib/L4_IO/wireless/src/nrf24L01Plus.o
                0x0000000000015752                nordic_set_tx_address
 .text.nordic_set_rx_pipe0_addr
                0x000000000001575e        0xc obj/lib/L4_IO/wireless/src/nrf24L01Plus.o
                0x000000000001575e                nordic_set_rx_pipe0_addr
 *fill*         0x000000000001576a        0x2 ff
 .text.nordic_init
                0x000000000001576c       0xc8 obj/lib/L4_IO/wireless/src/nrf24L01Plus.o
                0x000000000001576c                nordic_init
 .text.prvTaskExitError
                0x0000000000015834       0x12 obj/lib/L1_FreeRTOS/portable/no_mpu/port.o
 *fill*         0x0000000000015846        0x2 ff
 .text.prvPortStartFirstTask
                0x0000000000015848       0x20 obj/lib/L1_FreeRTOS/portable/no_mpu/port.o
 .text.pxPortInitialiseStack
                0x0000000000015868       0x24 obj/lib/L1_FreeRTOS/portable/no_mpu/port.o
                0x0000000000015868                pxPortInitialiseStack
 *fill*         0x000000000001588c        0x4 ff
 .text.vPortSVCHandler
                0x0000000000015890       0x24 obj/lib/L1_FreeRTOS/portable/no_mpu/port.o
                0x0000000000015890                vPortSVCHandler
 .text.vPortEndScheduler
                0x00000000000158b4        0x2 obj/lib/L1_FreeRTOS/portable/no_mpu/port.o
                0x00000000000158b4                vPortEndScheduler
 *fill*         0x00000000000158b6        0x2 ff
 .text.vPortEnterCritical
                0x00000000000158b8       0x20 obj/lib/L1_FreeRTOS/portable/no_mpu/port.o
                0x00000000000158b8                vPortEnterCritical
 .text.vPortExitCritical
                0x00000000000158d8       0x14 obj/lib/L1_FreeRTOS/portable/no_mpu/port.o
                0x00000000000158d8                vPortExitCritical
 *fill*         0x00000000000158ec        0x4 ff
 .text.xPortPendSVHandler
                0x00000000000158f0       0x44 obj/lib/L1_FreeRTOS/portable/no_mpu/port.o
                0x00000000000158f0                xPortPendSVHandler
 .text.xPortSysTickHandler
                0x0000000000015934       0x2c obj/lib/L1_FreeRTOS/portable/no_mpu/port.o
                0x0000000000015934                xPortSysTickHandler
 .text.vPortSetupTimerInterrupt
                0x0000000000015960       0x14 obj/lib/L1_FreeRTOS/portable/no_mpu/port.o
                0x0000000000015960                vPortSetupTimerInterrupt
 .text.xPortStartScheduler
                0x0000000000015974       0x30 obj/lib/L1_FreeRTOS/portable/no_mpu/port.o
                0x0000000000015974                xPortStartScheduler
 .text.rts_not_full_trace_init
                0x00000000000159a4       0x14 obj/lib/L1_FreeRTOS/portable/run_time_stats.o
                0x00000000000159a4                rts_not_full_trace_init
 .text.rts_not_full_trace_get
                0x00000000000159b8       0x14 obj/lib/L1_FreeRTOS/portable/run_time_stats.o
                0x00000000000159b8                rts_not_full_trace_get
 .text.rts_not_full_trace_reset
                0x00000000000159cc       0x14 obj/lib/L1_FreeRTOS/portable/run_time_stats.o
                0x00000000000159cc                rts_not_full_trace_reset
 .text.vApplicationIdleHook
                0x00000000000159e0        0x4 obj/lib/L1_FreeRTOS/hooks/hooks.o
                0x00000000000159e0                vApplicationIdleHook
 .text.vApplicationStackOverflowHook
                0x00000000000159e4       0x38 obj/lib/L1_FreeRTOS/hooks/hooks.o
                0x00000000000159e4                vApplicationStackOverflowHook
 .text.vApplicationMallocFailedHook
                0x0000000000015a1c       0x24 obj/lib/L1_FreeRTOS/hooks/hooks.o
                0x0000000000015a1c                vApplicationMallocFailedHook
 .text.pvPortMalloc
                0x0000000000015a40       0x1e obj/lib/L1_FreeRTOS/MemMang/freertos_mem_man.o
                0x0000000000015a40                pvPortMalloc
 .text.vPortFree
                0x0000000000015a5e       0x1a obj/lib/L1_FreeRTOS/MemMang/freertos_mem_man.o
                0x0000000000015a5e                vPortFree
 .text.prvResetRunTimeStatsInList
                0x0000000000015a78       0x2e obj/lib/L1_FreeRTOS/src/tasks.o
 *fill*         0x0000000000015aa6        0x2 ff
 .text.prvIdleTask
                0x0000000000015aa8       0x28 obj/lib/L1_FreeRTOS/src/tasks.o
 .text.prvResetNextTaskUnblockTime
                0x0000000000015ad0       0x24 obj/lib/L1_FreeRTOS/src/tasks.o
 .text.prvAddCurrentTaskToDelayedList
                0x0000000000015af4       0x8c obj/lib/L1_FreeRTOS/src/tasks.o
 .text.xTaskCreate
                0x0000000000015b80      0x1a4 obj/lib/L1_FreeRTOS/src/tasks.o
                0x0000000000015b80                xTaskCreate
 .text.eTaskGetState
                0x0000000000015d24       0x54 obj/lib/L1_FreeRTOS/src/tasks.o
                0x0000000000015d24                eTaskGetState
 .text.vTaskStartScheduler
                0x0000000000015d78       0x64 obj/lib/L1_FreeRTOS/src/tasks.o
                0x0000000000015d78                vTaskStartScheduler
 .text.vTaskEndScheduler
                0x0000000000015ddc       0x20 obj/lib/L1_FreeRTOS/src/tasks.o
                0x0000000000015ddc                vTaskEndScheduler
 .text.vTaskSuspendAll
                0x0000000000015dfc       0x10 obj/lib/L1_FreeRTOS/src/tasks.o
                0x0000000000015dfc                vTaskSuspendAll
 .text.xTaskGetTickCount
                0x0000000000015e0c        0xc obj/lib/L1_FreeRTOS/src/tasks.o
                0x0000000000015e0c                xTaskGetTickCount
 .text.xTaskGetTickCountFromISR
                0x0000000000015e18        0xc obj/lib/L1_FreeRTOS/src/tasks.o
                0x0000000000015e18                xTaskGetTickCountFromISR
 .text.uxTaskGetNumberOfTasks
                0x0000000000015e24        0xc obj/lib/L1_FreeRTOS/src/tasks.o
                0x0000000000015e24                uxTaskGetNumberOfTasks
 .text.xTaskIncrementTick
                0x0000000000015e30      0x10c obj/lib/L1_FreeRTOS/src/tasks.o
                0x0000000000015e30                xTaskIncrementTick
 .text.xTaskResumeAll
                0x0000000000015f3c       0xd8 obj/lib/L1_FreeRTOS/src/tasks.o
                0x0000000000015f3c                xTaskResumeAll
 .text.vTaskDelayUntil
                0x0000000000016014       0x58 obj/lib/L1_FreeRTOS/src/tasks.o
                0x0000000000016014                vTaskDelayUntil
 .text.vTaskDelay
                0x000000000001606c       0x30 obj/lib/L1_FreeRTOS/src/tasks.o
                0x000000000001606c                vTaskDelay
 .text.vTaskSwitchContext
                0x000000000001609c       0xb8 obj/lib/L1_FreeRTOS/src/tasks.o
                0x000000000001609c                vTaskSwitchContext
 .text.vTaskSuspend
                0x0000000000016154       0xb0 obj/lib/L1_FreeRTOS/src/tasks.o
                0x0000000000016154                vTaskSuspend
 .text.vTaskPlaceOnEventList
                0x0000000000016204       0x20 obj/lib/L1_FreeRTOS/src/tasks.o
                0x0000000000016204                vTaskPlaceOnEventList
 .text.xTaskRemoveFromEventList
                0x0000000000016224       0x70 obj/lib/L1_FreeRTOS/src/tasks.o
                0x0000000000016224                xTaskRemoveFromEventList
 .text.vTaskSetTimeOutState
                0x0000000000016294       0x18 obj/lib/L1_FreeRTOS/src/tasks.o
                0x0000000000016294                vTaskSetTimeOutState
 .text.xTaskCheckForTimeOut
                0x00000000000162ac       0x4c obj/lib/L1_FreeRTOS/src/tasks.o
                0x00000000000162ac                xTaskCheckForTimeOut
 .text.vTaskMissedYield
                0x00000000000162f8        0xc obj/lib/L1_FreeRTOS/src/tasks.o
                0x00000000000162f8                vTaskMissedYield
 .text.vTaskGetInfo
                0x0000000000016304       0x80 obj/lib/L1_FreeRTOS/src/tasks.o
                0x0000000000016304                vTaskGetInfo
 .text.prvListTasksWithinSingleList
                0x0000000000016384       0x5c obj/lib/L1_FreeRTOS/src/tasks.o
 .text.uxTaskGetSystemState
                0x00000000000163e0       0x98 obj/lib/L1_FreeRTOS/src/tasks.o
                0x00000000000163e0                uxTaskGetSystemState
 .text.uxTaskGetStackHighWaterMark
                0x0000000000016478       0x20 obj/lib/L1_FreeRTOS/src/tasks.o
                0x0000000000016478                uxTaskGetStackHighWaterMark
 .text.xTaskGetSchedulerState
                0x0000000000016498       0x20 obj/lib/L1_FreeRTOS/src/tasks.o
                0x0000000000016498                xTaskGetSchedulerState
 .text.vTaskPriorityInherit
                0x00000000000164b8       0x90 obj/lib/L1_FreeRTOS/src/tasks.o
                0x00000000000164b8                vTaskPriorityInherit
 .text.xTaskPriorityDisinherit
                0x0000000000016548       0x70 obj/lib/L1_FreeRTOS/src/tasks.o
                0x0000000000016548                xTaskPriorityDisinherit
 .text.pvTaskIncrementMutexHeldCount
                0x00000000000165b8       0x18 obj/lib/L1_FreeRTOS/src/tasks.o
                0x00000000000165b8                pvTaskIncrementMutexHeldCount
 .text.vTaskResetRunTimeStats
                0x00000000000165d0       0x68 obj/lib/L1_FreeRTOS/src/tasks.o
                0x00000000000165d0                vTaskResetRunTimeStats
 .text.vRunTimeStatIsrEntry
                0x0000000000016638       0x28 obj/lib/L1_FreeRTOS/src/tasks.o
                0x0000000000016638                vRunTimeStatIsrEntry
 .text.vRunTimeStatIsrExit
                0x0000000000016660       0x10 obj/lib/L1_FreeRTOS/src/tasks.o
                0x0000000000016660                vRunTimeStatIsrExit
 .text.vListInitialise
                0x0000000000016670       0x16 obj/lib/L1_FreeRTOS/src/list.o
                0x0000000000016670                vListInitialise
 .text.vListInitialiseItem
                0x0000000000016686        0x6 obj/lib/L1_FreeRTOS/src/list.o
                0x0000000000016686                vListInitialiseItem
 .text.vListInsertEnd
                0x000000000001668c       0x18 obj/lib/L1_FreeRTOS/src/list.o
                0x000000000001668c                vListInsertEnd
 .text.vListInsert
                0x00000000000166a4       0x2e obj/lib/L1_FreeRTOS/src/list.o
                0x00000000000166a4                vListInsert
 .text.uxListRemove
                0x00000000000166d2       0x20 obj/lib/L1_FreeRTOS/src/list.o
                0x00000000000166d2                uxListRemove
 .text.prvCopyDataToQueue
                0x00000000000166f2       0x66 obj/lib/L1_FreeRTOS/src/queue.o
 .text.prvNotifyQueueSetContainer
                0x0000000000016758       0x4a obj/lib/L1_FreeRTOS/src/queue.o
 .text.prvCopyDataFromQueue
                0x00000000000167a2       0x28 obj/lib/L1_FreeRTOS/src/queue.o
 .text.prvUnlockQueue
                0x00000000000167ca       0x7e obj/lib/L1_FreeRTOS/src/queue.o
 .text.xQueueGenericReset
                0x0000000000016848       0x6c obj/lib/L1_FreeRTOS/src/queue.o
                0x0000000000016848                xQueueGenericReset
 .text.xQueueGenericCreate
                0x00000000000168b4       0x32 obj/lib/L1_FreeRTOS/src/queue.o
                0x00000000000168b4                xQueueGenericCreate
 .text.xQueueCreateCountingSemaphore
                0x00000000000168e6       0x12 obj/lib/L1_FreeRTOS/src/queue.o
                0x00000000000168e6                xQueueCreateCountingSemaphore
 .text.xQueueGenericSend
                0x00000000000168f8      0x104 obj/lib/L1_FreeRTOS/src/queue.o
                0x00000000000168f8                xQueueGenericSend
 .text.xQueueCreateMutex
                0x00000000000169fc       0x24 obj/lib/L1_FreeRTOS/src/queue.o
                0x00000000000169fc                xQueueCreateMutex
 .text.xQueueGenericSendFromISR
                0x0000000000016a20       0x80 obj/lib/L1_FreeRTOS/src/queue.o
                0x0000000000016a20                xQueueGenericSendFromISR
 .text.xQueueGiveFromISR
                0x0000000000016aa0       0x68 obj/lib/L1_FreeRTOS/src/queue.o
                0x0000000000016aa0                xQueueGiveFromISR
 .text.xQueueGenericReceive
                0x0000000000016b08      0x134 obj/lib/L1_FreeRTOS/src/queue.o
                0x0000000000016b08                xQueueGenericReceive
 .text.xQueueReceiveFromISR
                0x0000000000016c3c       0x68 obj/lib/L1_FreeRTOS/src/queue.o
                0x0000000000016c3c                xQueueReceiveFromISR
 .text.uxQueueMessagesWaiting
                0x0000000000016ca4       0x12 obj/lib/L1_FreeRTOS/src/queue.o
                0x0000000000016ca4                uxQueueMessagesWaiting
 .text.uxQueueMessagesWaitingFromISR
                0x0000000000016cb6        0x4 obj/lib/L1_FreeRTOS/src/queue.o
                0x0000000000016cb6                uxQueueMessagesWaitingFromISR
 .text.xQueueSelectFromSet
                0x0000000000016cba       0x18 obj/lib/L1_FreeRTOS/src/queue.o
                0x0000000000016cba                xQueueSelectFromSet
 *fill*         0x0000000000016cd2        0x2 ff
 .text.lpc_sys_setup_system_timer
                0x0000000000016cd4       0x54 obj/lib/L0_LowLevel/source/lpc_sys.o
                0x0000000000016cd4                lpc_sys_setup_system_timer
 .text.sys_get_uptime_us
                0x0000000000016d28       0x2c obj/lib/L0_LowLevel/source/lpc_sys.o
                0x0000000000016d28                sys_get_uptime_us
 .text.sys_get_mem_info_str
                0x0000000000016d54       0x38 obj/lib/L0_LowLevel/source/lpc_sys.o
                0x0000000000016d54                sys_get_mem_info_str
 .text._ZN17SingletonTemplateI9IR_SensorE11getInstanceEv
                0x0000000000016d8c       0x18 obj/lib/L0_LowLevel/source/lpc_sys.o
                0x0000000000016d8c                SingletonTemplate<IR_Sensor>::getInstance()
 .text.TIMER1_IRQHandler
                0x0000000000016da4       0xbc obj/lib/L0_LowLevel/source/lpc_sys.o
                0x0000000000016da4                TIMER1_IRQHandler
 .text.isr_forwarder_routine
                0x0000000000016e60       0x3c obj/lib/L0_LowLevel/source/startup.o
 .text.isr_hard_fault_handler
                0x0000000000016e9c       0x58 obj/lib/L0_LowLevel/source/startup.o
                0x0000000000016e9c                isr_hard_fault_handler
 .text.uart0_init
                0x0000000000016ef4       0x60 obj/lib/L0_LowLevel/source/uart0_min.o
                0x0000000000016ef4                uart0_init
 .text.uart0_getchar
                0x0000000000016f54       0x18 obj/lib/L0_LowLevel/source/uart0_min.o
                0x0000000000016f54                uart0_getchar
 .text.uart0_putchar
                0x0000000000016f6c       0x18 obj/lib/L0_LowLevel/source/uart0_min.o
                0x0000000000016f6c                uart0_putchar
 .text.uart0_puts
                0x0000000000016f84       0x1a obj/lib/L0_LowLevel/source/uart0_min.o
                0x0000000000016f84                uart0_puts
 *fill*         0x0000000000016f9e        0x2 ff
 .text.sys_get_boot_type
                0x0000000000016fa0        0xc obj/lib/L0_LowLevel/source/low_level_init.o
                0x0000000000016fa0                sys_get_boot_type
 .text.sys_get_boot_time
                0x0000000000016fac       0x14 obj/lib/L0_LowLevel/source/low_level_init.o
                0x0000000000016fac                sys_get_boot_time
 .text._Z14low_level_initv
                0x0000000000016fc0      0x240 obj/lib/L0_LowLevel/source/low_level_init.o
                0x0000000000016fc0                low_level_init()
 .text.lpc_pconp
                0x0000000000017200       0x34 obj/lib/L0_LowLevel/source/lpc_peripherals.o
                0x0000000000017200                lpc_pconp
 .text.lpc_pclk
                0x0000000000017234       0x48 obj/lib/L0_LowLevel/source/lpc_peripherals.o
                0x0000000000017234                lpc_pclk
 .text.__set_PSP
                0x000000000001727c        0x6 obj/lib/L0_LowLevel/source/core_cm3.o
                0x000000000001727c                __set_PSP
 .text.__set_MSP
                0x0000000000017282        0x6 obj/lib/L0_LowLevel/source/core_cm3.o
                0x0000000000017282                __set_MSP
 .text.__set_BASEPRI
                0x0000000000017288        0x6 obj/lib/L0_LowLevel/source/core_cm3.o
                0x0000000000017288                __set_BASEPRI
 *fill*         0x000000000001728e        0x2 ff
 .text._ZL19sys_clock_pll0_feedv
                0x0000000000017290       0x14 obj/lib/L0_LowLevel/source/sys_clock.o
 .text._ZL23sys_clock_configure_plljjPiS_S_.constprop.0
                0x00000000000172a4       0x78 obj/lib/L0_LowLevel/source/sys_clock.o
 .text._Z19sys_clock_configurev
                0x000000000001731c       0xb4 obj/lib/L0_LowLevel/source/sys_clock.o
                0x000000000001731c                sys_clock_configure()
 .text.sys_get_cpu_clock
                0x00000000000173d0       0xa8 obj/lib/L0_LowLevel/source/sys_clock.o
                0x00000000000173d0                sys_get_cpu_clock
 .text._gettimeofday
                0x0000000000017478       0x7a obj/lib/newlib/newlib_time.o
                0x0000000000017478                _gettimeofday
 .text.remap_fatfs_errors
                0x00000000000174f2       0x56 obj/lib/newlib/newlib_syscalls.o
 .text.findslot
                0x0000000000017548       0x4c obj/lib/newlib/newlib_syscalls.o
 .text.remap_handle
                0x0000000000017594       0x28 obj/lib/newlib/newlib_syscalls.o
 .text.sys_set_outchar_func
                0x00000000000175bc        0xc obj/lib/newlib/newlib_syscalls.o
                0x00000000000175bc                sys_set_outchar_func
 .text.sys_set_inchar_func
                0x00000000000175c8        0xc obj/lib/newlib/newlib_syscalls.o
                0x00000000000175c8                sys_set_inchar_func
 .text._kill    0x00000000000175d4       0x10 obj/lib/newlib/newlib_syscalls.o
                0x00000000000175d4                _kill
 .text._exit    0x00000000000175e4       0x10 obj/lib/newlib/newlib_syscalls.o
                0x00000000000175e4                _exit
 .text._getpid  0x00000000000175f4        0x4 obj/lib/newlib/newlib_syscalls.o
                0x00000000000175f4                _getpid
 .text._init    0x00000000000175f8        0x4 obj/lib/newlib/newlib_syscalls.o
                0x00000000000175f8                _init
 .text.syscalls_init
                0x00000000000175fc       0x34 obj/lib/newlib/newlib_syscalls.o
                0x00000000000175fc                syscalls_init
 .text._read    0x0000000000017630       0x9c obj/lib/newlib/newlib_syscalls.o
                0x0000000000017630                _read
 .text._lseek   0x00000000000176cc       0x60 obj/lib/newlib/newlib_syscalls.o
                0x00000000000176cc                _lseek
 .text._write   0x000000000001772c       0xa4 obj/lib/newlib/newlib_syscalls.o
                0x000000000001772c                _write
 .text._open    0x00000000000177d0      0x14c obj/lib/newlib/newlib_syscalls.o
                0x00000000000177d0                _open
 .text._close   0x000000000001791c       0x54 obj/lib/newlib/newlib_syscalls.o
                0x000000000001791c                _close
 .text._fstat   0x0000000000017970       0x10 obj/lib/newlib/newlib_syscalls.o
                0x0000000000017970                _fstat
 .text._isatty  0x0000000000017980       0x24 obj/lib/newlib/newlib_syscalls.o
                0x0000000000017980                _isatty
 .text.__malloc_lock
                0x00000000000179a4        0x4 obj/lib/newlib/malloc_lock.o
                0x00000000000179a4                __malloc_lock
 .text.__malloc_unlock
                0x00000000000179a8        0x4 obj/lib/newlib/malloc_lock.o
                0x00000000000179a8                __malloc_unlock
 .text._sbrk    0x00000000000179ac       0x6c obj/lib/newlib/memory.o
                0x00000000000179ac                _sbrk
 .text._Znwj    0x0000000000017a18        0x4 obj/lib/newlib/memory.o
                0x0000000000017a18                operator new(unsigned int)
 .text._Znaj    0x0000000000017a1c        0x4 obj/lib/newlib/memory.o
                0x0000000000017a1c                operator new[](unsigned int)
 .text._ZdlPv   0x0000000000017a20        0x4 obj/lib/newlib/memory.o
                0x0000000000017a20                operator delete(void*)
 .text._ZdaPv   0x0000000000017a24        0x4 obj/lib/newlib/memory.o
                0x0000000000017a24                operator delete[](void*)
 .text.sys_get_mem_info
                0x0000000000017a28       0xb4 obj/lib/newlib/memory.o
                0x0000000000017a28                sys_get_mem_info
 .text.tlm_variable_check_dup
                0x0000000000017adc       0x1e obj/lib/L3_Utils/tlm/src/c_tlm_var.o
 .text.tlm_component_find_callback
                0x0000000000017afa       0x14 obj/lib/L3_Utils/tlm/src/c_tlm_var.o
 *fill*         0x0000000000017b0e        0x2 ff
 .text.tlm_variable_register
                0x0000000000017b10       0x7c obj/lib/L3_Utils/tlm/src/c_tlm_var.o
                0x0000000000017b10                tlm_variable_register
 .text.tlm_variable_get_by_name
                0x0000000000017b8c       0x28 obj/lib/L3_Utils/tlm/src/c_tlm_var.o
                0x0000000000017b8c                tlm_variable_get_by_name
 .text.tlm_variable_get_by_comp_and_name
                0x0000000000017bb4       0x30 obj/lib/L3_Utils/tlm/src/c_tlm_var.o
                0x0000000000017bb4                tlm_variable_get_by_comp_and_name
 .text.tlm_variable_set_value
                0x0000000000017be4      0x1ec obj/lib/L3_Utils/tlm/src/c_tlm_var.o
                0x0000000000017be4                tlm_variable_set_value
 .text.tlm_variable_print_value
                0x0000000000017dd0      0x410 obj/lib/L3_Utils/tlm/src/c_tlm_var.o
                0x0000000000017dd0                tlm_variable_print_value
 .text.tlm_variable_get_value
                0x00000000000181e0       0x1a obj/lib/L3_Utils/tlm/src/c_tlm_var.o
                0x00000000000181e0                tlm_variable_get_value
 *fill*         0x00000000000181fa        0x2 ff
 .text.tlm_stream_for_each_component_var
                0x00000000000181fc       0xd0 obj/lib/L3_Utils/tlm/src/c_tlm_stream.o
 .text.tlm_stream_file_ptr
                0x00000000000182cc       0x1a obj/lib/L3_Utils/tlm/src/c_tlm_stream.o
 *fill*         0x00000000000182e6        0x2 ff
 .text.tlm_stream_one
                0x00000000000182e8       0x80 obj/lib/L3_Utils/tlm/src/c_tlm_stream.o
                0x00000000000182e8                tlm_stream_one
 .text.tlm_stream_all_args
                0x0000000000018368        0xa obj/lib/L3_Utils/tlm/src/c_tlm_stream.o
 *fill*         0x0000000000018372        0x2 ff
 .text.tlm_stream_all
                0x0000000000018374       0x1c obj/lib/L3_Utils/tlm/src/c_tlm_stream.o
                0x0000000000018374                tlm_stream_all
 .text.tlm_stream_one_file
                0x0000000000018390       0x14 obj/lib/L3_Utils/tlm/src/c_tlm_stream.o
                0x0000000000018390                tlm_stream_one_file
 .text.tlm_stream_decode_file
                0x00000000000183a4      0x1b8 obj/lib/L3_Utils/tlm/src/c_tlm_stream.o
                0x00000000000183a4                tlm_stream_decode_file
 .text.get_tlm_one_comp
                0x000000000001855c       0x52 obj/lib/L3_Utils/tlm/src/c_tlm_binary.o
 .text.cmp_tlm_one_comp
                0x00000000000185ae       0x50 obj/lib/L3_Utils/tlm/src/c_tlm_binary.o
 .text.tlm_binary_get_size_one
                0x00000000000185fe       0x16 obj/lib/L3_Utils/tlm/src/c_tlm_binary.o
                0x00000000000185fe                tlm_binary_get_size_one
 .text.tlm_binary_get_one
                0x0000000000018614       0x1a obj/lib/L3_Utils/tlm/src/c_tlm_binary.o
                0x0000000000018614                tlm_binary_get_one
 .text.tlm_binary_compare_one
                0x000000000001862e       0x1c obj/lib/L3_Utils/tlm/src/c_tlm_binary.o
                0x000000000001862e                tlm_binary_compare_one
 .text.tlm_component_for_each_callback
                0x000000000001864a        0xe obj/lib/L3_Utils/tlm/src/c_tlm_comp.o
 .text.tlm_component_find_by_name
                0x0000000000018658       0x10 obj/lib/L3_Utils/tlm/src/c_tlm_comp.o
 .text.tlm_component_get_by_name
                0x0000000000018668       0x24 obj/lib/L3_Utils/tlm/src/c_tlm_comp.o
                0x0000000000018668                tlm_component_get_by_name
 .text.tlm_component_add
                0x000000000001868c       0x6c obj/lib/L3_Utils/tlm/src/c_tlm_comp.o
                0x000000000001868c                tlm_component_add
 .text.tlm_component_for_each
                0x00000000000186f8       0x24 obj/lib/L3_Utils/tlm/src/c_tlm_comp.o
                0x00000000000186f8                tlm_component_for_each
 .text.logger_get_buffer_ptr
                0x000000000001871c       0x48 obj/lib/L3_Utils/src/file_logger.o
 .text.logger_write_to_file
                0x0000000000018764       0xb4 obj/lib/L3_Utils/src/file_logger.o
 .text.logger_task
                0x0000000000018818       0xd0 obj/lib/L3_Utils/src/file_logger.o
 .text.logger_write_log_message
                0x00000000000188e8       0x48 obj/lib/L3_Utils/src/file_logger.o
 .text.logger_send_flush_request
                0x0000000000018930       0x34 obj/lib/L3_Utils/src/file_logger.o
                0x0000000000018930                logger_send_flush_request
 .text.logger_get_logged_call_count
                0x0000000000018964       0x14 obj/lib/L3_Utils/src/file_logger.o
                0x0000000000018964                logger_get_logged_call_count
 .text.logger_get_blocked_call_count
                0x0000000000018978        0xc obj/lib/L3_Utils/src/file_logger.o
                0x0000000000018978                logger_get_blocked_call_count
 .text.logger_get_highest_file_write_time_ms
                0x0000000000018984        0xc obj/lib/L3_Utils/src/file_logger.o
                0x0000000000018984                logger_get_highest_file_write_time_ms
 .text.logger_get_num_buffers_watermark
                0x0000000000018990        0xc obj/lib/L3_Utils/src/file_logger.o
                0x0000000000018990                logger_get_num_buffers_watermark
 .text.logger_init
                0x000000000001899c       0xcc obj/lib/L3_Utils/src/file_logger.o
                0x000000000001899c                logger_init
 .text.logger_set_printf
                0x0000000000018a68       0x1c obj/lib/L3_Utils/src/file_logger.o
                0x0000000000018a68                logger_set_printf
 .text.logger_log
                0x0000000000018a84      0x138 obj/lib/L3_Utils/src/file_logger.o
                0x0000000000018a84                logger_log
 .text.logger_log_raw
                0x0000000000018bbc       0x40 obj/lib/L3_Utils/src/file_logger.o
                0x0000000000018bbc                logger_log_raw
 .text.delay_us
                0x0000000000018bfc       0x1c obj/lib/L3_Utils/src/utilities.o
                0x0000000000018bfc                delay_us
 .text.is_freertos_running
                0x0000000000018c18        0xe obj/lib/L3_Utils/src/utilities.o
                0x0000000000018c18                is_freertos_running
 .text.delay_ms
                0x0000000000018c26       0x22 obj/lib/L3_Utils/src/utilities.o
                0x0000000000018c26                delay_ms
 .text._ZN14scheduler_task4initEv
                0x0000000000018c48        0x4 obj/lib/L3_Utils/src/scheduler_task.o
                0x0000000000018c48                scheduler_task::init()
 .text._ZN14scheduler_task6regTlmEv
                0x0000000000018c4c        0x4 obj/lib/L3_Utils/src/scheduler_task.o
                0x0000000000018c4c                scheduler_task::regTlm()
 .text._ZN14scheduler_task9taskEntryEv
                0x0000000000018c50        0x4 obj/lib/L3_Utils/src/scheduler_task.o
                0x0000000000018c50                scheduler_task::taskEntry()
 .text.__sputc_r
                0x0000000000018c54       0x2c obj/lib/L3_Utils/src/scheduler_task.o
 .text._ZL9dbg_printPKcS0_
                0x0000000000018c80       0x34 obj/lib/L3_Utils/src/scheduler_task.o
 .text._ZL9printlinePKcS0_
                0x0000000000018cb4       0x38 obj/lib/L3_Utils/src/scheduler_task.o
 .text._Z24scheduler_c_task_privatePv
                0x0000000000018cec      0x124 obj/lib/L3_Utils/src/scheduler_task.o
                0x0000000000018cec                scheduler_c_task_private(void*)
 .text._Z18scheduler_init_allb
                0x0000000000018e10      0x1b0 obj/lib/L3_Utils/src/scheduler_task.o
                0x0000000000018e10                scheduler_init_all(bool)
 .text._Z18scheduler_add_taskP14scheduler_task
                0x0000000000018fc0       0x1c obj/lib/L3_Utils/src/scheduler_task.o
                0x0000000000018fc0                scheduler_add_task(scheduler_task*)
 .text._Z15scheduler_startbb
                0x0000000000018fdc       0x40 obj/lib/L3_Utils/src/scheduler_task.o
                0x0000000000018fdc                scheduler_start(bool, bool)
 .text._ZN14scheduler_taskC2EPKcmhPv
                0x000000000001901c       0x34 obj/lib/L3_Utils/src/scheduler_task.o
                0x000000000001901c                scheduler_task::scheduler_task(char const*, unsigned long, unsigned char, void*)
                0x000000000001901c                scheduler_task::scheduler_task(char const*, unsigned long, unsigned char, void*)
 .text._ZN14scheduler_task15getSharedObjectEh
                0x0000000000019050       0x18 obj/lib/L3_Utils/src/scheduler_task.o
                0x0000000000019050                scheduler_task::getSharedObject(unsigned char)
 .text._ZN3strC2EPci
                0x0000000000019068       0x28 obj/lib/L3_Utils/src/str.o
                0x0000000000019068                str::str(char*, int)
                0x0000000000019068                str::str(char*, int)
 .text._ZN3strD2Ev
                0x0000000000019090       0x24 obj/lib/L3_Utils/src/str.o
                0x0000000000019090                str::~str()
                0x0000000000019090                str::~str()
 .text._ZNK3str6getLenEv
                0x00000000000190b4        0x6 obj/lib/L3_Utils/src/str.o
                0x00000000000190b4                str::getLen() const
 .text._ZNK3str11getCapacityEv
                0x00000000000190ba        0x4 obj/lib/L3_Utils/src/str.o
                0x00000000000190ba                str::getCapacity() const
 .text._ZN3str5clearEv
                0x00000000000190be        0x8 obj/lib/L3_Utils/src/str.o
                0x00000000000190be                str::clear()
 .text._ZN3str5scanfEPKcz
                0x00000000000190c6       0x1c obj/lib/L3_Utils/src/str.o
                0x00000000000190c6                str::scanf(char const*, ...)
 .text._ZN3str8tokenizeEPKciz
                0x00000000000190e2       0x4c obj/lib/L3_Utils/src/str.o
                0x00000000000190e2                str::tokenize(char const*, int, ...)
 .text._ZNK3str9compareToEPKc
                0x000000000001912e       0x14 obj/lib/L3_Utils/src/str.o
                0x000000000001912e                str::compareTo(char const*) const
 .text._ZNK3str19compareToIgnoreCaseEPKc
                0x0000000000019142       0x10 obj/lib/L3_Utils/src/str.o
                0x0000000000019142                str::compareToIgnoreCase(char const*) const
 .text._ZNK3str22firstIndexOfIgnoreCaseEPKc
                0x0000000000019152       0x80 obj/lib/L3_Utils/src/str.o
                0x0000000000019152                str::firstIndexOfIgnoreCase(char const*) const
 .text._ZNK3str18containsIgnoreCaseEPKc
                0x00000000000191d2        0xe obj/lib/L3_Utils/src/str.o
                0x00000000000191d2                str::containsIgnoreCase(char const*) const
 .text._ZNK3str12firstIndexOfEPKc
                0x00000000000191e0       0x16 obj/lib/L3_Utils/src/str.o
                0x00000000000191e0                str::firstIndexOf(char const*) const
 .text._ZNK3str10beginsWithEPKc
                0x00000000000191f6       0x2e obj/lib/L3_Utils/src/str.o
                0x00000000000191f6                str::beginsWith(char const*) const
 .text._ZNK3str20beginsWithIgnoreCaseEPKc
                0x0000000000019224       0x2e obj/lib/L3_Utils/src/str.o
                0x0000000000019224                str::beginsWithIgnoreCase(char const*) const
 .text._ZNK3str29beginsWithWholeWordIgnoreCaseEPKcc
                0x0000000000019252       0x38 obj/lib/L3_Utils/src/str.o
                0x0000000000019252                str::beginsWithWholeWordIgnoreCase(char const*, char) const
 .text._ZN3str10eraseFirstEi
                0x000000000001928a       0x28 obj/lib/L3_Utils/src/str.o
                0x000000000001928a                str::eraseFirst(int)
 .text._ZN3str9eraseLastEi
                0x00000000000192b2       0x1e obj/lib/L3_Utils/src/str.o
                0x00000000000192b2                str::eraseLast(int)
 .text._ZN3str10eraseAfterEii
                0x00000000000192d0       0x38 obj/lib/L3_Utils/src/str.o
                0x00000000000192d0                str::eraseAfter(int, int)
 .text._ZN3str5eraseEPKc
                0x0000000000019308       0x28 obj/lib/L3_Utils/src/str.o
                0x0000000000019308                str::erase(char const*)
 .text._ZN3str15eraseFirstWordsEic
                0x0000000000019330       0x2a obj/lib/L3_Utils/src/str.o
                0x0000000000019330                str::eraseFirstWords(int, char)
 .text._ZN3str9trimStartEPKc
                0x000000000001935a       0x40 obj/lib/L3_Utils/src/str.o
                0x000000000001935a                str::trimStart(char const*)
 .text._ZN3str7trimEndEPKc
                0x000000000001939a       0x3a obj/lib/L3_Utils/src/str.o
                0x000000000001939a                str::trimEnd(char const*)
 .text._ZNK3streqEPKc
                0x00000000000193d4        0x4 obj/lib/L3_Utils/src/str.o
                0x00000000000193d4                str::operator==(char const*) const
 .text._ZNK3strclEv
                0x00000000000193d8        0x4 obj/lib/L3_Utils/src/str.o
                0x00000000000193d8                str::operator()() const
 .text._ZNK3strcviEv
                0x00000000000193dc        0x6 obj/lib/L3_Utils/src/str.o
                0x00000000000193dc                str::operator int() const
 .text._ZN3strixEi
                0x00000000000193e2       0x14 obj/lib/L3_Utils/src/str.o
                0x00000000000193e2                str::operator[](int)
 .text._ZN3str13reAllocateMemEi
                0x00000000000193f6       0x4c obj/lib/L3_Utils/src/str.o
                0x00000000000193f6                str::reAllocateMem(int)
 .text._ZN3str4initEi
                0x0000000000019442       0x10 obj/lib/L3_Utils/src/str.o
                0x0000000000019442                str::init(int)
 .text._ZN3strC2Ei
                0x0000000000019452        0xc obj/lib/L3_Utils/src/str.o
                0x0000000000019452                str::str(int)
                0x0000000000019452                str::str(int)
 .text._ZN3str7reserveEi
                0x000000000001945e        0xe obj/lib/L3_Utils/src/str.o
                0x000000000001945e                str::reserve(int)
 .text._ZN3str6printfEPKcz
                0x000000000001946c       0x42 obj/lib/L3_Utils/src/str.o
                0x000000000001946c                str::printf(char const*, ...)
 .text._ZN3str26ensureMemoryToInsertNCharsEi
                0x00000000000194ae       0x22 obj/lib/L3_Utils/src/str.o
                0x00000000000194ae                str::ensureMemoryToInsertNChars(int)
 .text._ZN3str11insertAtEndEPKc
                0x00000000000194d0       0x24 obj/lib/L3_Utils/src/str.o
                0x00000000000194d0                str::insertAtEnd(char const*)
 .text._ZN3strpLEc
                0x00000000000194f4       0x1a obj/lib/L3_Utils/src/str.o
                0x00000000000194f4                str::operator+=(char)
 .text._ZN3str8copyFromEPKc
                0x000000000001950e       0x3c obj/lib/L3_Utils/src/str.o
                0x000000000001950e                str::copyFrom(char const*)
 .text._ZN3straSEPKc
                0x000000000001954a        0x4 obj/lib/L3_Utils/src/str.o
                0x000000000001954a                str::operator=(char const*)
 .text.u0_dbg_put
                0x000000000001954e       0x1e obj/lib/L3_Utils/src/printf_lib.o
                0x000000000001954e                u0_dbg_put
 .text.u0_dbg_printf
                0x000000000001956c       0x3c obj/lib/L3_Utils/src/printf_lib.o
                0x000000000001956c                u0_dbg_printf
 .text._ZN16CommandProcessor10addHandlerEPFbR3strR7CharDevPvEPKcS8_S4_
                0x00000000000195a8       0x7c obj/lib/L3_Utils/src/command_handler.o
                0x00000000000195a8                CommandProcessor::addHandler(bool (*)(str&, CharDev&, void*), char const*, char const*, void*)
 .text._ZN16CommandProcessor24getRegisteredCommandListER7CharDev
                0x0000000000019624       0xa0 obj/lib/L3_Utils/src/command_handler.o
                0x0000000000019624                CommandProcessor::getRegisteredCommandList(CharDev&)
 .text._ZN16CommandProcessor11getHelpTextER3strR7CharDev
                0x00000000000196c4       0x70 obj/lib/L3_Utils/src/command_handler.o
                0x00000000000196c4                CommandProcessor::getHelpText(str&, CharDev&)
 .text._ZN16CommandProcessor15prepareCmdParamER3strPKc
                0x0000000000019734       0x3c obj/lib/L3_Utils/src/command_handler.o
                0x0000000000019734                CommandProcessor::prepareCmdParam(str&, char const*)
 .text._ZN16CommandProcessor13handleCommandER3strR7CharDev
                0x0000000000019770      0x164 obj/lib/L3_Utils/src/command_handler.o
                0x0000000000019770                CommandProcessor::handleCommand(str&, CharDev&)
 .text.for_each_recur_alarm_callback
                0x00000000000198d4       0x24 obj/lib/L3_Utils/src/rtc_alarm.o
 .text.for_each_alarm_callback
                0x00000000000198f8       0x5a obj/lib/L3_Utils/src/rtc_alarm.o
 *fill*         0x0000000000019952        0x2 ff
 .text.RTC_IRQHandler
                0x0000000000019954       0xac obj/lib/L3_Utils/src/rtc_alarm.o
                0x0000000000019954                RTC_IRQHandler
 .text.c_list_create
                0x0000000000019a00       0x14 obj/lib/L3_Utils/src/c_list.o
                0x0000000000019a00                c_list_create
 .text.c_list_node_count
                0x0000000000019a14        0x6 obj/lib/L3_Utils/src/c_list.o
                0x0000000000019a14                c_list_node_count
 .text.c_list_insert_elm_end
                0x0000000000019a1a       0x38 obj/lib/L3_Utils/src/c_list.o
                0x0000000000019a1a                c_list_insert_elm_end
 .text.c_list_get_elm_at
                0x0000000000019a52       0x2c obj/lib/L3_Utils/src/c_list.o
                0x0000000000019a52                c_list_get_elm_at
 .text.c_list_find_elm
                0x0000000000019a7e       0x2c obj/lib/L3_Utils/src/c_list.o
                0x0000000000019a7e                c_list_find_elm
 .text.c_list_for_each_elm
                0x0000000000019aaa       0x2a obj/lib/L3_Utils/src/c_list.o
                0x0000000000019aaa                c_list_for_each_elm
 .text.startup.main
                0x0000000000019ad4       0x4a obj/lab2/L5_Application/main.o
                0x0000000000019ad4                main
 .text.period_init
                0x0000000000019b1e        0x4 obj/lab2/L5_Application/periodic_scheduler/period_callbacks.o
                0x0000000000019b1e                period_init
 .text.period_reg_tlm
                0x0000000000019b22        0x4 obj/lab2/L5_Application/periodic_scheduler/period_callbacks.o
                0x0000000000019b22                period_reg_tlm
 *fill*         0x0000000000019b26        0x2 ff
 .text.period_1Hz
                0x0000000000019b28       0x24 obj/lab2/L5_Application/periodic_scheduler/period_callbacks.o
                0x0000000000019b28                period_1Hz
 .text.period_10Hz
                0x0000000000019b4c        0x2 obj/lab2/L5_Application/periodic_scheduler/period_callbacks.o
                0x0000000000019b4c                period_10Hz
 .text.period_100Hz
                0x0000000000019b4e        0x2 obj/lab2/L5_Application/periodic_scheduler/period_callbacks.o
                0x0000000000019b4e                period_100Hz
 .text.period_1000Hz
                0x0000000000019b50        0x2 obj/lab2/L5_Application/periodic_scheduler/period_callbacks.o
                0x0000000000019b50                period_1000Hz
 .text._ZN21periodicSchedulerTaskD2Ev
                0x0000000000019b52        0x2 obj/lab2/L5_Application/periodic_scheduler/prd_dispatcher.o
                0x0000000000019b52                periodicSchedulerTask::~periodicSchedulerTask()
                0x0000000000019b52                periodicSchedulerTask::~periodicSchedulerTask()
 .text._Z15period_task_1HzPv
                0x0000000000019b54       0x28 obj/lab2/L5_Application/periodic_scheduler/prd_dispatcher.o
                0x0000000000019b54                period_task_1Hz(void*)
 .text._Z16period_task_10HzPv
                0x0000000000019b7c       0x28 obj/lab2/L5_Application/periodic_scheduler/prd_dispatcher.o
                0x0000000000019b7c                period_task_10Hz(void*)
 .text._Z17period_task_100HzPv
                0x0000000000019ba4       0x28 obj/lab2/L5_Application/periodic_scheduler/prd_dispatcher.o
                0x0000000000019ba4                period_task_100Hz(void*)
 .text._Z18period_task_1000HzPv
                0x0000000000019bcc       0x28 obj/lab2/L5_Application/periodic_scheduler/prd_dispatcher.o
                0x0000000000019bcc                period_task_1000Hz(void*)
 .text._ZN21periodicSchedulerTask4initEv
                0x0000000000019bf4        0x4 obj/lab2/L5_Application/periodic_scheduler/prd_dispatcher.o
                0x0000000000019bf4                periodicSchedulerTask::init()
 .text._ZN21periodicSchedulerTask6regTlmEv
                0x0000000000019bf8        0x4 obj/lab2/L5_Application/periodic_scheduler/prd_dispatcher.o
                0x0000000000019bf8                periodicSchedulerTask::regTlm()
 .text._ZN21periodicSchedulerTaskD0Ev
                0x0000000000019bfc        0xc obj/lab2/L5_Application/periodic_scheduler/prd_dispatcher.o
                0x0000000000019bfc                periodicSchedulerTask::~periodicSchedulerTask()
 .text._ZN21periodicSchedulerTaskC2Eb
                0x0000000000019c08       0xf4 obj/lab2/L5_Application/periodic_scheduler/prd_dispatcher.o
                0x0000000000019c08                periodicSchedulerTask::periodicSchedulerTask(bool)
                0x0000000000019c08                periodicSchedulerTask::periodicSchedulerTask(bool)
 .text._ZN21periodicSchedulerTask23handlePeriodicSemaphoreEhh
                0x0000000000019cfc       0x88 obj/lab2/L5_Application/periodic_scheduler/prd_dispatcher.o
                0x0000000000019cfc                periodicSchedulerTask::handlePeriodicSemaphore(unsigned char, unsigned char)
 .text._ZN21periodicSchedulerTask3runEPv
                0x0000000000019d84       0x3e obj/lab2/L5_Application/periodic_scheduler/prd_dispatcher.o
                0x0000000000019d84                periodicSchedulerTask::run(void*)
 *fill*         0x0000000000019dc2        0x2 ff
 .text._ZN12terminalTaskD2Ev
                0x0000000000019dc4       0x48 obj/lab2/L5_Application/source/terminal.o
                0x0000000000019dc4                terminalTask::~terminalTask()
                0x0000000000019dc4                terminalTask::~terminalTask()
 .text._ZN12terminalTaskD0Ev
                0x0000000000019e0c       0x12 obj/lab2/L5_Application/source/terminal.o
                0x0000000000019e0c                terminalTask::~terminalTask()
 *fill*         0x0000000000019e1e        0x2 ff
 .text._ZN12terminalTask6regTlmEv
                0x0000000000019e20       0x48 obj/lab2/L5_Application/source/terminal.o
                0x0000000000019e20                terminalTask::regTlm()
 .text._ZN6VECTORIN12terminalTask9cmdChan_tEE14changeCapacityEj.part.5
                0x0000000000019e68       0x40 obj/lab2/L5_Application/source/terminal.o
 .text._ZN12terminalTaskC2Eh
                0x0000000000019ea8       0xb0 obj/lab2/L5_Application/source/terminal.o
                0x0000000000019ea8                terminalTask::terminalTask(unsigned char)
                0x0000000000019ea8                terminalTask::terminalTask(unsigned char)
 .text._ZN12terminalTask11saveDiskTlmEv
                0x0000000000019f58       0x84 obj/lab2/L5_Application/source/terminal.o
                0x0000000000019f58                terminalTask::saveDiskTlm()
 .text._ZN12terminalTask22handleEchoAndBackspaceEPNS_9cmdChan_tEc
                0x0000000000019fdc       0x70 obj/lab2/L5_Application/source/terminal.o
                0x0000000000019fdc                terminalTask::handleEchoAndBackspace(terminalTask::cmdChan_t*, char)
 .text._ZN12terminalTask17addCommandChannelEP7CharDevb
                0x000000000001a04c       0x40 obj/lab2/L5_Application/source/terminal.o
                0x000000000001a04c                terminalTask::addCommandChannel(CharDev*, bool)
 .text._ZN12terminalTask10getCommandEv
                0x000000000001a08c      0x124 obj/lab2/L5_Application/source/terminal.o
                0x000000000001a08c                terminalTask::getCommand()
 .text._ZN12terminalTask3runEPv
                0x000000000001a1b0       0xb0 obj/lab2/L5_Application/source/terminal.o
                0x000000000001a1b0                terminalTask::run(void*)
 .text._ZN17SingletonTemplateI5Uart0E11getInstanceEv
                0x000000000001a260       0x20 obj/lab2/L5_Application/source/terminal.o
                0x000000000001a260                SingletonTemplate<Uart0>::getInstance()
 .text._ZN5Uart017putcharIntrDrivenEc
                0x000000000001a280       0x18 obj/lab2/L5_Application/source/terminal.o
                0x000000000001a280                Uart0::putcharIntrDriven(char)
 .text._ZN5Uart017getcharIntrDrivenEc
                0x000000000001a298       0x22 obj/lab2/L5_Application/source/terminal.o
                0x000000000001a298                Uart0::getcharIntrDriven(char)
 *fill*         0x000000000001a2ba        0x2 ff
 .text._ZN12terminalTask9taskEntryEv
                0x000000000001a2bc      0x2bc obj/lab2/L5_Application/source/terminal.o
                0x000000000001a2bc                terminalTask::taskEntry()
 .text._ZN17SingletonTemplateI11LED_DisplayE11getInstanceEv
                0x000000000001a578       0x3c obj/lab2/L5_Application/source/remote.o
                0x000000000001a578                SingletonTemplate<LED_Display>::getInstance()
 .text._ZL13hl_print_linev