Archive member included to satisfy reference by file (symbol)

/usr/bin/../lib/gcc/arm-none-eabi/6.3.1/../../../../arm-none-eabi/lib/thumb/v7-m/libstdc++_nano.a(si_class_type_info.o)
                              obj/lib/L2_Drivers/base/uart_dev.o (vtable for __cxxabiv1::__si_class_type_info)
/usr/bin/../lib/gcc/arm-none-eabi/6.3.1/../../../../arm-none-eabi/lib/thumb/v7-m/libstdc++_nano.a(class_type_info.o)
                              /usr/bin/../lib/gcc/arm-none-eabi/6.3.1/../../../../arm-none-eabi/lib/thumb/v7-m/libstdc++_nano.a(si_class_type_info.o) (__cxxabiv1::__class_type_info::__do_upcast(__cxxabiv1::__class_type_info const*, void**) const)
/usr/bin/../lib/gcc/arm-none-eabi/6.3.1/../../../../arm-none-eabi/lib/thumb/v7-m/libstdc++_nano.a(tinfo.o)
                              /usr/bin/../lib/gcc/arm-none-eabi/6.3.1/../../../../arm-none-eabi/lib/thumb/v7-m/libstdc++_nano.a(class_type_info.o) (std::type_info::~type_info())
/usr/bin/../lib/gcc/arm-none-eabi/6.3.1/../../../../arm-none-eabi/lib/thumb/v7-m/libstdc++_nano.a(vmi_class_type_info.o)
                              obj/lib/L2_Drivers/src/nrf_stream.o (vtable for __cxxabiv1::__vmi_class_type_info)
/usr/bin/../lib/gcc/arm-none-eabi/6.3.1/../../../../arm-none-eabi/lib/thumb/v7-m/libstdc++_nano.a(pure.o)
                              obj/lib/L2_Drivers/base/char_dev.o (__cxa_pure_virtual)
/usr/bin/../lib/gcc/arm-none-eabi/6.3.1/../../../../arm-none-eabi/lib/thumb/v7-m/libstdc++_nano.a(guard.o)
                              obj/lab4/L5_Application/source/cmd_handlers/handlers.o (__cxa_guard_acquire)
/usr/bin/../lib/gcc/arm-none-eabi/6.3.1/../../../../arm-none-eabi/lib/thumb/v7-m/libstdc++_nano.a(del_ops.o)
                              /usr/bin/../lib/gcc/arm-none-eabi/6.3.1/../../../../arm-none-eabi/lib/thumb/v7-m/libstdc++_nano.a(si_class_type_info.o) (operator delete(void*, unsigned int))
/usr/bin/../lib/gcc/arm-none-eabi/6.3.1/../../../../arm-none-eabi/lib/thumb/v7-m/libstdc++_nano.a(eh_terminate.o)
                              /usr/bin/../lib/gcc/arm-none-eabi/6.3.1/../../../../arm-none-eabi/lib/thumb/v7-m/libstdc++_nano.a(pure.o) (std::terminate())
/usr/bin/../lib/gcc/arm-none-eabi/6.3.1/../../../../arm-none-eabi/lib/thumb/v7-m/libstdc++_nano.a(eh_term_handler.o)
                              /usr/bin/../lib/gcc/arm-none-eabi/6.3.1/../../../../arm-none-eabi/lib/thumb/v7-m/libstdc++_nano.a(eh_terminate.o) (__cxxabiv1::__terminate_handler)
/usr/bin/../lib/gcc/arm-none-eabi/6.3.1/../../../../arm-none-eabi/lib/thumb/v7-m/libstdc++_nano.a(eh_unex_handler.o)
                              /usr/bin/../lib/gcc/arm-none-eabi/6.3.1/../../../../arm-none-eabi/lib/thumb/v7-m/libstdc++_nano.a(eh_terminate.o) (__cxxabiv1::__unexpected_handler)
/usr/bin/../lib/gcc/arm-none-eabi/6.3.1/thumb/v7-m/libgcc.a(_ashldi3.o)
                              obj/lib/L0_LowLevel/source/lpc_peripherals.o (__aeabi_llsl)
/usr/bin/../lib/gcc/arm-none-eabi/6.3.1/thumb/v7-m/libgcc.a(_arm_addsubdf3.o)
                              obj/lib/L0_LowLevel/source/uart0_min.o (__aeabi_dadd)
/usr/bin/../lib/gcc/arm-none-eabi/6.3.1/thumb/v7-m/libgcc.a(_arm_fixunsdfsi.o)
                              obj/lib/L0_LowLevel/source/uart0_min.o (__aeabi_d2uiz)
/usr/bin/../lib/gcc/arm-none-eabi/6.3.1/thumb/v7-m/libgcc.a(_arm_truncdfsf2.o)
                              obj/lib/L3_Utils/src/str.o (__aeabi_d2f)
/usr/bin/../lib/gcc/arm-none-eabi/6.3.1/thumb/v7-m/libgcc.a(_arm_addsubsf3.o)
                              obj/lib/L3_Utils/src/str.o (__aeabi_fsub)
/usr/bin/../lib/gcc/arm-none-eabi/6.3.1/thumb/v7-m/libgcc.a(_arm_muldivsf3.o)
                              obj/lib/L2_Drivers/src/lpc_pwm.o (__aeabi_fmul)
/usr/bin/../lib/gcc/arm-none-eabi/6.3.1/thumb/v7-m/libgcc.a(_arm_cmpsf2.o)
                              obj/lib/L3_Utils/src/str.o (__aeabi_fcmplt)
/usr/bin/../lib/gcc/arm-none-eabi/6.3.1/thumb/v7-m/libgcc.a(_arm_fixsfsi.o)
                              obj/lab4/L5_Application/examples/examples.o (__aeabi_f2iz)
/usr/bin/../lib/gcc/arm-none-eabi/6.3.1/thumb/v7-m/libgcc.a(_arm_fixunssfsi.o)
                              obj/lib/L2_Drivers/src/lpc_pwm.o (__aeabi_f2uiz)
/usr/bin/../lib/gcc/arm-none-eabi/6.3.1/thumb/v7-m/libgcc.a(_aeabi_uldivmod.o)
                              obj/lib/L1_FreeRTOS/src/tasks.o (__aeabi_uldivmod)
/usr/bin/../lib/gcc/arm-none-eabi/6.3.1/thumb/v7-m/libgcc.a(_udivmoddi4.o)
                              /usr/bin/../lib/gcc/arm-none-eabi/6.3.1/thumb/v7-m/libgcc.a(_aeabi_uldivmod.o) (__udivmoddi4)
/usr/bin/../lib/gcc/arm-none-eabi/6.3.1/thumb/v7-m/libgcc.a(_dvmd_tls.o)
                              /usr/bin/../lib/gcc/arm-none-eabi/6.3.1/thumb/v7-m/libgcc.a(_aeabi_uldivmod.o) (__aeabi_ldiv0)
/usr/bin/../lib/gcc/arm-none-eabi/6.3.1/../../../../arm-none-eabi/lib/thumb/v7-m/libc_nano.a(lib_a-abort.o)
                              /usr/bin/../lib/gcc/arm-none-eabi/6.3.1/../../../../arm-none-eabi/lib/thumb/v7-m/libstdc++_nano.a(eh_terminate.o) (abort)
[...]
Memory Configuration

Name             Origin             Length             Attributes
FLASH            0x0000000000010000 0x0000000000070000 xr
SRAM             0x0000000010000000 0x0000000000008000 xrw
SRAM_AHB         0x000000002007c000 0x0000000000008000 xrw
*default*        0x0000000000000000 0xffffffffffffffff

Linker script and memory map

LOAD obj/lib/L0_LowLevel/source/core_cm3.o
LOAD obj/lib/L0_LowLevel/source/low_level_init.o
LOAD obj/lib/L0_LowLevel/source/lpc_peripherals.o
LOAD obj/lib/L0_LowLevel/source/lpc_sys.o
LOAD obj/lib/L0_LowLevel/source/startup.o
LOAD obj/lib/L0_LowLevel/source/sys_clock.o
LOAD obj/lib/L0_LowLevel/source/uart0_min.o
LOAD obj/lib/L1_FreeRTOS/hooks/hooks.o
LOAD obj/lib/L1_FreeRTOS/MemMang/freertos_mem_man.o
LOAD obj/lib/L1_FreeRTOS/portable/no_mpu/port.o
LOAD obj/lib/L1_FreeRTOS/portable/run_time_stats.o
LOAD obj/lib/L1_FreeRTOS/src/croutine.o
LOAD obj/lib/L1_FreeRTOS/src/event_groups.o
LOAD obj/lib/L1_FreeRTOS/src/list.o
LOAD obj/lib/L1_FreeRTOS/src/queue.o
LOAD obj/lib/L1_FreeRTOS/src/tasks.o
LOAD obj/lib/L1_FreeRTOS/src/timers.o
LOAD obj/lib/L1_FreeRTOS/trace/run_time_counter.o
LOAD obj/lib/L1_FreeRTOS/trace/trcBase.o
LOAD obj/lib/L1_FreeRTOS/trace/trcHardwarePort.o
LOAD obj/lib/L1_FreeRTOS/trace/trcKernel.o
LOAD obj/lib/L1_FreeRTOS/trace/trcKernelPort.o
LOAD obj/lib/L1_FreeRTOS/trace/trcUser.o
LOAD obj/lib/L2_Drivers/base/char_dev.o
LOAD obj/lib/L2_Drivers/base/i2c_base.o
LOAD obj/lib/L2_Drivers/base/uart_dev.o
LOAD obj/lib/L2_Drivers/src/adc.o
LOAD obj/lib/L2_Drivers/src/can.o
LOAD obj/lib/L2_Drivers/src/eint.o
LOAD obj/lib/L2_Drivers/src/i2c2.o
LOAD obj/lib/L2_Drivers/src/lpc_pwm.o
LOAD obj/lib/L2_Drivers/src/lpc_rit.o
LOAD obj/lib/L2_Drivers/src/lpc_timers.o
LOAD obj/lib/L2_Drivers/src/nrf_stream.o
LOAD obj/lib/L2_Drivers/src/rtc.o
LOAD obj/lib/L2_Drivers/src/spi_dma.o
LOAD obj/lib/L2_Drivers/src/spi_sem.o
LOAD obj/lib/L2_Drivers/src/uart0.o
LOAD obj/lib/L2_Drivers/src/uart2.o
LOAD obj/lib/L2_Drivers/src/uart3.o
LOAD obj/lib/L3_Utils/src/command_handler.o
LOAD obj/lib/L3_Utils/src/c_list.o
LOAD obj/lib/L3_Utils/src/file_logger.o
LOAD obj/lib/L3_Utils/src/freertos_timer.o
LOAD obj/lib/L3_Utils/src/printf_lib.o
LOAD obj/lib/L3_Utils/src/rtc_alarm.o
LOAD obj/lib/L3_Utils/src/scheduler_task.o
LOAD obj/lib/L3_Utils/src/str.o
LOAD obj/lib/L3_Utils/src/utilities.o
LOAD obj/lib/L3_Utils/tlm/src/c_tlm_binary.o
LOAD obj/lib/L3_Utils/tlm/src/c_tlm_comp.o
LOAD obj/lib/L3_Utils/tlm/src/c_tlm_stream.o
LOAD obj/lib/L3_Utils/tlm/src/c_tlm_var.o
LOAD obj/lib/L4_IO/fat/disk/diskio.o
LOAD obj/lib/L4_IO/fat/disk/sd.o
LOAD obj/lib/L4_IO/fat/disk/spi_flash.o
LOAD obj/lib/L4_IO/fat/fatfs_time.o
LOAD obj/lib/L4_IO/fat/ff.o
LOAD obj/lib/L4_IO/fat/option/ccsbcs.o
LOAD obj/lib/L4_IO/fat/option/reentrant.o
LOAD obj/lib/L4_IO/src/gpio.o
LOAD obj/lib/L4_IO/src/io_source.o
LOAD obj/lib/L4_IO/src/storage.o
LOAD obj/lib/L4_IO/wireless/src/mesh.o
LOAD obj/lib/L4_IO/wireless/src/nrf24L01Plus.o
LOAD obj/lib/L4_IO/wireless/src/wireless.o
LOAD obj/lib/newlib/malloc_lock.o
LOAD obj/lib/newlib/memory.o
LOAD obj/lib/newlib/newlib_syscalls.o
LOAD obj/lib/newlib/newlib_time.o
LOAD obj/lab4/L5_Application/examples/examples.o
LOAD obj/lab4/L5_Application/examples/rn_xv_task.o
LOAD obj/lab4/L5_Application/main.o
LOAD obj/lab4/L5_Application/my_eint3.o
LOAD obj/lab4/L5_Application/periodic_scheduler/period_callbacks.o
LOAD obj/lab4/L5_Application/periodic_scheduler/prd_dispatcher.o
LOAD obj/lab4/L5_Application/source/cmd_handlers/handlers.o
LOAD obj/lab4/L5_Application/source/cmd_handlers/prog_handlers.o
LOAD obj/lab4/L5_Application/source/cmd_handlers/wireless_handlers.o
LOAD obj/lab4/L5_Application/source/high_level_init.o
LOAD obj/lab4/L5_Application/source/remote.o
LOAD obj/lab4/L5_Application/source/terminal.o
LOAD /usr/bin/../lib/gcc/arm-none-eabi/6.3.1/../../../../arm-none-eabi/lib/thumb/v7-m/libstdc++_nano.a
LOAD /usr/bin/../lib/gcc/arm-none-eabi/6.3.1/../../../../arm-none-eabi/lib/thumb/v7-m/libm.a
START GROUP
LOAD /usr/bin/../lib/gcc/arm-none-eabi/6.3.1/thumb/v7-m/libgcc.a
LOAD /usr/bin/../lib/gcc/arm-none-eabi/6.3.1/../../../../arm-none-eabi/lib/thumb/v7-m/libc_nano.a
END GROUP
START GROUP
LOAD /usr/bin/../lib/gcc/arm-none-eabi/6.3.1/thumb/v7-m/libgcc.a
LOAD /usr/bin/../lib/gcc/arm-none-eabi/6.3.1/../../../../arm-none-eabi/lib/thumb/v7-m/libc_nano.a
END GROUP

.text           0x0000000000010000    0x17cb8
 FILL mask 0xff
 *(.isr_vector)
 .isr_vector    0x0000000000010000       0xcc obj/lib/L0_LowLevel/source/startup.o
                0x0000000000010000                g_pfnVectors
                0x00000000000100cc                . = ALIGN (0x4)
                0x00000000000100cc                __section_table_start = .
                0x00000000000100cc                __data_section_table = .
                0x00000000000100cc        0x4 LONG 0x27cc0 LOADADDR (.data)
                0x00000000000100d0        0x4 LONG 0x2007c000 ADDR (.data)
                0x00000000000100d4        0x4 LONG 0x2fc SIZEOF (.data)
                0x00000000000100d8                __data_section_table_end = .
                0x00000000000100d8                __bss_section_table = .
                0x00000000000100d8        0x4 LONG 0x2007c300 ADDR (.bss)
                0x00000000000100dc        0x4 LONG 0x52c SIZEOF (.bss)
                0x00000000000100e0                __bss_section_table_end = .
                0x00000000000100e0                __section_table_end = .
 *(.after_vectors*)
 .after_vectors
                0x00000000000100e0      0x120 obj/lib/L0_LowLevel/source/startup.o
                0x00000000000100e0                isr_hard_fault
                0x00000000000100fa                isr_nmi
                0x0000000000010108                isr_mem_fault
                0x0000000000010118                isr_bus_fault
                0x0000000000010128                isr_usage_fault
                0x0000000000010138                isr_debug_mon
                0x0000000000010148                TIMER2_IRQHandler
                0x0000000000010148                I2C0_IRQHandler
                0x0000000000010148                PWM1_IRQHandler
                0x0000000000010148                I2C1_IRQHandler
                0x0000000000010148                EINT2_IRQHandler
                0x0000000000010148                UART1_IRQHandler
                0x0000000000010148                TIMER3_IRQHandler
                0x0000000000010148                PLL0_IRQHandler
                0x0000000000010148                PLL1_IRQHandler
                0x0000000000010148                SSP0_IRQHandler
                0x0000000000010148                CANAct_IRQHandler
                0x0000000000010148                I2S_IRQHandler
                0x0000000000010148                TIMER0_IRQHandler
                0x0000000000010148                SPI_IRQHandler
                0x0000000000010148                EINT1_IRQHandler
                0x0000000000010148                isr_default_handler
                0x0000000000010148                SSP1_IRQHandler
                0x0000000000010148                USB_IRQHandler
                0x0000000000010148                BOD_IRQHandler
                0x0000000000010148                WDT_IRQHandler
                0x0000000000010148                QEI_IRQHandler
                0x0000000000010148                EINT0_IRQHandler
                0x0000000000010148                DMA_IRQHandler
                0x0000000000010148                MCPWM_IRQHandler
                0x0000000000010148                ENET_IRQHandler
                0x0000000000010148                USBAct_IRQHandler
                0x0000000000010158                isr_sys_tick
                0x000000000001016a                data_init(unsigned int, unsigned int, unsigned int)
                0x0000000000010180                bss_init(unsigned int, unsigned int)
                0x0000000000010194                isr_reset
 *(.text*)
 .text.__set_PSP
                0x0000000000010200        0x6 obj/lib/L0_LowLevel/source/core_cm3.o
                0x0000000000010200                __set_PSP
 .text.__set_MSP
                0x0000000000010206        0x6 obj/lib/L0_LowLevel/source/core_cm3.o
                0x0000000000010206                __set_MSP
 .text.__set_BASEPRI
                0x000000000001020c        0x6 obj/lib/L0_LowLevel/source/core_cm3.o
                0x000000000001020c                __set_BASEPRI
 *fill*         0x0000000000010212        0x2 ff
 .text.sys_get_boot_type
                0x0000000000010214        0xc obj/lib/L0_LowLevel/source/low_level_init.o
                0x0000000000010214                sys_get_boot_type
 .text.sys_get_boot_time
                0x0000000000010220       0x14 obj/lib/L0_LowLevel/source/low_level_init.o
                0x0000000000010220                sys_get_boot_time
 .text._Z14low_level_initv
                0x0000000000010234      0x240 obj/lib/L0_LowLevel/source/low_level_init.o
                0x0000000000010234                low_level_init()
 .text.lpc_pconp
                0x0000000000010474       0x34 obj/lib/L0_LowLevel/source/lpc_peripherals.o
                0x0000000000010474                lpc_pconp
 .text.lpc_pclk
                0x00000000000104a8       0x48 obj/lib/L0_LowLevel/source/lpc_peripherals.o
                0x00000000000104a8                lpc_pclk
 .text.lpc_sys_setup_system_timer
                0x00000000000104f0       0x54 obj/lib/L0_LowLevel/source/lpc_sys.o
                0x00000000000104f0                lpc_sys_setup_system_timer
 .text.sys_get_uptime_us
                0x0000000000010544       0x2c obj/lib/L0_LowLevel/source/lpc_sys.o
                0x0000000000010544                sys_get_uptime_us
 .text.sys_get_mem_info_str
                0x0000000000010570       0x38 obj/lib/L0_LowLevel/source/lpc_sys.o
                0x0000000000010570                sys_get_mem_info_str
 .text._ZN17SingletonTemplateI9IR_SensorE11getInstanceEv
                0x00000000000105a8       0x18 obj/lib/L0_LowLevel/source/lpc_sys.o
                0x00000000000105a8                SingletonTemplate<IR_Sensor>::getInstance()
 .text.TIMER1_IRQHandler
                0x00000000000105c0       0xbc obj/lib/L0_LowLevel/source/lpc_sys.o
                0x00000000000105c0                TIMER1_IRQHandler
 .text.isr_forwarder_routine
                0x000000000001067c       0x3c obj/lib/L0_LowLevel/source/startup.o
 .text.isr_hard_fault_handler
                0x00000000000106b8       0x58 obj/lib/L0_LowLevel/source/startup.o
                0x00000000000106b8                isr_hard_fault_handler
 .text._ZL19sys_clock_pll0_feedv
                0x0000000000010710       0x14 obj/lib/L0_LowLevel/source/sys_clock.o
 .text._ZL23sys_clock_configure_plljjPiS_S_.constprop.0
                0x0000000000010724       0x78 obj/lib/L0_LowLevel/source/sys_clock.o
 .text._Z19sys_clock_configurev
                0x000000000001079c       0xb4 obj/lib/L0_LowLevel/source/sys_clock.o
                0x000000000001079c                sys_clock_configure()
 .text.sys_get_cpu_clock
                0x0000000000010850       0xa8 obj/lib/L0_LowLevel/source/sys_clock.o
                0x0000000000010850                sys_get_cpu_clock
 .text.uart0_init
                0x00000000000108f8       0x60 obj/lib/L0_LowLevel/source/uart0_min.o
                0x00000000000108f8                uart0_init
 .text.uart0_getchar
                0x0000000000010958       0x18 obj/lib/L0_LowLevel/source/uart0_min.o
                0x0000000000010958                uart0_getchar
 .text.uart0_putchar
                0x0000000000010970       0x18 obj/lib/L0_LowLevel/source/uart0_min.o
                0x0000000000010970                uart0_putchar
 .text.uart0_puts
                0x0000000000010988       0x1a obj/lib/L0_LowLevel/source/uart0_min.o
                0x0000000000010988                uart0_puts
 .text.vApplicationIdleHook
                0x00000000000109a2        0x4 obj/lib/L1_FreeRTOS/hooks/hooks.o
                0x00000000000109a2                vApplicationIdleHook
 *fill*         0x00000000000109a6        0x2 ff
 .text.vApplicationStackOverflowHook
                0x00000000000109a8       0x38 obj/lib/L1_FreeRTOS/hooks/hooks.o
                0x00000000000109a8                vApplicationStackOverflowHook
 .text.vApplicationMallocFailedHook
                0x00000000000109e0       0x24 obj/lib/L1_FreeRTOS/hooks/hooks.o
                0x00000000000109e0                vApplicationMallocFailedHook
 .text.pvPortMalloc
                0x0000000000010a04       0x1e obj/lib/L1_FreeRTOS/MemMang/freertos_mem_man.o
                0x0000000000010a04                pvPortMalloc
 .text.vPortFree
                0x0000000000010a22       0x1a obj/lib/L1_FreeRTOS/MemMang/freertos_mem_man.o
                0x0000000000010a22                vPortFree
 .text.prvTaskExitError
                0x0000000000010a3c       0x12 obj/lib/L1_FreeRTOS/portable/no_mpu/port.o
 *fill*         0x0000000000010a4e        0x2 ff
 .text.prvPortStartFirstTask
                0x0000000000010a50       0x20 obj/lib/L1_FreeRTOS/portable/no_mpu/port.o
 .text.pxPortInitialiseStack
                0x0000000000010a70       0x24 obj/lib/L1_FreeRTOS/portable/no_mpu/port.o
                0x0000000000010a70                pxPortInitialiseStack
 *fill*         0x0000000000010a94        0xc ff
 .text.vPortSVCHandler
                0x0000000000010aa0       0x24 obj/lib/L1_FreeRTOS/portable/no_mpu/port.o
                0x0000000000010aa0                vPortSVCHandler
 .text.vPortEndScheduler
                0x0000000000010ac4        0x2 obj/lib/L1_FreeRTOS/portable/no_mpu/port.o
                0x0000000000010ac4                vPortEndScheduler
 *fill*         0x0000000000010ac6        0x2 ff
 .text.vPortEnterCritical
                0x0000000000010ac8       0x20 obj/lib/L1_FreeRTOS/portable/no_mpu/port.o
                0x0000000000010ac8                vPortEnterCritical
 .text.vPortExitCritical
                0x0000000000010ae8       0x14 obj/lib/L1_FreeRTOS/portable/no_mpu/port.o
                0x0000000000010ae8                vPortExitCritical
 *fill*         0x0000000000010afc        0x4 ff
 .text.xPortPendSVHandler
                0x0000000000010b00       0x44 obj/lib/L1_FreeRTOS/portable/no_mpu/port.o
                0x0000000000010b00                xPortPendSVHandler
 .text.xPortSysTickHandler
                0x0000000000010b44       0x2c obj/lib/L1_FreeRTOS/portable/no_mpu/port.o
                0x0000000000010b44                xPortSysTickHandler
 .text.vPortSetupTimerInterrupt
                0x0000000000010b70       0x14 obj/lib/L1_FreeRTOS/portable/no_mpu/port.o
                0x0000000000010b70                vPortSetupTimerInterrupt
 .text.xPortStartScheduler
                0x0000000000010b84       0x30 obj/lib/L1_FreeRTOS/portable/no_mpu/port.o
                0x0000000000010b84                xPortStartScheduler
 .text.rts_not_full_trace_init
                0x0000000000010bb4       0x14 obj/lib/L1_FreeRTOS/portable/run_time_stats.o
                0x0000000000010bb4                rts_not_full_trace_init
 .text.rts_not_full_trace_get
                0x0000000000010bc8       0x14 obj/lib/L1_FreeRTOS/portable/run_time_stats.o
                0x0000000000010bc8                rts_not_full_trace_get
 .text.rts_not_full_trace_reset
                0x0000000000010bdc       0x14 obj/lib/L1_FreeRTOS/portable/run_time_stats.o
                0x0000000000010bdc                rts_not_full_trace_reset
 .text.vListInitialise
                0x0000000000010bf0       0x16 obj/lib/L1_FreeRTOS/src/list.o
                0x0000000000010bf0                vListInitialise
 .text.vListInitialiseItem
                0x0000000000010c06        0x6 obj/lib/L1_FreeRTOS/src/list.o
                0x0000000000010c06                vListInitialiseItem
 .text.vListInsertEnd
                0x0000000000010c0c       0x18 obj/lib/L1_FreeRTOS/src/list.o
                0x0000000000010c0c                vListInsertEnd
 .text.vListInsert
                0x0000000000010c24       0x2e obj/lib/L1_FreeRTOS/src/list.o
                0x0000000000010c24                vListInsert
 .text.uxListRemove
                0x0000000000010c52       0x20 obj/lib/L1_FreeRTOS/src/list.o
                0x0000000000010c52                uxListRemove
 .text.prvCopyDataToQueue
                0x0000000000010c72       0x66 obj/lib/L1_FreeRTOS/src/queue.o
 .text.prvNotifyQueueSetContainer
                0x0000000000010cd8       0x4a obj/lib/L1_FreeRTOS/src/queue.o
 .text.prvCopyDataFromQueue
                0x0000000000010d22       0x28 obj/lib/L1_FreeRTOS/src/queue.o
 .text.prvUnlockQueue
                0x0000000000010d4a       0x7e obj/lib/L1_FreeRTOS/src/queue.o
 .text.xQueueGenericReset
                0x0000000000010dc8       0x6c obj/lib/L1_FreeRTOS/src/queue.o
                0x0000000000010dc8                xQueueGenericReset
 .text.xQueueGenericCreate
                0x0000000000010e34       0x32 obj/lib/L1_FreeRTOS/src/queue.o
                0x0000000000010e34                xQueueGenericCreate
 .text.xQueueCreateCountingSemaphore
                0x0000000000010e66       0x12 obj/lib/L1_FreeRTOS/src/queue.o
                0x0000000000010e66                xQueueCreateCountingSemaphore
 .text.xQueueGenericSend
                0x0000000000010e78      0x104 obj/lib/L1_FreeRTOS/src/queue.o
                0x0000000000010e78                xQueueGenericSend
 .text.xQueueCreateMutex
                0x0000000000010f7c       0x24 obj/lib/L1_FreeRTOS/src/queue.o
                0x0000000000010f7c                xQueueCreateMutex
 .text.xQueueGenericSendFromISR
                0x0000000000010fa0       0x80 obj/lib/L1_FreeRTOS/src/queue.o
                0x0000000000010fa0                xQueueGenericSendFromISR
 .text.xQueueGiveFromISR
                0x0000000000011020       0x68 obj/lib/L1_FreeRTOS/src/queue.o
                0x0000000000011020                xQueueGiveFromISR
 .text.xQueueGenericReceive
                0x0000000000011088      0x134 obj/lib/L1_FreeRTOS/src/queue.o
                0x0000000000011088                xQueueGenericReceive
 .text.xQueueReceiveFromISR
                0x00000000000111bc       0x68 obj/lib/L1_FreeRTOS/src/queue.o
                0x00000000000111bc                xQueueReceiveFromISR
 .text.uxQueueMessagesWaiting
                0x0000000000011224       0x12 obj/lib/L1_FreeRTOS/src/queue.o
                0x0000000000011224                uxQueueMessagesWaiting
 .text.uxQueueMessagesWaitingFromISR
                0x0000000000011236        0x4 obj/lib/L1_FreeRTOS/src/queue.o
                0x0000000000011236                uxQueueMessagesWaitingFromISR
 .text.xQueueSelectFromSet
                0x000000000001123a       0x18 obj/lib/L1_FreeRTOS/src/queue.o
                0x000000000001123a                xQueueSelectFromSet
 .text.prvResetRunTimeStatsInList
                0x0000000000011252       0x2e obj/lib/L1_FreeRTOS/src/tasks.o
 .text.prvIdleTask
                0x0000000000011280       0x28 obj/lib/L1_FreeRTOS/src/tasks.o
 .text.prvResetNextTaskUnblockTime
                0x00000000000112a8       0x24 obj/lib/L1_FreeRTOS/src/tasks.o
 .text.prvAddCurrentTaskToDelayedList
                0x00000000000112cc       0x8c obj/lib/L1_FreeRTOS/src/tasks.o
 .text.xTaskCreate
                0x0000000000011358      0x1a4 obj/lib/L1_FreeRTOS/src/tasks.o
                0x0000000000011358                xTaskCreate
 .text.eTaskGetState
                0x00000000000114fc       0x54 obj/lib/L1_FreeRTOS/src/tasks.o
                0x00000000000114fc                eTaskGetState
 .text.vTaskStartScheduler
                0x0000000000011550       0x64 obj/lib/L1_FreeRTOS/src/tasks.o
                0x0000000000011550                vTaskStartScheduler
 .text.vTaskEndScheduler
                0x00000000000115b4       0x20 obj/lib/L1_FreeRTOS/src/tasks.o
                0x00000000000115b4                vTaskEndScheduler
 .text.vTaskSuspendAll
                0x00000000000115d4       0x10 obj/lib/L1_FreeRTOS/src/tasks.o
                0x00000000000115d4                vTaskSuspendAll
 .text.xTaskGetTickCount
                0x00000000000115e4        0xc obj/lib/L1_FreeRTOS/src/tasks.o
                0x00000000000115e4                xTaskGetTickCount
 .text.xTaskGetTickCountFromISR
                0x00000000000115f0        0xc obj/lib/L1_FreeRTOS/src/tasks.o
                0x00000000000115f0                xTaskGetTickCountFromISR
 .text.uxTaskGetNumberOfTasks
                0x00000000000115fc        0xc obj/lib/L1_FreeRTOS/src/tasks.o
                0x00000000000115fc                uxTaskGetNumberOfTasks
 .text.xTaskIncrementTick
                0x0000000000011608      0x10c obj/lib/L1_FreeRTOS/src/tasks.o
                0x0000000000011608                xTaskIncrementTick
 .text.xTaskResumeAll
                0x0000000000011714       0xd8 obj/lib/L1_FreeRTOS/src/tasks.o
                0x0000000000011714                xTaskResumeAll
 .text.vTaskDelayUntil
                0x00000000000117ec       0x58 obj/lib/L1_FreeRTOS/src/tasks.o
                0x00000000000117ec                vTaskDelayUntil
 .text.vTaskDelay
                0x0000000000011844       0x30 obj/lib/L1_FreeRTOS/src/tasks.o
                0x0000000000011844                vTaskDelay
 .text.vTaskSwitchContext
                0x0000000000011874       0xb8 obj/lib/L1_FreeRTOS/src/tasks.o
                0x0000000000011874                vTaskSwitchContext
 .text.vTaskSuspend
                0x000000000001192c       0xb0 obj/lib/L1_FreeRTOS/src/tasks.o
                0x000000000001192c                vTaskSuspend
 .text.vTaskPlaceOnEventList
                0x00000000000119dc       0x20 obj/lib/L1_FreeRTOS/src/tasks.o
                0x00000000000119dc                vTaskPlaceOnEventList
 .text.xTaskRemoveFromEventList
                0x00000000000119fc       0x70 obj/lib/L1_FreeRTOS/src/tasks.o
                0x00000000000119fc                xTaskRemoveFromEventList
 .text.vTaskSetTimeOutState
                0x0000000000011a6c       0x18 obj/lib/L1_FreeRTOS/src/tasks.o
                0x0000000000011a6c                vTaskSetTimeOutState
 .text.xTaskCheckForTimeOut
                0x0000000000011a84       0x4c obj/lib/L1_FreeRTOS/src/tasks.o
                0x0000000000011a84                xTaskCheckForTimeOut
 .text.vTaskMissedYield
                0x0000000000011ad0        0xc obj/lib/L1_FreeRTOS/src/tasks.o
                0x0000000000011ad0                vTaskMissedYield
 .text.vTaskGetInfo
                0x0000000000011adc       0x80 obj/lib/L1_FreeRTOS/src/tasks.o
                0x0000000000011adc                vTaskGetInfo
 .text.prvListTasksWithinSingleList
                0x0000000000011b5c       0x5c obj/lib/L1_FreeRTOS/src/tasks.o
 .text.uxTaskGetSystemState
                0x0000000000011bb8       0x98 obj/lib/L1_FreeRTOS/src/tasks.o
                0x0000000000011bb8                uxTaskGetSystemState
 .text.uxTaskGetStackHighWaterMark
                0x0000000000011c50       0x20 obj/lib/L1_FreeRTOS/src/tasks.o
                0x0000000000011c50                uxTaskGetStackHighWaterMark
 .text.xTaskGetSchedulerState
                0x0000000000011c70       0x20 obj/lib/L1_FreeRTOS/src/tasks.o
                0x0000000000011c70                xTaskGetSchedulerState
 .text.vTaskPriorityInherit
                0x0000000000011c90       0x90 obj/lib/L1_FreeRTOS/src/tasks.o
                0x0000000000011c90                vTaskPriorityInherit
 .text.xTaskPriorityDisinherit
                0x0000000000011d20       0x70 obj/lib/L1_FreeRTOS/src/tasks.o
                0x0000000000011d20                xTaskPriorityDisinherit
 .text.pvTaskIncrementMutexHeldCount
                0x0000000000011d90       0x18 obj/lib/L1_FreeRTOS/src/tasks.o
                0x0000000000011d90                pvTaskIncrementMutexHeldCount
 .text.vTaskResetRunTimeStats
                0x0000000000011da8       0x68 obj/lib/L1_FreeRTOS/src/tasks.o
                0x0000000000011da8                vTaskResetRunTimeStats
 .text.vRunTimeStatIsrEntry
                0x0000000000011e10       0x28 obj/lib/L1_FreeRTOS/src/tasks.o
                0x0000000000011e10                vRunTimeStatIsrEntry
 .text.vRunTimeStatIsrExit
                0x0000000000011e38       0x10 obj/lib/L1_FreeRTOS/src/tasks.o
                0x0000000000011e38                vRunTimeStatIsrExit
 .text._ZN7CharDev5flushEv
                0x0000000000011e48        0x4 obj/lib/L2_Drivers/base/char_dev.o
                0x0000000000011e48                CharDev::flush()
 .text._ZN7CharDev3putEPKcj
                0x0000000000011e4c       0x28 obj/lib/L2_Drivers/base/char_dev.o
                0x0000000000011e4c                CharDev::put(char const*, unsigned int)
 .text._ZN7CharDev7putlineEPKcj
                0x0000000000011e74       0x1c obj/lib/L2_Drivers/base/char_dev.o
                0x0000000000011e74                CharDev::putline(char const*, unsigned int)
 .text._ZN7CharDev4getsEPcij
                0x0000000000011e90       0x50 obj/lib/L2_Drivers/base/char_dev.o
                0x0000000000011e90                CharDev::gets(char*, int, unsigned int)
 .text._ZN7CharDev6printfEPKcz
                0x0000000000011ee0       0x78 obj/lib/L2_Drivers/base/char_dev.o
                0x0000000000011ee0                CharDev::printf(char const*, ...)
 .text._ZN7CharDevC2Ev
                0x0000000000011f58       0x20 obj/lib/L2_Drivers/base/char_dev.o
                0x0000000000011f58                CharDev::CharDev()
                0x0000000000011f58                CharDev::CharDev()
 .text._ZN7CharDevD2Ev
                0x0000000000011f78       0x18 obj/lib/L2_Drivers/base/char_dev.o
                0x0000000000011f78                CharDev::~CharDev()
                0x0000000000011f78                CharDev::~CharDev()
 .text._ZN8I2C_Base8transferEhhPhm
                0x0000000000011f90       0xd8 obj/lib/L2_Drivers/base/i2c_base.o
                0x0000000000011f90                I2C_Base::transfer(unsigned char, unsigned char, unsigned char*, unsigned long)
 .text._ZN8I2C_Base13readRegistersEhhPhm
                0x0000000000012068        0x8 obj/lib/L2_Drivers/base/i2c_base.o
                0x0000000000012068                I2C_Base::readRegisters(unsigned char, unsigned char, unsigned char*, unsigned long)
 .text._ZN8I2C_Base7readRegEhh
                0x0000000000012070       0x1a obj/lib/L2_Drivers/base/i2c_base.o
                0x0000000000012070                I2C_Base::readReg(unsigned char, unsigned char)
 .text._ZN8I2C_Base14writeRegistersEhhPhm
                0x000000000001208a        0x8 obj/lib/L2_Drivers/base/i2c_base.o
                0x000000000001208a                I2C_Base::writeRegisters(unsigned char, unsigned char, unsigned char*, unsigned long)
 .text._ZN8I2C_Base8writeRegEhhh
                0x0000000000012092       0x16 obj/lib/L2_Drivers/base/i2c_base.o
                0x0000000000012092                I2C_Base::writeReg(unsigned char, unsigned char, unsigned char)
 .text._ZN8I2C_Base19checkDeviceResponseEh
                0x00000000000120a8       0x16 obj/lib/L2_Drivers/base/i2c_base.o
                0x00000000000120a8                I2C_Base::checkDeviceResponse(unsigned char)
 *fill*         0x00000000000120be        0x2 ff
 .text._ZN8I2C_BaseC2EP15LPC_I2C_TypeDef
                0x00000000000120c0       0x50 obj/lib/L2_Drivers/base/i2c_base.o
                0x00000000000120c0                I2C_Base::I2C_Base(LPC_I2C_TypeDef*)
                0x00000000000120c0                I2C_Base::I2C_Base(LPC_I2C_TypeDef*)
 .text._ZN8I2C_Base4initEmm
                0x0000000000012110       0x94 obj/lib/L2_Drivers/base/i2c_base.o
                0x0000000000012110                I2C_Base::init(unsigned long, unsigned long)
 .text._ZN8I2C_Base15i2cStateMachineEv
                0x00000000000121a4      0x11e obj/lib/L2_Drivers/base/i2c_base.o
                0x00000000000121a4                I2C_Base::i2cStateMachine()
 *fill*         0x00000000000122c2        0x2 ff
 .text._ZN8I2C_Base15handleInterruptEv
                0x00000000000122c4       0x34 obj/lib/L2_Drivers/base/i2c_base.o
                0x00000000000122c4                I2C_Base::handleInterrupt()
 .text._ZN7UartDev7putCharEcj
                0x00000000000122f8       0x5c obj/lib/L2_Drivers/base/uart_dev.o
                0x00000000000122f8                UartDev::putChar(char, unsigned int)
 .text._ZN7UartDevD2Ev
                0x0000000000012354       0x14 obj/lib/L2_Drivers/base/uart_dev.o
                0x0000000000012354                UartDev::~UartDev()
                0x0000000000012354                UartDev::~UartDev()
 .text._ZN7UartDevD0Ev
                0x0000000000012368       0x12 obj/lib/L2_Drivers/base/uart_dev.o
                0x0000000000012368                UartDev::~UartDev()
 .text._ZN7UartDev5flushEv
                0x000000000001237a       0x20 obj/lib/L2_Drivers/base/uart_dev.o
                0x000000000001237a                UartDev::flush()
 .text._ZN7UartDev7getCharEPcj
                0x000000000001239a       0x6c obj/lib/L2_Drivers/base/uart_dev.o
                0x000000000001239a                UartDev::getChar(char*, unsigned int)
 *fill*         0x0000000000012406        0x2 ff
 .text._ZN7UartDev11setBaudRateEj
                0x0000000000012408       0x34 obj/lib/L2_Drivers/base/uart_dev.o
                0x0000000000012408                UartDev::setBaudRate(unsigned int)
 .text._ZN7UartDev15handleInterruptEv
                0x000000000001243c       0xc0 obj/lib/L2_Drivers/base/uart_dev.o
                0x000000000001243c                UartDev::handleInterrupt()
 .text._ZN7UartDevC2EPj
                0x00000000000124fc       0x28 obj/lib/L2_Drivers/base/uart_dev.o
                0x00000000000124fc                UartDev::UartDev(unsigned int*)
                0x00000000000124fc                UartDev::UartDev(unsigned int*)
 .text._ZN7UartDev4initEjjii
                0x0000000000012524       0xac obj/lib/L2_Drivers/base/uart_dev.o
                0x0000000000012524                UartDev::init(unsigned int, unsigned int, int, int)
 .text.adc0_start_conversion
                0x00000000000125d0       0x24 obj/lib/L2_Drivers/src/adc.o
 .text.ADC_IRQHandler
                0x00000000000125f4       0x48 obj/lib/L2_Drivers/src/adc.o
                0x00000000000125f4                ADC_IRQHandler
 .text.adc0_init
                0x000000000001263c       0x74 obj/lib/L2_Drivers/src/adc.o
                0x000000000001263c                adc0_init
 .text.adc0_get_reading
                0x00000000000126b0       0x74 obj/lib/L2_Drivers/src/adc.o
                0x00000000000126b0                adc0_get_reading
 .text.CAN_tx_now
                0x0000000000012724       0x32 obj/lib/L2_Drivers/src/can.o
 *fill*         0x0000000000012756        0x2 ff
 .text.CAN_handle_isr
                0x0000000000012758       0xa4 obj/lib/L2_Drivers/src/can.o
 .text.CAN_IRQHandler
                0x00000000000127fc       0x28 obj/lib/L2_Drivers/src/can.o
                0x00000000000127fc                CAN_IRQHandler
 .text.eint3_enable.isra.0
                0x0000000000012824       0x38 obj/lib/L2_Drivers/src/eint.o
 .text.eint3_enable_port0
                0x000000000001285c       0x30 obj/lib/L2_Drivers/src/eint.o
                0x000000000001285c                eint3_enable_port0
 .text._ZN4I2C24initEj
                0x000000000001288c       0x68 obj/lib/L2_Drivers/src/i2c2.o
                0x000000000001288c                I2C2::init(unsigned int)
 .text._ZN4I2C2C2Ev
                0x00000000000128f4       0x14 obj/lib/L2_Drivers/src/i2c2.o
                0x00000000000128f4                I2C2::I2C2()
                0x00000000000128f4                I2C2::I2C2()
 .text.I2C2_IRQHandler
                0x0000000000012908       0x24 obj/lib/L2_Drivers/src/i2c2.o
                0x0000000000012908                I2C2_IRQHandler
 .text.RIT_IRQHandler
                0x000000000001292c       0x1c obj/lib/L2_Drivers/src/lpc_rit.o
                0x000000000001292c                RIT_IRQHandler
 .text.lpc_timer_get_struct
                0x0000000000012948       0x20 obj/lib/L2_Drivers/src/lpc_timers.o
 .text.lpc_timer_enable
                0x0000000000012968       0x6c obj/lib/L2_Drivers/src/lpc_timers.o
                0x0000000000012968                lpc_timer_enable
 .text._ZN12NordicStream5flushEv
                0x00000000000129d4       0x5c obj/lib/L2_Drivers/src/nrf_stream.o
                0x00000000000129d4                NordicStream::flush()
 .text._ZN12NordicStreamD2Ev
                0x0000000000012a30       0x14 obj/lib/L2_Drivers/src/nrf_stream.o
                0x0000000000012a30                NordicStream::~NordicStream()
                0x0000000000012a30                NordicStream::~NordicStream()
 .text._ZN12NordicStreamD0Ev
                0x0000000000012a44       0x12 obj/lib/L2_Drivers/src/nrf_stream.o
                0x0000000000012a44                NordicStream::~NordicStream()
 .text._ZN12NordicStream7putCharEcj
                0x0000000000012a56       0x22 obj/lib/L2_Drivers/src/nrf_stream.o
                0x0000000000012a56                NordicStream::putChar(char, unsigned int)
 .text._ZN12NordicStream7getCharEPcj
                0x0000000000012a78       0x44 obj/lib/L2_Drivers/src/nrf_stream.o
                0x0000000000012a78                NordicStream::getChar(char*, unsigned int)
 .text._ZN12NordicStreamC2Ev
                0x0000000000012abc       0x40 obj/lib/L2_Drivers/src/nrf_stream.o
                0x0000000000012abc                NordicStream::NordicStream()
                0x0000000000012abc                NordicStream::NordicStream()
 .text.rtc_gettime
                0x0000000000012afc       0x48 obj/lib/L2_Drivers/src/rtc.o
                0x0000000000012afc                rtc_gettime
 .text.rtc_settime
                0x0000000000012b44       0x68 obj/lib/L2_Drivers/src/rtc.o
                0x0000000000012b44                rtc_settime
 .text.rtc_init
                0x0000000000012bac       0xd0 obj/lib/L2_Drivers/src/rtc.o
                0x0000000000012bac                rtc_init
 .text.rtc_get_date_time_str
                0x0000000000012c7c       0x14 obj/lib/L2_Drivers/src/rtc.o
                0x0000000000012c7c                rtc_get_date_time_str
 .text.ssp1_dma_init
                0x0000000000012c90       0x1c obj/lib/L2_Drivers/src/spi_dma.o
                0x0000000000012c90                ssp1_dma_init
 .text.ssp1_dma_transfer_block
                0x0000000000012cac       0xc0 obj/lib/L2_Drivers/src/spi_dma.o
                0x0000000000012cac                ssp1_dma_transfer_block
 .text.spi1_lock
                0x0000000000012d6c       0x30 obj/lib/L2_Drivers/src/spi_sem.o
                0x0000000000012d6c                spi1_lock
 .text.spi1_unlock
                0x0000000000012d9c       0x24 obj/lib/L2_Drivers/src/spi_sem.o
                0x0000000000012d9c                spi1_unlock
 .text._ZN5Uart0D2Ev
                0x0000000000012dc0       0x14 obj/lib/L2_Drivers/src/uart0.o
                0x0000000000012dc0                Uart0::~Uart0()
                0x0000000000012dc0                Uart0::~Uart0()
 .text._ZN5Uart0D0Ev
                0x0000000000012dd4       0x12 obj/lib/L2_Drivers/src/uart0.o
                0x0000000000012dd4                Uart0::~Uart0()
 *fill*         0x0000000000012de6        0x2 ff
 .text._ZN5Uart04initEjii
                0x0000000000012de8       0x40 obj/lib/L2_Drivers/src/uart0.o
                0x0000000000012de8                Uart0::init(unsigned int, int, int)
 .text._ZN5Uart0C2Ev
                0x0000000000012e28       0x1c obj/lib/L2_Drivers/src/uart0.o
                0x0000000000012e28                Uart0::Uart0()
                0x0000000000012e28                Uart0::Uart0()
 .text.UART0_IRQHandler
                0x0000000000012e44       0x24 obj/lib/L2_Drivers/src/uart0.o
                0x0000000000012e44                UART0_IRQHandler
 .text._ZN5Uart2D2Ev
                0x0000000000012e68       0x14 obj/lib/L2_Drivers/src/uart2.o
                0x0000000000012e68                Uart2::~Uart2()
                0x0000000000012e68                Uart2::~Uart2()
 .text._ZN5Uart2D0Ev
                0x0000000000012e7c       0x12 obj/lib/L2_Drivers/src/uart2.o
                0x0000000000012e7c                Uart2::~Uart2()
 *fill*         0x0000000000012e8e        0x2 ff
 .text._ZN5Uart2C2Ev
                0x0000000000012e90       0x1c obj/lib/L2_Drivers/src/uart2.o
                0x0000000000012e90                Uart2::Uart2()
                0x0000000000012e90                Uart2::Uart2()
 .text.UART2_IRQHandler
                0x0000000000012eac       0x24 obj/lib/L2_Drivers/src/uart2.o
                0x0000000000012eac                UART2_IRQHandler
 .text._ZN5Uart3D2Ev
                0x0000000000012ed0       0x14 obj/lib/L2_Drivers/src/uart3.o
                0x0000000000012ed0                Uart3::~Uart3()
                0x0000000000012ed0                Uart3::~Uart3()
 .text._ZN5Uart3D0Ev
                0x0000000000012ee4       0x12 obj/lib/L2_Drivers/src/uart3.o
                0x0000000000012ee4                Uart3::~Uart3()
 *fill*         0x0000000000012ef6        0x2 ff
 .text._ZN5Uart3C2Ev
                0x0000000000012ef8       0x1c obj/lib/L2_Drivers/src/uart3.o
                0x0000000000012ef8                Uart3::Uart3()
                0x0000000000012ef8                Uart3::Uart3()
 .text.UART3_IRQHandler
                0x0000000000012f14       0x24 obj/lib/L2_Drivers/src/uart3.o
                0x0000000000012f14                UART3_IRQHandler
 .text._ZN16CommandProcessor10addHandlerEPFbR3strR7CharDevPvEPKcS8_S4_
                0x0000000000012f38       0x7c obj/lib/L3_Utils/src/command_handler.o
                0x0000000000012f38                CommandProcessor::addHandler(bool (*)(str&, CharDev&, void*), char const*, char const*, void*)
 .text._ZN16CommandProcessor24getRegisteredCommandListER7CharDev
                0x0000000000012fb4       0xa0 obj/lib/L3_Utils/src/command_handler.o
                0x0000000000012fb4                CommandProcessor::getRegisteredCommandList(CharDev&)
 .text._ZN16CommandProcessor11getHelpTextER3strR7CharDev
                0x0000000000013054       0x70 obj/lib/L3_Utils/src/command_handler.o
                0x0000000000013054                CommandProcessor::getHelpText(str&, CharDev&)
 .text._ZN16CommandProcessor15prepareCmdParamER3strPKc
                0x00000000000130c4       0x3c obj/lib/L3_Utils/src/command_handler.o
                0x00000000000130c4                CommandProcessor::prepareCmdParam(str&, char const*)
 .text._ZN16CommandProcessor13handleCommandER3strR7CharDev
                0x0000000000013100      0x164 obj/lib/L3_Utils/src/command_handler.o
                0x0000000000013100                CommandProcessor::handleCommand(str&, CharDev&)
 .text.c_list_create
                0x0000000000013264       0x14 obj/lib/L3_Utils/src/c_list.o
                0x0000000000013264                c_list_create
 .text.c_list_node_count
                0x0000000000013278        0x6 obj/lib/L3_Utils/src/c_list.o
                0x0000000000013278                c_list_node_count
 .text.c_list_insert_elm_end
                0x000000000001327e       0x38 obj/lib/L3_Utils/src/c_list.o
                0x000000000001327e                c_list_insert_elm_end
 .text.c_list_get_elm_at
                0x00000000000132b6       0x2c obj/lib/L3_Utils/src/c_list.o
                0x00000000000132b6                c_list_get_elm_at
 .text.c_list_find_elm
                0x00000000000132e2       0x2c obj/lib/L3_Utils/src/c_list.o
                0x00000000000132e2                c_list_find_elm
 .text.c_list_for_each_elm
                0x000000000001330e       0x2a obj/lib/L3_Utils/src/c_list.o
                0x000000000001330e                c_list_for_each_elm
 .text.logger_get_buffer_ptr
                0x0000000000013338       0x48 obj/lib/L3_Utils/src/file_logger.o
 .text.logger_write_to_file
                0x0000000000013380       0xb4 obj/lib/L3_Utils/src/file_logger.o
 .text.logger_task
                0x0000000000013434       0xd0 obj/lib/L3_Utils/src/file_logger.o
 .text.logger_write_log_message
                0x0000000000013504       0x48 obj/lib/L3_Utils/src/file_logger.o
 .text.logger_send_flush_request
                0x000000000001354c       0x34 obj/lib/L3_Utils/src/file_logger.o
                0x000000000001354c                logger_send_flush_request
 .text.logger_get_logged_call_count
                0x0000000000013580       0x14 obj/lib/L3_Utils/src/file_logger.o
                0x0000000000013580                logger_get_logged_call_count
 .text.logger_get_blocked_call_count
                0x0000000000013594        0xc obj/lib/L3_Utils/src/file_logger.o
                0x0000000000013594                logger_get_blocked_call_count
 .text.logger_get_highest_file_write_time_ms
                0x00000000000135a0        0xc obj/lib/L3_Utils/src/file_logger.o
                0x00000000000135a0                logger_get_highest_file_write_time_ms
 .text.logger_get_num_buffers_watermark
                0x00000000000135ac        0xc obj/lib/L3_Utils/src/file_logger.o
                0x00000000000135ac                logger_get_num_buffers_watermark
 .text.logger_init
                0x00000000000135b8       0xcc obj/lib/L3_Utils/src/file_logger.o
                0x00000000000135b8                logger_init
 .text.logger_set_printf
                0x0000000000013684       0x1c obj/lib/L3_Utils/src/file_logger.o
                0x0000000000013684                logger_set_printf
 .text.logger_log
                0x00000000000136a0      0x138 obj/lib/L3_Utils/src/file_logger.o
                0x00000000000136a0                logger_log
 .text.logger_log_raw
                0x00000000000137d8       0x40 obj/lib/L3_Utils/src/file_logger.o
                0x00000000000137d8                logger_log_raw
 .text.u0_dbg_put
                0x0000000000013818       0x1e obj/lib/L3_Utils/src/printf_lib.o
                0x0000000000013818                u0_dbg_put
 .text.u0_dbg_printf
                0x0000000000013836       0x3c obj/lib/L3_Utils/src/printf_lib.o
                0x0000000000013836                u0_dbg_printf
 .text.for_each_recur_alarm_callback
                0x0000000000013872       0x24 obj/lib/L3_Utils/src/rtc_alarm.o
 .text.for_each_alarm_callback
                0x0000000000013896       0x5a obj/lib/L3_Utils/src/rtc_alarm.o
 .text.RTC_IRQHandler
                0x00000000000138f0       0xac obj/lib/L3_Utils/src/rtc_alarm.o
                0x00000000000138f0                RTC_IRQHandler
 .text._ZN14scheduler_task4initEv
                0x000000000001399c        0x4 obj/lib/L3_Utils/src/scheduler_task.o
                0x000000000001399c                scheduler_task::init()
 .text._ZN14scheduler_task6regTlmEv
                0x00000000000139a0        0x4 obj/lib/L3_Utils/src/scheduler_task.o
                0x00000000000139a0                scheduler_task::regTlm()
 .text._ZN14scheduler_task9taskEntryEv
                0x00000000000139a4        0x4 obj/lib/L3_Utils/src/scheduler_task.o
                0x00000000000139a4                scheduler_task::taskEntry()
 .text.__sputc_r
                0x00000000000139a8       0x2c obj/lib/L3_Utils/src/scheduler_task.o
 .text._ZL9dbg_printPKcS0_
                0x00000000000139d4       0x34 obj/lib/L3_Utils/src/scheduler_task.o
 .text._ZL9printlinePKcS0_
                0x0000000000013a08       0x38 obj/lib/L3_Utils/src/scheduler_task.o
 .text._Z24scheduler_c_task_privatePv
                0x0000000000013a40      0x124 obj/lib/L3_Utils/src/scheduler_task.o
                0x0000000000013a40                scheduler_c_task_private(void*)
 .text._Z18scheduler_init_allb
                0x0000000000013b64      0x1b0 obj/lib/L3_Utils/src/scheduler_task.o
                0x0000000000013b64                scheduler_init_all(bool)
 .text._Z18scheduler_add_taskP14scheduler_task
                0x0000000000013d14       0x1c obj/lib/L3_Utils/src/scheduler_task.o
                0x0000000000013d14                scheduler_add_task(scheduler_task*)
 .text._Z15scheduler_startbb
                0x0000000000013d30       0x40 obj/lib/L3_Utils/src/scheduler_task.o
                0x0000000000013d30                scheduler_start(bool, bool)
 .text._ZN14scheduler_taskC2EPKcmhPv
                0x0000000000013d70       0x34 obj/lib/L3_Utils/src/scheduler_task.o
                0x0000000000013d70                scheduler_task::scheduler_task(char const*, unsigned long, unsigned char, void*)
                0x0000000000013d70                scheduler_task::scheduler_task(char const*, unsigned long, unsigned char, void*)
 .text._ZN14scheduler_task15getSharedObjectEh
                0x0000000000013da4       0x18 obj/lib/L3_Utils/src/scheduler_task.o
                0x0000000000013da4                scheduler_task::getSharedObject(unsigned char)
 .text._ZN3strC2EPci
                0x0000000000013dbc       0x28 obj/lib/L3_Utils/src/str.o
                0x0000000000013dbc                str::str(char*, int)
                0x0000000000013dbc                str::str(char*, int)
 .text._ZN3strD2Ev
                0x0000000000013de4       0x24 obj/lib/L3_Utils/src/str.o
                0x0000000000013de4                str::~str()
                0x0000000000013de4                str::~str()
 .text._ZNK3str6getLenEv
                0x0000000000013e08        0x6 obj/lib/L3_Utils/src/str.o
                0x0000000000013e08                str::getLen() const
 .text._ZNK3str11getCapacityEv
                0x0000000000013e0e        0x4 obj/lib/L3_Utils/src/str.o
                0x0000000000013e0e                str::getCapacity() const
 .text._ZN3str5clearEv
                0x0000000000013e12        0x8 obj/lib/L3_Utils/src/str.o
                0x0000000000013e12                str::clear()
 .text._ZN3str5scanfEPKcz
                0x0000000000013e1a       0x1c obj/lib/L3_Utils/src/str.o
                0x0000000000013e1a                str::scanf(char const*, ...)
 .text._ZN3str8tokenizeEPKciz
                0x0000000000013e36       0x4c obj/lib/L3_Utils/src/str.o
                0x0000000000013e36                str::tokenize(char const*, int, ...)
 .text._ZNK3str9compareToEPKc
                0x0000000000013e82       0x14 obj/lib/L3_Utils/src/str.o
                0x0000000000013e82                str::compareTo(char const*) const
 .text._ZNK3str19compareToIgnoreCaseEPKc
                0x0000000000013e96       0x10 obj/lib/L3_Utils/src/str.o
                0x0000000000013e96                str::compareToIgnoreCase(char const*) const
 .text._ZNK3str22firstIndexOfIgnoreCaseEPKc
                0x0000000000013ea6       0x80 obj/lib/L3_Utils/src/str.o
                0x0000000000013ea6                str::firstIndexOfIgnoreCase(char const*) const
 .text._ZNK3str18containsIgnoreCaseEPKc
                0x0000000000013f26        0xe obj/lib/L3_Utils/src/str.o
                0x0000000000013f26                str::containsIgnoreCase(char const*) const
 .text._ZNK3str12firstIndexOfEPKc
                0x0000000000013f34       0x16 obj/lib/L3_Utils/src/str.o
                0x0000000000013f34                str::firstIndexOf(char const*) const
 .text._ZNK3str10beginsWithEPKc
                0x0000000000013f4a       0x2e obj/lib/L3_Utils/src/str.o
                0x0000000000013f4a                str::beginsWith(char const*) const
 .text._ZNK3str20beginsWithIgnoreCaseEPKc
                0x0000000000013f78       0x2e obj/lib/L3_Utils/src/str.o
                0x0000000000013f78                str::beginsWithIgnoreCase(char const*) const
 .text._ZNK3str29beginsWithWholeWordIgnoreCaseEPKcc
                0x0000000000013fa6       0x38 obj/lib/L3_Utils/src/str.o
                0x0000000000013fa6                str::beginsWithWholeWordIgnoreCase(char const*, char) const
 .text._ZN3str10eraseFirstEi
                0x0000000000013fde       0x28 obj/lib/L3_Utils/src/str.o
                0x0000000000013fde                str::eraseFirst(int)
 .text._ZN3str9eraseLastEi
                0x0000000000014006       0x1e obj/lib/L3_Utils/src/str.o
                0x0000000000014006                str::eraseLast(int)
 .text._ZN3str10eraseAfterEii
                0x0000000000014024       0x38 obj/lib/L3_Utils/src/str.o
                0x0000000000014024                str::eraseAfter(int, int)
 .text._ZN3str5eraseEPKc
                0x000000000001405c       0x28 obj/lib/L3_Utils/src/str.o
                0x000000000001405c                str::erase(char const*)
 .text._ZN3str15eraseFirstWordsEic
                0x0000000000014084       0x2a obj/lib/L3_Utils/src/str.o
                0x0000000000014084                str::eraseFirstWords(int, char)
 .text._ZN3str9trimStartEPKc
                0x00000000000140ae       0x40 obj/lib/L3_Utils/src/str.o
                0x00000000000140ae                str::trimStart(char const*)
 .text._ZN3str7trimEndEPKc
                0x00000000000140ee       0x3a obj/lib/L3_Utils/src/str.o
                0x00000000000140ee                str::trimEnd(char const*)
 .text._ZNK3streqEPKc
                0x0000000000014128        0x4 obj/lib/L3_Utils/src/str.o
                0x0000000000014128                str::operator==(char const*) const
 .text._ZNK3strclEv
                0x000000000001412c        0x4 obj/lib/L3_Utils/src/str.o
                0x000000000001412c                str::operator()() const
 .text._ZNK3strcviEv
                0x0000000000014130        0x6 obj/lib/L3_Utils/src/str.o
                0x0000000000014130                str::operator int() const
 .text._ZN3strixEi
                0x0000000000014136       0x14 obj/lib/L3_Utils/src/str.o
                0x0000000000014136                str::operator[](int)
 .text._ZN3str13reAllocateMemEi
                0x000000000001414a       0x4c obj/lib/L3_Utils/src/str.o
                0x000000000001414a                str::reAllocateMem(int)
 .text._ZN3str4initEi
                0x0000000000014196       0x10 obj/lib/L3_Utils/src/str.o
                0x0000000000014196                str::init(int)
 .text._ZN3strC2Ei
                0x00000000000141a6        0xc obj/lib/L3_Utils/src/str.o
                0x00000000000141a6                str::str(int)
                0x00000000000141a6                str::str(int)
 .text._ZN3str7reserveEi
                0x00000000000141b2        0xe obj/lib/L3_Utils/src/str.o
                0x00000000000141b2                str::reserve(int)
 .text._ZN3str6printfEPKcz
                0x00000000000141c0       0x42 obj/lib/L3_Utils/src/str.o
                0x00000000000141c0                str::printf(char const*, ...)
 .text._ZN3str26ensureMemoryToInsertNCharsEi
                0x0000000000014202       0x22 obj/lib/L3_Utils/src/str.o
                0x0000000000014202                str::ensureMemoryToInsertNChars(int)
 .text._ZN3str11insertAtEndEPKc
                0x0000000000014224       0x24 obj/lib/L3_Utils/src/str.o
                0x0000000000014224                str::insertAtEnd(char const*)
 .text._ZN3strpLEc
                0x0000000000014248       0x1a obj/lib/L3_Utils/src/str.o
                0x0000000000014248                str::operator+=(char)
 .text._ZN3str8copyFromEPKc
                0x0000000000014262       0x3c obj/lib/L3_Utils/src/str.o
                0x0000000000014262                str::copyFrom(char const*)
 .text._ZN3straSEPKc
                0x000000000001429e        0x4 obj/lib/L3_Utils/src/str.o
                0x000000000001429e                str::operator=(char const*)
 .text.delay_us
                0x00000000000142a2       0x1c obj/lib/L3_Utils/src/utilities.o
                0x00000000000142a2                delay_us
 .text.is_freertos_running
                0x00000000000142be        0xe obj/lib/L3_Utils/src/utilities.o
                0x00000000000142be                is_freertos_running
 .text.delay_ms
                0x00000000000142cc       0x22 obj/lib/L3_Utils/src/utilities.o
                0x00000000000142cc                delay_ms
 .text.get_tlm_one_comp
                0x00000000000142ee       0x52 obj/lib/L3_Utils/tlm/src/c_tlm_binary.o
 .text.cmp_tlm_one_comp
                0x0000000000014340       0x50 obj/lib/L3_Utils/tlm/src/c_tlm_binary.o
 .text.tlm_binary_get_size_one
                0x0000000000014390       0x16 obj/lib/L3_Utils/tlm/src/c_tlm_binary.o
                0x0000000000014390                tlm_binary_get_size_one
 .text.tlm_binary_get_one
                0x00000000000143a6       0x1a obj/lib/L3_Utils/tlm/src/c_tlm_binary.o
                0x00000000000143a6                tlm_binary_get_one
 .text.tlm_binary_compare_one
                0x00000000000143c0       0x1c obj/lib/L3_Utils/tlm/src/c_tlm_binary.o
                0x00000000000143c0                tlm_binary_compare_one
 .text.tlm_component_for_each_callback
                0x00000000000143dc        0xe obj/lib/L3_Utils/tlm/src/c_tlm_comp.o
 .text.tlm_component_find_by_name
                0x00000000000143ea       0x10 obj/lib/L3_Utils/tlm/src/c_tlm_comp.o
 *fill*         0x00000000000143fa        0x2 ff
 .text.tlm_component_get_by_name
                0x00000000000143fc       0x24 obj/lib/L3_Utils/tlm/src/c_tlm_comp.o
                0x00000000000143fc                tlm_component_get_by_name
 .text.tlm_component_add
                0x0000000000014420       0x6c obj/lib/L3_Utils/tlm/src/c_tlm_comp.o
                0x0000000000014420                tlm_component_add
 .text.tlm_component_for_each
                0x000000000001448c       0x24 obj/lib/L3_Utils/tlm/src/c_tlm_comp.o
                0x000000000001448c                tlm_component_for_each
 .text.tlm_stream_for_each_component_var
                0x00000000000144b0       0xd0 obj/lib/L3_Utils/tlm/src/c_tlm_stream.o
 .text.tlm_stream_file_ptr
                0x0000000000014580       0x1a obj/lib/L3_Utils/tlm/src/c_tlm_stream.o
 *fill*         0x000000000001459a        0x2 ff
 .text.tlm_stream_one
                0x000000000001459c       0x80 obj/lib/L3_Utils/tlm/src/c_tlm_stream.o
                0x000000000001459c                tlm_stream_one
 .text.tlm_stream_all_args
                0x000000000001461c        0xa obj/lib/L3_Utils/tlm/src/c_tlm_stream.o
 *fill*         0x0000000000014626        0x2 ff
 .text.tlm_stream_all
                0x0000000000014628       0x1c obj/lib/L3_Utils/tlm/src/c_tlm_stream.o
                0x0000000000014628                tlm_stream_all
 .text.tlm_stream_one_file
                0x0000000000014644       0x14 obj/lib/L3_Utils/tlm/src/c_tlm_stream.o
                0x0000000000014644                tlm_stream_one_file
 .text.tlm_stream_decode_file
                0x0000000000014658      0x1b8 obj/lib/L3_Utils/tlm/src/c_tlm_stream.o
                0x0000000000014658                tlm_stream_decode_file
 .text.tlm_variable_check_dup
                0x0000000000014810       0x1e obj/lib/L3_Utils/tlm/src/c_tlm_var.o
 .text.tlm_component_find_callback
                0x000000000001482e       0x14 obj/lib/L3_Utils/tlm/src/c_tlm_var.o
 *fill*         0x0000000000014842        0x2 ff
 .text.tlm_variable_register
                0x0000000000014844       0x7c obj/lib/L3_Utils/tlm/src/c_tlm_var.o
                0x0000000000014844                tlm_variable_register
 .text.tlm_variable_get_by_name
                0x00000000000148c0       0x28 obj/lib/L3_Utils/tlm/src/c_tlm_var.o
                0x00000000000148c0                tlm_variable_get_by_name
 .text.tlm_variable_get_by_comp_and_name
                0x00000000000148e8       0x30 obj/lib/L3_Utils/tlm/src/c_tlm_var.o
                0x00000000000148e8                tlm_variable_get_by_comp_and_name
 .text.tlm_variable_set_value
                0x0000000000014918      0x1ec obj/lib/L3_Utils/tlm/src/c_tlm_var.o
                0x0000000000014918                tlm_variable_set_value
 .text.tlm_variable_print_value
                0x0000000000014b04      0x410 obj/lib/L3_Utils/tlm/src/c_tlm_var.o
                0x0000000000014b04                tlm_variable_print_value
 .text.tlm_variable_get_value
                0x0000000000014f14       0x1a obj/lib/L3_Utils/tlm/src/c_tlm_var.o
                0x0000000000014f14                tlm_variable_get_value
 .text.disk_initialize
                0x0000000000014f2e       0x26 obj/lib/L4_IO/fat/disk/diskio.o
                0x0000000000014f2e                disk_initialize
 .text.disk_status
                0x0000000000014f54       0x10 obj/lib/L4_IO/fat/disk/diskio.o
                0x0000000000014f54                disk_status
 .text.disk_read
                0x0000000000014f64       0x38 obj/lib/L4_IO/fat/disk/diskio.o
                0x0000000000014f64                disk_read
 .text.disk_write
                0x0000000000014f9c       0x38 obj/lib/L4_IO/fat/disk/diskio.o
                0x0000000000014f9c                disk_write
 .text.disk_ioctl
                0x0000000000014fd4       0x32 obj/lib/L4_IO/fat/disk/diskio.o
                0x0000000000014fd4                disk_ioctl
 .text.sys_get_uptime_ms
                0x0000000000015006       0x12 obj/lib/L4_IO/fat/disk/sd.o
 .text.ssp1_set_max_clock
                0x0000000000015018       0x30 obj/lib/L4_IO/fat/disk/sd.o
 .text.ssp1_exchange_byte
                0x0000000000015048       0x14 obj/lib/L4_IO/fat/disk/sd.o
 .text.wait_ready
                0x000000000001505c       0x2e obj/lib/L4_IO/fat/disk/sd.o
                0x000000000001505c                wait_ready
 *fill*         0x000000000001508a        0x2 ff
 .text.power_off
                0x000000000001508c       0x24 obj/lib/L4_IO/fat/disk/sd.o
                0x000000000001508c                power_off
 .text.rcvr_datablock
                0x00000000000150b0       0x8c obj/lib/L4_IO/fat/disk/sd.o
                0x00000000000150b0                rcvr_datablock
 .text.xmit_datablock
                0x000000000001513c       0x4c obj/lib/L4_IO/fat/disk/sd.o
                0x000000000001513c                xmit_datablock
 .text.send_cmd
                0x0000000000015188       0x8c obj/lib/L4_IO/fat/disk/sd.o
                0x0000000000015188                send_cmd
 .text.sd_update_card_status
                0x0000000000015214       0x24 obj/lib/L4_IO/fat/disk/sd.o
                0x0000000000015214                sd_update_card_status
 .text.sd_initialize
                0x0000000000015238      0x16c obj/lib/L4_IO/fat/disk/sd.o
                0x0000000000015238                sd_initialize
 .text.sd_status
                0x00000000000153a4       0x10 obj/lib/L4_IO/fat/disk/sd.o
                0x00000000000153a4                sd_status
 .text.sd_read  0x00000000000153b4       0x98 obj/lib/L4_IO/fat/disk/sd.o
                0x00000000000153b4                sd_read
 .text.sd_write
                0x000000000001544c       0xb4 obj/lib/L4_IO/fat/disk/sd.o
                0x000000000001544c                sd_write
 .text.sd_ioctl
                0x0000000000015500      0x21c obj/lib/L4_IO/fat/disk/sd.o
                0x0000000000015500                sd_ioctl
 .text._ZL24flash_get_mem_size_bytesv
                0x000000000001571c       0x20 obj/lib/L4_IO/fat/disk/spi_flash.o
 .text._ZL37flash_perform_page_io_of_fatfs_sectorPFvPhmmES_m
                0x000000000001573c       0x74 obj/lib/L4_IO/fat/disk/spi_flash.o
 .text.ssp1_exchange_data
                0x00000000000157b0       0xac obj/lib/L4_IO/fat/disk/spi_flash.o
 .text._ZL18flash_send_op_addr14flash_opcode_tm
                0x000000000001585c       0x26 obj/lib/L4_IO/fat/disk/spi_flash.o
 *fill*         0x0000000000015882        0x2 ff
 .text._ZL15flash_read_pagePhmm
                0x0000000000015884       0x44 obj/lib/L4_IO/fat/disk/spi_flash.o
 .text._ZL20flash_wait_for_readyv
                0x00000000000158c8       0x40 obj/lib/L4_IO/fat/disk/spi_flash.o
 .text.flash_initialize
                0x0000000000015908       0x98 obj/lib/L4_IO/fat/disk/spi_flash.o
                0x0000000000015908                flash_initialize
 .text.flash_read_sectors
                0x00000000000159a0       0x50 obj/lib/L4_IO/fat/disk/spi_flash.o
                0x00000000000159a0                flash_read_sectors
 .text.flash_write_sectors
                0x00000000000159f0       0x4c obj/lib/L4_IO/fat/disk/spi_flash.o
                0x00000000000159f0                flash_write_sectors
 .text.flash_ioctl
                0x0000000000015a3c       0x36 obj/lib/L4_IO/fat/disk/spi_flash.o
                0x0000000000015a3c                flash_ioctl
 *fill*         0x0000000000015a72        0x2 ff
 .text.flash_write_permanent_id
                0x0000000000015a74       0x44 obj/lib/L4_IO/fat/disk/spi_flash.o
                0x0000000000015a74                flash_write_permanent_id
 .text.flash_read_permanent_id
                0x0000000000015ab8       0x28 obj/lib/L4_IO/fat/disk/spi_flash.o
                0x0000000000015ab8                flash_read_permanent_id
 .text.flash_get_page_count
                0x0000000000015ae0       0x20 obj/lib/L4_IO/fat/disk/spi_flash.o
                0x0000000000015ae0                flash_get_page_count
 .text.flash_get_page_size
                0x0000000000015b00        0xc obj/lib/L4_IO/fat/disk/spi_flash.o
                0x0000000000015b00                flash_get_page_size
 .text.flash_supports_metadata
                0x0000000000015b0c       0x10 obj/lib/L4_IO/fat/disk/spi_flash.o
                0x0000000000015b0c                flash_supports_metadata
 .text._ZL16flash_write_pagePhmm
                0x0000000000015b1c       0x8c obj/lib/L4_IO/fat/disk/spi_flash.o
 .text.flash_get_page_write_count
                0x0000000000015ba8       0x54 obj/lib/L4_IO/fat/disk/spi_flash.o
                0x0000000000015ba8                flash_get_page_write_count
 .text.flash_chip_erase
                0x0000000000015bfc       0x2c obj/lib/L4_IO/fat/disk/spi_flash.o
                0x0000000000015bfc                flash_chip_erase
 .text.get_fattime
                0x0000000000015c28       0x52 obj/lib/L4_IO/fat/fatfs_time.o
                0x0000000000015c28                get_fattime
 .text.mem_cpy  0x0000000000015c7a       0x38 obj/lib/L4_IO/fat/ff.o
 .text.mem_set  0x0000000000015cb2        0xe obj/lib/L4_IO/fat/ff.o
 .text.sum_sfn  0x0000000000015cc0       0x1e obj/lib/L4_IO/fat/ff.o
 .text.get_ldnumber
                0x0000000000015cde       0x3a obj/lib/L4_IO/fat/ff.o
 .text.get_fileinfo
                0x0000000000015d18       0xc4 obj/lib/L4_IO/fat/ff.o
 .text.sync_window.part.1
                0x0000000000015ddc       0x46 obj/lib/L4_IO/fat/ff.o
 .text.sync_window
                0x0000000000015e22        0xc obj/lib/L4_IO/fat/ff.o
 *fill*         0x0000000000015e2e        0x2 ff
 .text.sync_fs  0x0000000000015e30       0x74 obj/lib/L4_IO/fat/ff.o
 .text.move_window
                0x0000000000015ea4       0x34 obj/lib/L4_IO/fat/ff.o
 .text.check_fs
                0x0000000000015ed8       0x4c obj/lib/L4_IO/fat/ff.o
 .text.find_volume
                0x0000000000015f24      0x21c obj/lib/L4_IO/fat/ff.o
 .text.validate
                0x0000000000016140       0x3a obj/lib/L4_IO/fat/ff.o
 .text.unlock_fs
                0x000000000001617a       0x1a obj/lib/L4_IO/fat/ff.o
 .text.clust2sect
                0x0000000000016194       0x16 obj/lib/L4_IO/fat/ff.o
                0x0000000000016194                clust2sect
 .text.get_fat  0x00000000000161aa       0xa6 obj/lib/L4_IO/fat/ff.o
                0x00000000000161aa                get_fat
 .text.dir_sdi  0x0000000000016250       0x80 obj/lib/L4_IO/fat/ff.o
 .text.put_fat  0x00000000000162d0       0xd2 obj/lib/L4_IO/fat/ff.o
                0x00000000000162d0                put_fat
 .text.create_chain
                0x00000000000163a2       0xa0 obj/lib/L4_IO/fat/ff.o
 .text.dir_next
                0x0000000000016442       0xec obj/lib/L4_IO/fat/ff.o
 *fill*         0x000000000001652e        0x2 ff
 .text.dir_find.part.9
                0x0000000000016530      0x120 obj/lib/L4_IO/fat/ff.o
 .text.follow_path
                0x0000000000016650      0x270 obj/lib/L4_IO/fat/ff.o
 .text.dir_register
                0x00000000000168c0      0x238 obj/lib/L4_IO/fat/ff.o
 .text.dir_remove
                0x0000000000016af8       0x5a obj/lib/L4_IO/fat/ff.o
 *fill*         0x0000000000016b52        0x2 ff
 .text.dir_read.constprop.11
                0x0000000000016b54       0xe8 obj/lib/L4_IO/fat/ff.o
 .text.remove_chain
                0x0000000000016c3c       0x58 obj/lib/L4_IO/fat/ff.o
 .text.f_mount  0x0000000000016c94       0x7c obj/lib/L4_IO/fat/ff.o
                0x0000000000016c94                f_mount
 .text.f_open   0x0000000000016d10      0x12e obj/lib/L4_IO/fat/ff.o
                0x0000000000016d10                f_open
 .text.f_read   0x0000000000016e3e      0x170 obj/lib/L4_IO/fat/ff.o
                0x0000000000016e3e                f_read
 .text.f_write  0x0000000000016fae      0x1ac obj/lib/L4_IO/fat/ff.o
                0x0000000000016fae                f_write
 .text.f_sync   0x000000000001715a       0x8a obj/lib/L4_IO/fat/ff.o
                0x000000000001715a                f_sync
 .text.f_close  0x00000000000171e4       0x24 obj/lib/L4_IO/fat/ff.o
                0x00000000000171e4                f_close
 .text.f_lseek  0x0000000000017208      0x14e obj/lib/L4_IO/fat/ff.o
                0x0000000000017208                f_lseek
 .text.f_opendir
                0x0000000000017356       0x86 obj/lib/L4_IO/fat/ff.o
                0x0000000000017356                f_opendir
 .text.f_readdir
                0x00000000000173dc       0x5e obj/lib/L4_IO/fat/ff.o
                0x00000000000173dc                f_readdir
 .text.f_getfree
                0x000000000001743a       0xc8 obj/lib/L4_IO/fat/ff.o
                0x000000000001743a                f_getfree
 .text.f_unlink
                0x0000000000017502       0xbe obj/lib/L4_IO/fat/ff.o
                0x0000000000017502                f_unlink
 .text.f_mkdir  0x00000000000175c0      0x152 obj/lib/L4_IO/fat/ff.o
                0x00000000000175c0                f_mkdir
 .text.f_rename
                0x0000000000017712      0x11e obj/lib/L4_IO/fat/ff.o
                0x0000000000017712                f_rename
 .text.f_mkfs   0x0000000000017830      0x4f4 obj/lib/L4_IO/fat/ff.o
                0x0000000000017830                f_mkfs
 .text.ff_convert
                0x0000000000017d24       0x3c obj/lib/L4_IO/fat/option/ccsbcs.o
                0x0000000000017d24                ff_convert
 .text.ff_wtoupper
                0x0000000000017d60       0x24 obj/lib/L4_IO/fat/option/ccsbcs.o
                0x0000000000017d60                ff_wtoupper
 .text.ff_cre_syncobj
                0x0000000000017d84       0x14 obj/lib/L4_IO/fat/option/reentrant.o
                0x0000000000017d84                ff_cre_syncobj
 .text.ff_del_syncobj
                0x0000000000017d98        0x4 obj/lib/L4_IO/fat/option/reentrant.o
                0x0000000000017d98                ff_del_syncobj
 .text.ff_req_grant
                0x0000000000017d9c       0x26 obj/lib/L4_IO/fat/option/reentrant.o
                0x0000000000017d9c                ff_req_grant
 .text.ff_rel_grant
                0x0000000000017dc2       0x1e obj/lib/L4_IO/fat/option/reentrant.o
                0x0000000000017dc2                ff_rel_grant
 .text._ZN11i2c2_device8writeRegEhh
                0x0000000000017de0        0xc obj/lib/L4_IO/src/io_source.o
                0x0000000000017de0                i2c2_device::writeReg(unsigned char, unsigned char)
 .text._ZN11i2c2_device16get16BitRegisterEh
                0x0000000000017dec       0x2a obj/lib/L4_IO/src/io_source.o
                0x0000000000017dec                i2c2_device::get16BitRegister(unsigned char)
 .text._ZN19Acceleration_Sensor4initEv
                0x0000000000017e16       0x20 obj/lib/L4_IO/src/io_source.o
                0x0000000000017e16                Acceleration_Sensor::init()
 *fill*         0x0000000000017e36        0x2 ff
 .text._ZN9IR_Sensor11storeIrCodeEm
                0x0000000000017e38       0x1c obj/lib/L4_IO/src/io_source.o
                0x0000000000017e38                IR_Sensor::storeIrCode(unsigned long)
 .text._ZN9IR_Sensor12decodeIrCodeEv
                0x0000000000017e54       0x64 obj/lib/L4_IO/src/io_source.o
                0x0000000000017e54                IR_Sensor::decodeIrCode()
 .text._ZN9IR_Sensor4initEv
                0x0000000000017eb8       0x34 obj/lib/L4_IO/src/io_source.o
                0x0000000000017eb8                IR_Sensor::init()
 .text._ZN11LED_Display12setLeftDigitEc
                0x0000000000017eec       0x18 obj/lib/L4_IO/src/io_source.o
                0x0000000000017eec                LED_Display::setLeftDigit(char)
 .text._ZN11LED_Display13setRightDigitEc
                0x0000000000017f04       0x18 obj/lib/L4_IO/src/io_source.o
                0x0000000000017f04                LED_Display::setRightDigit(char)
 .text._ZN11LED_Display4initEv
                0x0000000000017f1c       0x38 obj/lib/L4_IO/src/io_source.o
                0x0000000000017f1c                LED_Display::init()
 .text._ZN11LED_Display9setNumberEc
                0x0000000000017f54       0x3a obj/lib/L4_IO/src/io_source.o
                0x0000000000017f54                LED_Display::setNumber(char)
 .text._ZN3LED4initEv
                0x0000000000017f8e        0x4 obj/lib/L4_IO/src/io_source.o
                0x0000000000017f8e                LED::init()
 *fill*         0x0000000000017f92        0x2 ff
 .text._ZN3LED6setAllEh
                0x0000000000017f94       0x50 obj/lib/L4_IO/src/io_source.o
                0x0000000000017f94                LED::setAll(unsigned char)
 .text._ZN3LED6toggleEh
                0x0000000000017fe4       0x26 obj/lib/L4_IO/src/io_source.o
                0x0000000000017fe4                LED::toggle(unsigned char)
 .text._ZN12Light_Sensor4initEv
                0x000000000001800a        0x4 obj/lib/L4_IO/src/io_source.o
                0x000000000001800a                Light_Sensor::init()
 .text._ZN12Light_Sensor11getRawValueEv
                0x000000000001800e        0x6 obj/lib/L4_IO/src/io_source.o
                0x000000000001800e                Light_Sensor::getRawValue()
 .text._ZN8Switches4initEv
                0x0000000000018014        0x4 obj/lib/L4_IO/src/io_source.o
                0x0000000000018014                Switches::init()
 .text._ZN8Switches15getSwitchValuesEv
                0x0000000000018018       0x18 obj/lib/L4_IO/src/io_source.o
                0x0000000000018018                Switches::getSwitchValues()
 .text._ZN8I2C_Temp4initEv
                0x0000000000018030       0x22 obj/lib/L4_IO/src/io_source.o
                0x0000000000018030                I2C_Temp::init()
 .text._ZN8I2C_Temp10getCelsiusEv
                0x0000000000018052       0x30 obj/lib/L4_IO/src/io_source.o
                0x0000000000018052                I2C_Temp::getCelsius()
 *fill*         0x0000000000018082        0x2 ff
 .text._ZN8I2C_Temp12getFarenheitEv
                0x0000000000018084       0x24 obj/lib/L4_IO/src/io_source.o
                0x0000000000018084                I2C_Temp::getFarenheit()
 .text._ZN7Storage4copyEPKcS1_PjS2_S2_
                0x00000000000180a8       0xf0 obj/lib/L4_IO/src/storage.o
                0x00000000000180a8                Storage::copy(char const*, char const*, unsigned int*, unsigned int*, unsigned int*)
 .text._ZN7Storage4readEPKcPvjj
                0x0000000000018198       0x44 obj/lib/L4_IO/src/storage.o
                0x0000000000018198                Storage::read(char const*, void*, unsigned int, unsigned int)
 .text._ZN7Storage5writeEPKcPvjj
                0x00000000000181dc       0x44 obj/lib/L4_IO/src/storage.o
                0x00000000000181dc                Storage::write(char const*, void*, unsigned int, unsigned int)
 .text._ZN7Storage6appendEPKcPKvjj
                0x0000000000018220       0x48 obj/lib/L4_IO/src/storage.o
                0x0000000000018220                Storage::append(char const*, void const*, unsigned int, unsigned int)
 .text.mesh_incr_soft_timers_for_arr
                0x0000000000018268       0x26 obj/lib/L4_IO/wireless/src/mesh.o
 *fill*         0x000000000001828e        0x2 ff
 .text.mesh_update_soft_timers
                0x0000000000018290       0x4c obj/lib/L4_IO/wireless/src/mesh.o
 .text.mesh_send_packet
                0x00000000000182dc       0x3c obj/lib/L4_IO/wireless/src/mesh.o
 .text.mesh_send_retry_packet
                0x0000000000018318       0x34 obj/lib/L4_IO/wireless/src/mesh.o
 .text.mesh_find_rte_tbl_entry
                0x000000000001834c       0x24 obj/lib/L4_IO/wireless/src/mesh.o
 .text.mesh_update_rte_scores
                0x0000000000018370       0x28 obj/lib/L4_IO/wireless/src/mesh.o
 .text.mesh_get_pnd_pkt_slot
                0x0000000000018398       0x40 obj/lib/L4_IO/wireless/src/mesh.o
 .text.mesh_pending_packets_add
                0x00000000000183d8       0x90 obj/lib/L4_IO/wireless/src/mesh.o
 .text.mesh_get_rte_to_modify
                0x0000000000018468       0x58 obj/lib/L4_IO/wireless/src/mesh.o
 .text.mesh_handle_pnd_pkts_for_arr
                0x00000000000184c0      0x178 obj/lib/L4_IO/wireless/src/mesh.o
 .text.mesh_set_node_address
                0x0000000000018638       0x18 obj/lib/L4_IO/wireless/src/mesh.o
                0x0000000000018638                mesh_set_node_address
 .text.mesh_get_node_address
                0x0000000000018650        0xc obj/lib/L4_IO/wireless/src/mesh.o
                0x0000000000018650                mesh_get_node_address
 .text.mesh_set_retry_count
                0x000000000001865c       0x10 obj/lib/L4_IO/wireless/src/mesh.o
                0x000000000001865c                mesh_set_retry_count
 .text.mesh_form_pkt
                0x000000000001866c       0xf8 obj/lib/L4_IO/wireless/src/mesh.o
                0x000000000001866c                mesh_form_pkt
 .text.mesh_send_formed_pkt
                0x0000000000018764       0x58 obj/lib/L4_IO/wireless/src/mesh.o
                0x0000000000018764                mesh_send_formed_pkt
 .text.mesh_init
                0x00000000000187bc      0x100 obj/lib/L4_IO/wireless/src/mesh.o
                0x00000000000187bc                mesh_init
 .text.mesh_send
                0x00000000000188bc       0x3e obj/lib/L4_IO/wireless/src/mesh.o
                0x00000000000188bc                mesh_send
 .text.mesh_send_ack
                0x00000000000188fa       0x1a obj/lib/L4_IO/wireless/src/mesh.o
 .text.mesh_get_routing_entry
                0x0000000000018914       0x2c obj/lib/L4_IO/wireless/src/mesh.o
                0x0000000000018914                mesh_get_routing_entry
 .text.mesh_get_num_routing_entries
                0x0000000000018940       0x1c obj/lib/L4_IO/wireless/src/mesh.o
                0x0000000000018940                mesh_get_num_routing_entries
 .text.mesh_service
                0x000000000001895c      0x2d0 obj/lib/L4_IO/wireless/src/mesh.o
                0x000000000001895c                mesh_service
 .text.mesh_get_pnd_pkt_count
                0x0000000000018c2c       0x34 obj/lib/L4_IO/wireless/src/mesh.o
                0x0000000000018c2c                mesh_get_pnd_pkt_count
 .text.mesh_get_max_timeout_before_packet_fails
                0x0000000000018c60       0x24 obj/lib/L4_IO/wireless/src/mesh.o
                0x0000000000018c60                mesh_get_max_timeout_before_packet_fails
 .text.mesh_get_stats
                0x0000000000018c84       0x14 obj/lib/L4_IO/wireless/src/mesh.o
                0x0000000000018c84                mesh_get_stats
 .text.nordic_transfer
                0x0000000000018c98       0xe8 obj/lib/L4_IO/wireless/src/nrf24L01Plus.o
 .text.nordic_readRegister
                0x0000000000018d80       0x20 obj/lib/L4_IO/wireless/src/nrf24L01Plus.o
 .text.nordic_writeRegister
                0x0000000000018da0       0x1e obj/lib/L4_IO/wireless/src/nrf24L01Plus.o
 .text.nordic_is_tx_fifo_empty
                0x0000000000018dbe        0xe obj/lib/L4_IO/wireless/src/nrf24L01Plus.o
                0x0000000000018dbe                nordic_is_tx_fifo_empty
 .text.nordic_clear_all_intr_flags
                0x0000000000018dcc        0x8 obj/lib/L4_IO/wireless/src/nrf24L01Plus.o
                0x0000000000018dcc                nordic_clear_all_intr_flags
 .text.nordic_queue_tx_fifo
                0x0000000000018dd4        0xc obj/lib/L4_IO/wireless/src/nrf24L01Plus.o
                0x0000000000018dd4                nordic_queue_tx_fifo
 .text.nordic_standby1_to_tx_mode1
                0x0000000000018de0       0x16 obj/lib/L4_IO/wireless/src/nrf24L01Plus.o
                0x0000000000018de0                nordic_standby1_to_tx_mode1
 *fill*         0x0000000000018df6        0x2 ff
 .text.nordic_rx_to_Stanby1
                0x0000000000018df8       0x10 obj/lib/L4_IO/wireless/src/nrf24L01Plus.o
                0x0000000000018df8                nordic_rx_to_Stanby1
 .text.nordic_standby1_to_rx
                0x0000000000018e08       0x24 obj/lib/L4_IO/wireless/src/nrf24L01Plus.o
                0x0000000000018e08                nordic_standby1_to_rx
 .text.nordic_clear_packet_sent_flag
                0x0000000000018e2c        0x8 obj/lib/L4_IO/wireless/src/nrf24L01Plus.o
                0x0000000000018e2c                nordic_clear_packet_sent_flag
 .text.nordic_flush_tx_fifo
                0x0000000000018e34        0xc obj/lib/L4_IO/wireless/src/nrf24L01Plus.o
                0x0000000000018e34                nordic_flush_tx_fifo
 .text.nordic_mode1_send_single_packet
                0x0000000000018e40       0x4c obj/lib/L4_IO/wireless/src/nrf24L01Plus.o
                0x0000000000018e40                nordic_mode1_send_single_packet
 .text.nordic_is_packet_available
                0x0000000000018e8c       0x10 obj/lib/L4_IO/wireless/src/nrf24L01Plus.o
                0x0000000000018e8c                nordic_is_packet_available
 .text.nordic_clear_packet_available_flag
                0x0000000000018e9c        0x8 obj/lib/L4_IO/wireless/src/nrf24L01Plus.o
                0x0000000000018e9c                nordic_clear_packet_available_flag
 .text.nordic_read_rx_fifo
                0x0000000000018ea4       0x14 obj/lib/L4_IO/wireless/src/nrf24L01Plus.o
                0x0000000000018ea4                nordic_read_rx_fifo
 .text.nordic_flush_rx_fifo
                0x0000000000018eb8        0xc obj/lib/L4_IO/wireless/src/nrf24L01Plus.o
                0x0000000000018eb8                nordic_flush_rx_fifo
 .text.nordic_set_intr_signals
                0x0000000000018ec4       0x3e obj/lib/L4_IO/wireless/src/nrf24L01Plus.o
                0x0000000000018ec4                nordic_set_intr_signals
 .text.nordic_set_crc
                0x0000000000018f02       0x38 obj/lib/L4_IO/wireless/src/nrf24L01Plus.o
                0x0000000000018f02                nordic_set_crc
 .text.nordic_power_up
                0x0000000000018f3a       0x18 obj/lib/L4_IO/wireless/src/nrf24L01Plus.o
                0x0000000000018f3a                nordic_power_up
 .text.nordic_power_down
                0x0000000000018f52       0x16 obj/lib/L4_IO/wireless/src/nrf24L01Plus.o
                0x0000000000018f52                nordic_power_down
 .text.nordic_set_channel
                0x0000000000018f68       0x24 obj/lib/L4_IO/wireless/src/nrf24L01Plus.o
                0x0000000000018f68                nordic_set_channel
 .text.nordic_set_air_data_rate
                0x0000000000018f8c       0x2c obj/lib/L4_IO/wireless/src/nrf24L01Plus.o
                0x0000000000018f8c                nordic_set_air_data_rate
 .text.nordic_set_power_level
                0x0000000000018fb8       0x24 obj/lib/L4_IO/wireless/src/nrf24L01Plus.o
                0x0000000000018fb8                nordic_set_power_level
 .text.nordic_set_auto_transmit_options
                0x0000000000018fdc       0x2c obj/lib/L4_IO/wireless/src/nrf24L01Plus.o
                0x0000000000018fdc                nordic_set_auto_transmit_options
 .text.nordic_set_payload_for_pipe
                0x0000000000019008       0x14 obj/lib/L4_IO/wireless/src/nrf24L01Plus.o
                0x0000000000019008                nordic_set_payload_for_pipe
 .text.nordic_set_addr_width
                0x000000000001901c       0x16 obj/lib/L4_IO/wireless/src/nrf24L01Plus.o
                0x000000000001901c                nordic_set_addr_width
 .text.nordic_set_tx_address
                0x0000000000019032        0xc obj/lib/L4_IO/wireless/src/nrf24L01Plus.o
                0x0000000000019032                nordic_set_tx_address
 .text.nordic_set_rx_pipe0_addr
                0x000000000001903e        0xc obj/lib/L4_IO/wireless/src/nrf24L01Plus.o
                0x000000000001903e                nordic_set_rx_pipe0_addr
 *fill*         0x000000000001904a        0x2 ff
 .text.nordic_init
                0x000000000001904c       0xc8 obj/lib/L4_IO/wireless/src/nrf24L01Plus.o
                0x000000000001904c                nordic_init
 .text.nrf_driver_init
                0x0000000000019114       0x70 obj/lib/L4_IO/wireless/src/wireless.o
 .text.nrf_driver_app_recv
                0x0000000000019184       0x50 obj/lib/L4_IO/wireless/src/wireless.o
 .text.nrf_driver_send
                0x00000000000191d4       0x58 obj/lib/L4_IO/wireless/src/wireless.o
 .text.nrf_irq_callback
                0x000000000001922c       0x34 obj/lib/L4_IO/wireless/src/wireless.o
 .text.nrf_driver_receive
                0x0000000000019260       0x22 obj/lib/L4_IO/wireless/src/wireless.o
 .text.wireless_get_queued_pkt
                0x0000000000019282       0x66 obj/lib/L4_IO/wireless/src/wireless.o
 .text.nrf_driver_get_timer
                0x00000000000192e8       0x28 obj/lib/L4_IO/wireless/src/wireless.o
 .text.wireless_init
                0x0000000000019310       0x4c obj/lib/L4_IO/wireless/src/wireless.o
                0x0000000000019310                wireless_init
 .text.wireless_get_rx_pkt
                0x000000000001935c       0x10 obj/lib/L4_IO/wireless/src/wireless.o
                0x000000000001935c                wireless_get_rx_pkt
 .text.wireless_get_ack_pkt
                0x000000000001936c       0x10 obj/lib/L4_IO/wireless/src/wireless.o
                0x000000000001936c                wireless_get_ack_pkt
 .text.wireless_service
                0x000000000001937c       0x4c obj/lib/L4_IO/wireless/src/wireless.o
                0x000000000001937c                wireless_service
 .text.__malloc_lock
                0x00000000000193c8        0x4 obj/lib/newlib/malloc_lock.o
                0x00000000000193c8                __malloc_lock
 .text.__malloc_unlock
                0x00000000000193cc        0x4 obj/lib/newlib/malloc_lock.o
                0x00000000000193cc                __malloc_unlock
 .text._sbrk    0x00000000000193d0       0x6c obj/lib/newlib/memory.o
                0x00000000000193d0                _sbrk
 .text._Znwj    0x000000000001943c        0x4 obj/lib/newlib/memory.o
                0x000000000001943c                operator new(unsigned int)
 .text._Znaj    0x0000000000019440        0x4 obj/lib/newlib/memory.o
                0x0000000000019440                operator new[](unsigned int)
 .text._ZdlPv   0x0000000000019444        0x4 obj/lib/newlib/memory.o
                0x0000000000019444                operator delete(void*)
 .text._ZdaPv   0x0000000000019448        0x4 obj/lib/newlib/memory.o
                0x0000000000019448                operator delete[](void*)
 .text.sys_get_mem_info
                0x000000000001944c       0xb4 obj/lib/newlib/memory.o
                0x000000000001944c                sys_get_mem_info
 .text.remap_fatfs_errors
                0x0000000000019500       0x56 obj/lib/newlib/newlib_syscalls.o
 *fill*         0x0000000000019556        0x2 ff
 .text.findslot
                0x0000000000019558       0x4c obj/lib/newlib/newlib_syscalls.o
 .text.remap_handle
                0x00000000000195a4       0x28 obj/lib/newlib/newlib_syscalls.o
 .text.sys_set_outchar_func
                0x00000000000195cc        0xc obj/lib/newlib/newlib_syscalls.o
                0x00000000000195cc                sys_set_outchar_func
 .text.sys_set_inchar_func
                0x00000000000195d8        0xc obj/lib/newlib/newlib_syscalls.o
                0x00000000000195d8                sys_set_inchar_func
 .text._kill    0x00000000000195e4       0x10 obj/lib/newlib/newlib_syscalls.o
                0x00000000000195e4                _kill
 .text._exit    0x00000000000195f4       0x10 obj/lib/newlib/newlib_syscalls.o
                0x00000000000195f4                _exit
 .text._getpid  0x0000000000019604        0x4 obj/lib/newlib/newlib_syscalls.o
                0x0000000000019604                _getpid
 .text._init    0x0000000000019608        0x4 obj/lib/newlib/newlib_syscalls.o
                0x0000000000019608                _init
 .text.syscalls_init
                0x000000000001960c       0x34 obj/lib/newlib/newlib_syscalls.o
                0x000000000001960c                syscalls_init
 .text._read    0x0000000000019640       0x9c obj/lib/newlib/newlib_syscalls.o
                0x0000000000019640                _read
 .text._lseek   0x00000000000196dc       0x60 obj/lib/newlib/newlib_syscalls.o
                0x00000000000196dc                _lseek
 .text._write   0x000000000001973c       0xa4 obj/lib/newlib/newlib_syscalls.o
                0x000000000001973c                _write
 .text._open    0x00000000000197e0      0x14c obj/lib/newlib/newlib_syscalls.o
                0x00000000000197e0                _open
 .text._close   0x000000000001992c       0x54 obj/lib/newlib/newlib_syscalls.o
                0x000000000001992c                _close
 .text._fstat   0x0000000000019980       0x10 obj/lib/newlib/newlib_syscalls.o
                0x0000000000019980                _fstat
 .text._isatty  0x0000000000019990       0x24 obj/lib/newlib/newlib_syscalls.o
                0x0000000000019990                _isatty
 .text._gettimeofday
                0x00000000000199b4       0x7a obj/lib/newlib/newlib_time.o
                0x00000000000199b4                _gettimeofday
 *fill*         0x0000000000019a2e        0x2 ff
 .text._ZN17SingletonTemplateI4I2C2E11getInstanceEv
                0x0000000000019a30       0x20 obj/lab4/L5_Application/examples/examples.o
                0x0000000000019a30                SingletonTemplate<I2C2>::getInstance()
 .text._ZN17SingletonTemplateI17TemperatureSensorE11getInstanceEv
                0x0000000000019a50       0x28 obj/lab4/L5_Application/examples/examples.o
                0x0000000000019a50                SingletonTemplate<TemperatureSensor>::getInstance()
 .text._ZN17SingletonTemplateI11LED_DisplayE11getInstanceEv
                0x0000000000019a78       0x24 obj/lab4/L5_Application/examples/examples.o
                0x0000000000019a78                SingletonTemplate<LED_Display>::getInstance()
 .text._ZN17SingletonTemplateI12Light_SensorE11getInstanceEv
                0x0000000000019a9c       0x18 obj/lab4/L5_Application/examples/examples.o
                0x0000000000019a9c                SingletonTemplate<Light_Sensor>::getInstance()
 .text._ZN17SingletonTemplateI3LEDE11getInstanceEv
                0x0000000000019ab4       0x1c obj/lab4/L5_Application/examples/examples.o
                0x0000000000019ab4                SingletonTemplate<LED>::getInstance()
 .text.startup.main
                0x0000000000019ad0       0x50 obj/lab4/L5_Application/main.o
                0x0000000000019ad0                main
 .text._ZN6SW2_IRD2Ev
                0x0000000000019b20        0x2 obj/lab4/L5_Application/my_eint3.o
                0x0000000000019b20                SW2_IR::~SW2_IR()
                0x0000000000019b20                SW2_IR::~SW2_IR()
 .text._ZN6SW1_IRD2Ev
                0x0000000000019b22        0x2 obj/lab4/L5_Application/my_eint3.o
                0x0000000000019b22                SW1_IR::~SW1_IR()
                0x0000000000019b22                SW1_IR::~SW1_IR()
 .text._ZN6SW2_IRD0Ev
                0x0000000000019b24        0xc obj/lab4/L5_Application/my_eint3.o
                0x0000000000019b24                SW2_IR::~SW2_IR()
 .text._ZN6SW1_IRD0Ev
                0x0000000000019b30        0xc obj/lab4/L5_Application/my_eint3.o
                0x0000000000019b30                SW1_IR::~SW1_IR()
 .text.EINT3_IRQHandler
                0x0000000000019b3c       0x5c obj/lab4/L5_Application/my_eint3.o
                0x0000000000019b3c                EINT3_IRQHandler
 .text._Z24register_interrupt_eint3hh10edgeType_t
                0x0000000000019b98       0x5c obj/lab4/L5_Application/my_eint3.o
                0x0000000000019b98                register_interrupt_eint3(unsigned char, unsigned char, edgeType_t)
 .text._ZN6SW1_IR4initEv
                0x0000000000019bf4       0x14 obj/lab4/L5_Application/my_eint3.o
                0x0000000000019bf4                SW1_IR::init()
 .text._ZN6SW2_IR4initEv
                0x0000000000019c08       0x14 obj/lab4/L5_Application/my_eint3.o
                0x0000000000019c08                SW2_IR::init()
 .text._ZN6SW1_IRC2Ehh
                0x0000000000019c1c       0x34 obj/lab4/L5_Application/my_eint3.o
                0x0000000000019c1c                SW1_IR::SW1_IR(unsigned char, unsigned char)
                0x0000000000019c1c                SW1_IR::SW1_IR(unsigned char, unsigned char)
 .text._ZN6SW2_IRC2Ehh
                0x0000000000019c50       0x34 obj/lab4/L5_Application/my_eint3.o
                0x0000000000019c50                SW2_IR::SW2_IR(unsigned char, unsigned char)
                0x0000000000019c50                SW2_IR::SW2_IR(unsigned char, unsigned char)
 .text._ZN6SW1_IR3runEPv
                0x0000000000019c84       0x44 obj/lab4/L5_Application/my_eint3.o
                0x0000000000019c84                SW1_IR::run(void*)
 .text._ZN6SW2_IR3runEPv
                0x0000000000019cc8       0x44 obj/lab4/L5_Application/my_eint3.o
                0x0000000000019cc8                SW2_IR::run(void*)
 .text._ZL10stream_tlmPKcPv
                0x0000000000019d0c       0x1c obj/lab4/L5_Application/source/cmd_handlers/handlers.o
 .text._ZN7Storage13getFlashDriveEv
                0x0000000000019d28       0x4c obj/lab4/L5_Application/source/cmd_handlers/handlers.o
                0x0000000000019d28                Storage::getFlashDrive()
 .text._ZN7Storage10getSDDriveEv
                0x0000000000019d74       0x4c obj/lab4/L5_Application/source/cmd_handlers/handlers.o
                0x0000000000019d74                Storage::getSDDrive()
 .text._Z15taskListHandlerR3strR7CharDevPv
                0x0000000000019dc0       0xe8 obj/lab4/L5_Application/source/cmd_handlers/handlers.o
                0x0000000000019dc0                taskListHandler(str&, CharDev&, void*)
 .text._Z14memInfoHandlerR3strR7CharDevPv
                0x0000000000019ea8       0x22 obj/lab4/L5_Application/source/cmd_handlers/handlers.o
                0x0000000000019ea8                memInfoHandler(str&, CharDev&, void*)
 *fill*         0x0000000000019eca        0x2 ff
 .text._Z11timeHandlerR3strR7CharDevPv
                0x0000000000019ecc       0xc4 obj/lab4/L5_Application/source/cmd_handlers/handlers.o
                0x0000000000019ecc                timeHandler(str&, CharDev&, void*)
 .text._Z10logHandlerR3strR7CharDevPv
                0x0000000000019f90      0x198 obj/lab4/L5_Application/source/cmd_handlers/handlers.o
                0x0000000000019f90                logHandler(str&, CharDev&, void*)
 .text._Z9cpHandlerR3strR7CharDevPv
                0x000000000001a128       0x80 obj/lab4/L5_Application/source/cmd_handlers/handlers.o
                0x000000000001a128                cpHandler(str&, CharDev&, void*)
 .text._Z10catHandlerR3strR7CharDevPv
                0x000000000001a1a8      0x100 obj/lab4/L5_Application/source/cmd_handlers/handlers.o
                0x000000000001a1a8                catHandler(str&, CharDev&, void*)
 .text._Z9lsHandlerR3strR7CharDevPv
                0x000000000001a2a8      0x184 obj/lab4/L5_Application/source/cmd_handlers/handlers.o
                0x000000000001a2a8                lsHandler(str&, CharDev&, void*)
 .text._Z12mkdirHandlerR3strR7CharDevPv
                0x000000000001a42c       0x3c obj/lab4/L5_Application/source/cmd_handlers/handlers.o
                0x000000000001a42c                mkdirHandler(str&, CharDev&, void*)
 .text._Z9rmHandlerR3strR7CharDevPv
                0x000000000001a468       0x3c obj/lab4/L5_Application/source/cmd_handlers/handlers.o
                0x000000000001a468                rmHandler(str&, CharDev&, void*)
 .text._Z9mvHandlerR3strR7CharDevPv
                0x000000000001a4a4       0x5c obj/lab4/L5_Application/source/cmd_handlers/handlers.o
                0x000000000001a4a4                mvHandler(str&, CharDev&, void*)
 .text._Z14newFileHandlerR3strR7CharDevPv
                0x000000000001a500       0xb8 obj/lab4/L5_Application/source/cmd_handlers/handlers.o
                0x000000000001a500                newFileHandler(str&, CharDev&, void*)
 .text._Z10dcpHandlerR3strR7CharDevPv
                0x000000000001a5b8      0x13c obj/lab4/L5_Application/source/cmd_handlers/handlers.o
                0x000000000001a5b8                dcpHandler(str&, CharDev&, void*)
 .text._Z14storageHandlerR3strR7CharDevPv
                0x000000000001a6f4       0xbc obj/lab4/L5_Application/source/cmd_handlers/handlers.o
                0x000000000001a6f4                storageHandler(str&, CharDev&, void*)
 .text._Z13rebootHandlerR3strR7CharDevPv
                0x000000000001a7b0       0x30 obj/lab4/L5_Application/source/cmd_handlers/handlers.o
                0x000000000001a7b0                rebootHandler(str&, CharDev&, void*)
 .text._Z16telemetryHandlerR3strR7CharDevPv
                0x000000000001a7e0      0x144 obj/lab4/L5_Application/source/cmd_handlers/handlers.o
                0x000000000001a7e0                telemetryHandler(str&, CharDev&, void*)
 .text._Z14learnIrHandlerR3strR7CharDevPv