Archive member included to satisfy reference by file (symbol)

/usr/bin/../lib/gcc/arm-none-eabi/6.3.1/../../../../arm-none-eabi/lib/thumb/v7-m/libstdc++_nano.a(si_class_type_info.o)
                              obj/lib/L2_Drivers/base/uart_dev.o (vtable for __cxxabiv1::__si_class_type_info)
/usr/bin/../lib/gcc/arm-none-eabi/6.3.1/../../../../arm-none-eabi/lib/thumb/v7-m/libstdc++_nano.a(class_type_info.o)
                              /usr/bin/../lib/gcc/arm-none-eabi/6.3.1/../../../../arm-none-eabi/lib/thumb/v7-m/libstdc++_nano.a(si_class_type_info.o) (__cxxabiv1::__class_type_info::__do_upcast(__cxxabiv1::__class_type_info const*, void**) const)
/usr/bin/../lib/gcc/arm-none-eabi/6.3.1/../../../../arm-none-eabi/lib/thumb/v7-m/libstdc++_nano.a(tinfo.o)
                              /usr/bin/../lib/gcc/arm-none-eabi/6.3.1/../../../../arm-none-eabi/lib/thumb/v7-m/libstdc++_nano.a(class_type_info.o) (std::type_info::~type_info())
/usr/bin/../lib/gcc/arm-none-eabi/6.3.1/../../../../arm-none-eabi/lib/thumb/v7-m/libstdc++_nano.a(vmi_class_type_info.o)
                              obj/lib/L2_Drivers/src/nrf_stream.o (vtable for __cxxabiv1::__vmi_class_type_info)
/usr/bin/../lib/gcc/arm-none-eabi/6.3.1/../../../../arm-none-eabi/lib/thumb/v7-m/libstdc++_nano.a(pure.o)
                              obj/lib/L2_Drivers/base/char_dev.o (__cxa_pure_virtual)
/usr/bin/../lib/gcc/arm-none-eabi/6.3.1/../../../../arm-none-eabi/lib/thumb/v7-m/libstdc++_nano.a(guard.o)
                              obj/lab4/L5_Application/source/high_level_init.o (__cxa_guard_acquire)
/usr/bin/../lib/gcc/arm-none-eabi/6.3.1/../../../../arm-none-eabi/lib/thumb/v7-m/libstdc++_nano.a(del_ops.o)
                              /usr/bin/../lib/gcc/arm-none-eabi/6.3.1/../../../../arm-none-eabi/lib/thumb/v7-m/libstdc++_nano.a(si_class_type_info.o) (operator delete(void*, unsigned int))
/usr/bin/../lib/gcc/arm-none-eabi/6.3.1/../../../../arm-none-eabi/lib/thumb/v7-m/libstdc++_nano.a(eh_terminate.o)
                              /usr/bin/../lib/gcc/arm-none-eabi/6.3.1/../../../../arm-none-eabi/lib/thumb/v7-m/libstdc++_nano.a(pure.o) (std::terminate())
/usr/bin/../lib/gcc/arm-none-eabi/6.3.1/../../../../arm-none-eabi/lib/thumb/v7-m/libstdc++_nano.a(eh_term_handler.o)
                              /usr/bin/../lib/gcc/arm-none-eabi/6.3.1/../../../../arm-none-eabi/lib/thumb/v7-m/libstdc++_nano.a(eh_terminate.o) (__cxxabiv1::__terminate_handler)
/usr/bin/../lib/gcc/arm-none-eabi/6.3.1/../../../../arm-none-eabi/lib/thumb/v7-m/libstdc++_nano.a(eh_unex_handler.o)
                              /usr/bin/../lib/gcc/arm-none-eabi/6.3.1/../../../../arm-none-eabi/lib/thumb/v7-m/libstdc++_nano.a(eh_terminate.o) (__cxxabiv1::__unexpected_handler)
/usr/bin/../lib/gcc/arm-none-eabi/6.3.1/thumb/v7-m/libgcc.a(_ashldi3.o)
                              obj/lib/L0_LowLevel/source/lpc_peripherals.o (__aeabi_llsl)
/usr/bin/../lib/gcc/arm-none-eabi/6.3.1/thumb/v7-m/libgcc.a(_arm_addsubdf3.o)
                              obj/lib/L2_Drivers/base/uart_dev.o (__aeabi_dadd)
/usr/bin/../lib/gcc/arm-none-eabi/6.3.1/thumb/v7-m/libgcc.a(_arm_fixunsdfsi.o)
                              obj/lib/L2_Drivers/base/uart_dev.o (__aeabi_d2uiz)
/usr/bin/../lib/gcc/arm-none-eabi/6.3.1/thumb/v7-m/libgcc.a(_arm_truncdfsf2.o)
                              obj/lib/L3_Utils/src/str.o (__aeabi_d2f)
/usr/bin/../lib/gcc/arm-none-eabi/6.3.1/thumb/v7-m/libgcc.a(_arm_addsubsf3.o)
                              obj/lib/L3_Utils/src/str.o (__aeabi_fsub)
/usr/bin/../lib/gcc/arm-none-eabi/6.3.1/thumb/v7-m/libgcc.a(_arm_muldivsf3.o)
                              obj/lib/L2_Drivers/src/lpc_pwm.o (__aeabi_fmul)
/usr/bin/../lib/gcc/arm-none-eabi/6.3.1/thumb/v7-m/libgcc.a(_arm_cmpsf2.o)
                              obj/lib/L3_Utils/src/str.o (__aeabi_fcmplt)
/usr/bin/../lib/gcc/arm-none-eabi/6.3.1/thumb/v7-m/libgcc.a(_arm_fixsfsi.o)
                              obj/lab4/L5_Application/source/cmd_handlers/handlers.o (__aeabi_f2iz)
/usr/bin/../lib/gcc/arm-none-eabi/6.3.1/thumb/v7-m/libgcc.a(_arm_fixunssfsi.o)
                              obj/lib/L2_Drivers/src/lpc_pwm.o (__aeabi_f2uiz)
/usr/bin/../lib/gcc/arm-none-eabi/6.3.1/thumb/v7-m/libgcc.a(_aeabi_uldivmod.o)
                              obj/lib/L2_Drivers/base/i2c_base.o (__aeabi_uldivmod)
/usr/bin/../lib/gcc/arm-none-eabi/6.3.1/thumb/v7-m/libgcc.a(_udivmoddi4.o)
                              /usr/bin/../lib/gcc/arm-none-eabi/6.3.1/thumb/v7-m/libgcc.a(_aeabi_uldivmod.o) (__udivmoddi4)
/usr/bin/../lib/gcc/arm-none-eabi/6.3.1/thumb/v7-m/libgcc.a(_dvmd_tls.o)
                              /usr/bin/../lib/gcc/arm-none-eabi/6.3.1/thumb/v7-m/libgcc.a(_aeabi_uldivmod.o) (__aeabi_ldiv0)
/usr/bin/../lib/gcc/arm-none-eabi/6.3.1/../../../../arm-none-eabi/lib/thumb/v7-m/libc_nano.a(lib_a-abort.o)
                              /usr/bin/../lib/gcc/arm-none-eabi/6.3.1/../../../../arm-none-eabi/lib/thumb/v7-m/libstdc++_nano.a(eh_terminate.o) (abort)
[...]
Memory Configuration

Name             Origin             Length             Attributes
FLASH            0x0000000000010000 0x0000000000070000 xr
SRAM             0x0000000010000000 0x0000000000008000 xrw
SRAM_AHB         0x000000002007c000 0x0000000000008000 xrw
*default*        0x0000000000000000 0xffffffffffffffff

Linker script and memory map

LOAD obj/lib/L2_Drivers/base/i2c_base.o
LOAD obj/lib/L2_Drivers/base/char_dev.o
LOAD obj/lib/L2_Drivers/base/uart_dev.o
LOAD obj/lib/L2_Drivers/src/adc.o
LOAD obj/lib/L2_Drivers/src/lpc_timers.o
LOAD obj/lib/L2_Drivers/src/lpc_pwm.o
LOAD obj/lib/L2_Drivers/src/nrf_stream.o
LOAD obj/lib/L2_Drivers/src/i2c2.o
LOAD obj/lib/L2_Drivers/src/eint.o
LOAD obj/lib/L2_Drivers/src/spi_sem.o
LOAD obj/lib/L2_Drivers/src/spi_dma.o
LOAD obj/lib/L2_Drivers/src/lpc_rit.o
LOAD obj/lib/L2_Drivers/src/can.o
LOAD obj/lib/L2_Drivers/src/rtc.o
LOAD obj/lib/L2_Drivers/src/uart2.o
LOAD obj/lib/L2_Drivers/src/uart0.o
LOAD obj/lib/L2_Drivers/src/uart3.o
LOAD obj/lib/L4_IO/fat/ff.o
LOAD obj/lib/L4_IO/fat/option/reentrant.o
LOAD obj/lib/L4_IO/fat/option/ccsbcs.o
LOAD obj/lib/L4_IO/fat/fatfs_time.o
LOAD obj/lib/L4_IO/fat/disk/sd.o
LOAD obj/lib/L4_IO/fat/disk/spi_flash.o
LOAD obj/lib/L4_IO/fat/disk/diskio.o
LOAD obj/lib/L4_IO/src/gpio.o
LOAD obj/lib/L4_IO/src/storage.o
LOAD obj/lib/L4_IO/src/io_source.o
LOAD obj/lib/L4_IO/wireless/src/mesh.o
LOAD obj/lib/L4_IO/wireless/src/wireless.o
LOAD obj/lib/L4_IO/wireless/src/nrf24L01Plus.o
LOAD obj/lib/L1_FreeRTOS/trace/trcKernelPort.o
LOAD obj/lib/L1_FreeRTOS/trace/trcBase.o
LOAD obj/lib/L1_FreeRTOS/trace/run_time_counter.o
LOAD obj/lib/L1_FreeRTOS/trace/trcKernel.o
LOAD obj/lib/L1_FreeRTOS/trace/trcHardwarePort.o
LOAD obj/lib/L1_FreeRTOS/trace/trcUser.o
LOAD obj/lib/L1_FreeRTOS/portable/no_mpu/port.o
LOAD obj/lib/L1_FreeRTOS/portable/run_time_stats.o
LOAD obj/lib/L1_FreeRTOS/hooks/hooks.o
LOAD obj/lib/L1_FreeRTOS/MemMang/freertos_mem_man.o
LOAD obj/lib/L1_FreeRTOS/src/croutine.o
LOAD obj/lib/L1_FreeRTOS/src/tasks.o
LOAD obj/lib/L1_FreeRTOS/src/list.o
LOAD obj/lib/L1_FreeRTOS/src/queue.o
LOAD obj/lib/L1_FreeRTOS/src/event_groups.o
LOAD obj/lib/L1_FreeRTOS/src/timers.o
LOAD obj/lib/L0_LowLevel/source/lpc_sys.o
LOAD obj/lib/L0_LowLevel/source/startup.o
LOAD obj/lib/L0_LowLevel/source/uart0_min.o
LOAD obj/lib/L0_LowLevel/source/low_level_init.o
LOAD obj/lib/L0_LowLevel/source/lpc_peripherals.o
LOAD obj/lib/L0_LowLevel/source/core_cm3.o
LOAD obj/lib/L0_LowLevel/source/sys_clock.o
LOAD obj/lib/newlib/newlib_time.o
LOAD obj/lib/newlib/newlib_syscalls.o
LOAD obj/lib/newlib/malloc_lock.o
LOAD obj/lib/newlib/memory.o
LOAD obj/lib/L3_Utils/tlm/src/c_tlm_var.o
LOAD obj/lib/L3_Utils/tlm/src/c_tlm_stream.o
LOAD obj/lib/L3_Utils/tlm/src/c_tlm_binary.o
LOAD obj/lib/L3_Utils/tlm/src/c_tlm_comp.o
LOAD obj/lib/L3_Utils/src/file_logger.o
LOAD obj/lib/L3_Utils/src/utilities.o
LOAD obj/lib/L3_Utils/src/scheduler_task.o
LOAD obj/lib/L3_Utils/src/str.o
LOAD obj/lib/L3_Utils/src/printf_lib.o
LOAD obj/lib/L3_Utils/src/freertos_timer.o
LOAD obj/lib/L3_Utils/src/command_handler.o
LOAD obj/lib/L3_Utils/src/rtc_alarm.o
LOAD obj/lib/L3_Utils/src/c_list.o
LOAD obj/lab4/L5_Application/my_eint3.o
LOAD obj/lab4/L5_Application/main.o
LOAD obj/lab4/L5_Application/periodic_scheduler/period_callbacks.o
LOAD obj/lab4/L5_Application/periodic_scheduler/prd_dispatcher.o
LOAD obj/lab4/L5_Application/source/terminal.o
LOAD obj/lab4/L5_Application/source/remote.o
LOAD obj/lab4/L5_Application/source/high_level_init.o
LOAD obj/lab4/L5_Application/source/cmd_handlers/wireless_handlers.o
LOAD obj/lab4/L5_Application/source/cmd_handlers/handlers.o
LOAD obj/lab4/L5_Application/source/cmd_handlers/prog_handlers.o
LOAD obj/lab4/L5_Application/examples/rn_xv_task.o
LOAD obj/lab4/L5_Application/examples/examples.o
LOAD /usr/bin/../lib/gcc/arm-none-eabi/6.3.1/../../../../arm-none-eabi/lib/thumb/v7-m/libstdc++_nano.a
LOAD /usr/bin/../lib/gcc/arm-none-eabi/6.3.1/../../../../arm-none-eabi/lib/thumb/v7-m/libm.a
START GROUP
LOAD /usr/bin/../lib/gcc/arm-none-eabi/6.3.1/thumb/v7-m/libgcc.a
LOAD /usr/bin/../lib/gcc/arm-none-eabi/6.3.1/../../../../arm-none-eabi/lib/thumb/v7-m/libc_nano.a
END GROUP
START GROUP
LOAD /usr/bin/../lib/gcc/arm-none-eabi/6.3.1/thumb/v7-m/libgcc.a
LOAD /usr/bin/../lib/gcc/arm-none-eabi/6.3.1/../../../../arm-none-eabi/lib/thumb/v7-m/libc_nano.a
END GROUP

.text           0x0000000000010000    0x17cd8
 FILL mask 0xff
 *(.isr_vector)
 .isr_vector    0x0000000000010000       0xcc obj/lib/L0_LowLevel/source/startup.o
                0x0000000000010000                g_pfnVectors
                0x00000000000100cc                . = ALIGN (0x4)
                0x00000000000100cc                __section_table_start = .
                0x00000000000100cc                __data_section_table = .
                0x00000000000100cc        0x4 LONG 0x27ce0 LOADADDR (.data)
                0x00000000000100d0        0x4 LONG 0x2007c000 ADDR (.data)
                0x00000000000100d4        0x4 LONG 0x300 SIZEOF (.data)
                0x00000000000100d8                __data_section_table_end = .
                0x00000000000100d8                __bss_section_table = .
                0x00000000000100d8        0x4 LONG 0x2007c300 ADDR (.bss)
                0x00000000000100dc        0x4 LONG 0x528 SIZEOF (.bss)
                0x00000000000100e0                __bss_section_table_end = .
                0x00000000000100e0                __section_table_end = .
 *(.after_vectors*)
 .after_vectors
                0x00000000000100e0      0x120 obj/lib/L0_LowLevel/source/startup.o
                0x00000000000100e0                isr_hard_fault
                0x00000000000100fa                isr_nmi
                0x0000000000010108                isr_mem_fault
                0x0000000000010118                isr_bus_fault
                0x0000000000010128                isr_usage_fault
                0x0000000000010138                isr_debug_mon
                0x0000000000010148                TIMER2_IRQHandler
                0x0000000000010148                I2C0_IRQHandler
                0x0000000000010148                PWM1_IRQHandler
                0x0000000000010148                I2C1_IRQHandler
                0x0000000000010148                EINT2_IRQHandler
                0x0000000000010148                UART1_IRQHandler
                0x0000000000010148                TIMER3_IRQHandler
                0x0000000000010148                PLL0_IRQHandler
                0x0000000000010148                PLL1_IRQHandler
                0x0000000000010148                SSP0_IRQHandler
                0x0000000000010148                CANAct_IRQHandler
                0x0000000000010148                I2S_IRQHandler
                0x0000000000010148                TIMER0_IRQHandler
                0x0000000000010148                SPI_IRQHandler
                0x0000000000010148                EINT1_IRQHandler
                0x0000000000010148                isr_default_handler
                0x0000000000010148                SSP1_IRQHandler
                0x0000000000010148                USB_IRQHandler
                0x0000000000010148                BOD_IRQHandler
                0x0000000000010148                WDT_IRQHandler
                0x0000000000010148                QEI_IRQHandler
                0x0000000000010148                EINT0_IRQHandler
                0x0000000000010148                DMA_IRQHandler
                0x0000000000010148                MCPWM_IRQHandler
                0x0000000000010148                ENET_IRQHandler
                0x0000000000010148                USBAct_IRQHandler
                0x0000000000010158                isr_sys_tick
                0x000000000001016a                data_init(unsigned int, unsigned int, unsigned int)
                0x0000000000010180                bss_init(unsigned int, unsigned int)
                0x0000000000010194                isr_reset
 *(.text*)
 .text._ZN8I2C_Base8transferEhhPhm
                0x0000000000010200       0xd8 obj/lib/L2_Drivers/base/i2c_base.o
                0x0000000000010200                I2C_Base::transfer(unsigned char, unsigned char, unsigned char*, unsigned long)
 .text._ZN8I2C_Base13readRegistersEhhPhm
                0x00000000000102d8        0x8 obj/lib/L2_Drivers/base/i2c_base.o
                0x00000000000102d8                I2C_Base::readRegisters(unsigned char, unsigned char, unsigned char*, unsigned long)
 .text._ZN8I2C_Base7readRegEhh
                0x00000000000102e0       0x1a obj/lib/L2_Drivers/base/i2c_base.o
                0x00000000000102e0                I2C_Base::readReg(unsigned char, unsigned char)
 .text._ZN8I2C_Base14writeRegistersEhhPhm
                0x00000000000102fa        0x8 obj/lib/L2_Drivers/base/i2c_base.o
                0x00000000000102fa                I2C_Base::writeRegisters(unsigned char, unsigned char, unsigned char*, unsigned long)
 .text._ZN8I2C_Base8writeRegEhhh
                0x0000000000010302       0x16 obj/lib/L2_Drivers/base/i2c_base.o
                0x0000000000010302                I2C_Base::writeReg(unsigned char, unsigned char, unsigned char)
 .text._ZN8I2C_Base19checkDeviceResponseEh
                0x0000000000010318       0x16 obj/lib/L2_Drivers/base/i2c_base.o
                0x0000000000010318                I2C_Base::checkDeviceResponse(unsigned char)
 *fill*         0x000000000001032e        0x2 ff
 .text._ZN8I2C_BaseC2EP15LPC_I2C_TypeDef
                0x0000000000010330       0x50 obj/lib/L2_Drivers/base/i2c_base.o
                0x0000000000010330                I2C_Base::I2C_Base(LPC_I2C_TypeDef*)
                0x0000000000010330                I2C_Base::I2C_Base(LPC_I2C_TypeDef*)
 .text._ZN8I2C_Base4initEmm
                0x0000000000010380       0x94 obj/lib/L2_Drivers/base/i2c_base.o
                0x0000000000010380                I2C_Base::init(unsigned long, unsigned long)
 .text._ZN8I2C_Base15i2cStateMachineEv
                0x0000000000010414      0x11e obj/lib/L2_Drivers/base/i2c_base.o
                0x0000000000010414                I2C_Base::i2cStateMachine()
 *fill*         0x0000000000010532        0x2 ff
 .text._ZN8I2C_Base15handleInterruptEv
                0x0000000000010534       0x34 obj/lib/L2_Drivers/base/i2c_base.o
                0x0000000000010534                I2C_Base::handleInterrupt()
 .text._ZN7CharDev5flushEv
                0x0000000000010568        0x4 obj/lib/L2_Drivers/base/char_dev.o
                0x0000000000010568                CharDev::flush()
 .text._ZN7CharDev3putEPKcj
                0x000000000001056c       0x28 obj/lib/L2_Drivers/base/char_dev.o
                0x000000000001056c                CharDev::put(char const*, unsigned int)
 .text._ZN7CharDev7putlineEPKcj
                0x0000000000010594       0x1c obj/lib/L2_Drivers/base/char_dev.o
                0x0000000000010594                CharDev::putline(char const*, unsigned int)
 .text._ZN7CharDev4getsEPcij
                0x00000000000105b0       0x50 obj/lib/L2_Drivers/base/char_dev.o
                0x00000000000105b0                CharDev::gets(char*, int, unsigned int)
 .text._ZN7CharDev6printfEPKcz
                0x0000000000010600       0x78 obj/lib/L2_Drivers/base/char_dev.o
                0x0000000000010600                CharDev::printf(char const*, ...)
 .text._ZN7CharDevC2Ev
                0x0000000000010678       0x20 obj/lib/L2_Drivers/base/char_dev.o
                0x0000000000010678                CharDev::CharDev()
                0x0000000000010678                CharDev::CharDev()
 .text._ZN7CharDevD2Ev
                0x0000000000010698       0x18 obj/lib/L2_Drivers/base/char_dev.o
                0x0000000000010698                CharDev::~CharDev()
                0x0000000000010698                CharDev::~CharDev()
 .text._ZN7UartDev7putCharEcj
                0x00000000000106b0       0x5c obj/lib/L2_Drivers/base/uart_dev.o
                0x00000000000106b0                UartDev::putChar(char, unsigned int)
 .text._ZN7UartDevD2Ev
                0x000000000001070c       0x14 obj/lib/L2_Drivers/base/uart_dev.o
                0x000000000001070c                UartDev::~UartDev()
                0x000000000001070c                UartDev::~UartDev()
 .text._ZN7UartDevD0Ev
                0x0000000000010720       0x12 obj/lib/L2_Drivers/base/uart_dev.o
                0x0000000000010720                UartDev::~UartDev()
 .text._ZN7UartDev5flushEv
                0x0000000000010732       0x20 obj/lib/L2_Drivers/base/uart_dev.o
                0x0000000000010732                UartDev::flush()
 .text._ZN7UartDev7getCharEPcj
                0x0000000000010752       0x6c obj/lib/L2_Drivers/base/uart_dev.o
                0x0000000000010752                UartDev::getChar(char*, unsigned int)
 *fill*         0x00000000000107be        0x2 ff
 .text._ZN7UartDev11setBaudRateEj
                0x00000000000107c0       0x34 obj/lib/L2_Drivers/base/uart_dev.o
                0x00000000000107c0                UartDev::setBaudRate(unsigned int)
 .text._ZN7UartDev15handleInterruptEv
                0x00000000000107f4       0xc0 obj/lib/L2_Drivers/base/uart_dev.o
                0x00000000000107f4                UartDev::handleInterrupt()
 .text._ZN7UartDevC2EPj
                0x00000000000108b4       0x28 obj/lib/L2_Drivers/base/uart_dev.o
                0x00000000000108b4                UartDev::UartDev(unsigned int*)
                0x00000000000108b4                UartDev::UartDev(unsigned int*)
 .text._ZN7UartDev4initEjjii
                0x00000000000108dc       0xac obj/lib/L2_Drivers/base/uart_dev.o
                0x00000000000108dc                UartDev::init(unsigned int, unsigned int, int, int)
 .text.adc0_start_conversion
                0x0000000000010988       0x24 obj/lib/L2_Drivers/src/adc.o
 .text.ADC_IRQHandler
                0x00000000000109ac       0x48 obj/lib/L2_Drivers/src/adc.o
                0x00000000000109ac                ADC_IRQHandler
 .text.adc0_init
                0x00000000000109f4       0x74 obj/lib/L2_Drivers/src/adc.o
                0x00000000000109f4                adc0_init
 .text.adc0_get_reading
                0x0000000000010a68       0x74 obj/lib/L2_Drivers/src/adc.o
                0x0000000000010a68                adc0_get_reading
 .text.lpc_timer_get_struct
                0x0000000000010adc       0x20 obj/lib/L2_Drivers/src/lpc_timers.o
 .text.lpc_timer_enable
                0x0000000000010afc       0x6c obj/lib/L2_Drivers/src/lpc_timers.o
                0x0000000000010afc                lpc_timer_enable
 .text._ZN12NordicStream5flushEv
                0x0000000000010b68       0x5c obj/lib/L2_Drivers/src/nrf_stream.o
                0x0000000000010b68                NordicStream::flush()
 .text._ZN12NordicStreamD2Ev
                0x0000000000010bc4       0x14 obj/lib/L2_Drivers/src/nrf_stream.o
                0x0000000000010bc4                NordicStream::~NordicStream()
                0x0000000000010bc4                NordicStream::~NordicStream()
 .text._ZN12NordicStreamD0Ev
                0x0000000000010bd8       0x12 obj/lib/L2_Drivers/src/nrf_stream.o
                0x0000000000010bd8                NordicStream::~NordicStream()
 .text._ZN12NordicStream7putCharEcj
                0x0000000000010bea       0x22 obj/lib/L2_Drivers/src/nrf_stream.o
                0x0000000000010bea                NordicStream::putChar(char, unsigned int)
 .text._ZN12NordicStream7getCharEPcj
                0x0000000000010c0c       0x44 obj/lib/L2_Drivers/src/nrf_stream.o
                0x0000000000010c0c                NordicStream::getChar(char*, unsigned int)
 .text._ZN12NordicStreamC2Ev
                0x0000000000010c50       0x40 obj/lib/L2_Drivers/src/nrf_stream.o
                0x0000000000010c50                NordicStream::NordicStream()
                0x0000000000010c50                NordicStream::NordicStream()
 .text._ZN4I2C24initEj
                0x0000000000010c90       0x68 obj/lib/L2_Drivers/src/i2c2.o
                0x0000000000010c90                I2C2::init(unsigned int)
 .text._ZN4I2C2C2Ev
                0x0000000000010cf8       0x14 obj/lib/L2_Drivers/src/i2c2.o
                0x0000000000010cf8                I2C2::I2C2()
                0x0000000000010cf8                I2C2::I2C2()
 .text.I2C2_IRQHandler
                0x0000000000010d0c       0x24 obj/lib/L2_Drivers/src/i2c2.o
                0x0000000000010d0c                I2C2_IRQHandler
 .text.eint3_enable.isra.0
                0x0000000000010d30       0x38 obj/lib/L2_Drivers/src/eint.o
 .text.eint3_enable_port0
                0x0000000000010d68       0x30 obj/lib/L2_Drivers/src/eint.o
                0x0000000000010d68                eint3_enable_port0
 .text.spi1_lock
                0x0000000000010d98       0x30 obj/lib/L2_Drivers/src/spi_sem.o
                0x0000000000010d98                spi1_lock
 .text.spi1_unlock
                0x0000000000010dc8       0x24 obj/lib/L2_Drivers/src/spi_sem.o
                0x0000000000010dc8                spi1_unlock
 .text.ssp1_dma_init
                0x0000000000010dec       0x1c obj/lib/L2_Drivers/src/spi_dma.o
                0x0000000000010dec                ssp1_dma_init
 .text.ssp1_dma_transfer_block
                0x0000000000010e08       0xc0 obj/lib/L2_Drivers/src/spi_dma.o
                0x0000000000010e08                ssp1_dma_transfer_block
 .text.RIT_IRQHandler
                0x0000000000010ec8       0x1c obj/lib/L2_Drivers/src/lpc_rit.o
                0x0000000000010ec8                RIT_IRQHandler
 .text.CAN_tx_now
                0x0000000000010ee4       0x32 obj/lib/L2_Drivers/src/can.o
 *fill*         0x0000000000010f16        0x2 ff
 .text.CAN_handle_isr
                0x0000000000010f18       0xa4 obj/lib/L2_Drivers/src/can.o
 .text.CAN_IRQHandler
                0x0000000000010fbc       0x28 obj/lib/L2_Drivers/src/can.o
                0x0000000000010fbc                CAN_IRQHandler
 .text.rtc_gettime
                0x0000000000010fe4       0x48 obj/lib/L2_Drivers/src/rtc.o
                0x0000000000010fe4                rtc_gettime
 .text.rtc_settime
                0x000000000001102c       0x68 obj/lib/L2_Drivers/src/rtc.o
                0x000000000001102c                rtc_settime
 .text.rtc_init
                0x0000000000011094       0xd0 obj/lib/L2_Drivers/src/rtc.o
                0x0000000000011094                rtc_init
 .text.rtc_get_date_time_str
                0x0000000000011164       0x14 obj/lib/L2_Drivers/src/rtc.o
                0x0000000000011164                rtc_get_date_time_str
 .text._ZN5Uart2D2Ev
                0x0000000000011178       0x14 obj/lib/L2_Drivers/src/uart2.o
                0x0000000000011178                Uart2::~Uart2()
                0x0000000000011178                Uart2::~Uart2()
 .text._ZN5Uart2D0Ev
                0x000000000001118c       0x12 obj/lib/L2_Drivers/src/uart2.o
                0x000000000001118c                Uart2::~Uart2()
 *fill*         0x000000000001119e        0x2 ff
 .text._ZN5Uart2C2Ev
                0x00000000000111a0       0x1c obj/lib/L2_Drivers/src/uart2.o
                0x00000000000111a0                Uart2::Uart2()
                0x00000000000111a0                Uart2::Uart2()
 .text.UART2_IRQHandler
                0x00000000000111bc       0x24 obj/lib/L2_Drivers/src/uart2.o
                0x00000000000111bc                UART2_IRQHandler
 .text._ZN5Uart0D2Ev
                0x00000000000111e0       0x14 obj/lib/L2_Drivers/src/uart0.o
                0x00000000000111e0                Uart0::~Uart0()
                0x00000000000111e0                Uart0::~Uart0()
 .text._ZN5Uart0D0Ev
                0x00000000000111f4       0x12 obj/lib/L2_Drivers/src/uart0.o
                0x00000000000111f4                Uart0::~Uart0()
 *fill*         0x0000000000011206        0x2 ff
 .text._ZN5Uart04initEjii
                0x0000000000011208       0x40 obj/lib/L2_Drivers/src/uart0.o
                0x0000000000011208                Uart0::init(unsigned int, int, int)
 .text._ZN5Uart0C2Ev
                0x0000000000011248       0x1c obj/lib/L2_Drivers/src/uart0.o
                0x0000000000011248                Uart0::Uart0()
                0x0000000000011248                Uart0::Uart0()
 .text.UART0_IRQHandler
                0x0000000000011264       0x24 obj/lib/L2_Drivers/src/uart0.o
                0x0000000000011264                UART0_IRQHandler
 .text._ZN5Uart3D2Ev
                0x0000000000011288       0x14 obj/lib/L2_Drivers/src/uart3.o
                0x0000000000011288                Uart3::~Uart3()
                0x0000000000011288                Uart3::~Uart3()
 .text._ZN5Uart3D0Ev
                0x000000000001129c       0x12 obj/lib/L2_Drivers/src/uart3.o
                0x000000000001129c                Uart3::~Uart3()
 *fill*         0x00000000000112ae        0x2 ff
 .text._ZN5Uart3C2Ev
                0x00000000000112b0       0x1c obj/lib/L2_Drivers/src/uart3.o
                0x00000000000112b0                Uart3::Uart3()
                0x00000000000112b0                Uart3::Uart3()
 .text.UART3_IRQHandler
                0x00000000000112cc       0x24 obj/lib/L2_Drivers/src/uart3.o
                0x00000000000112cc                UART3_IRQHandler
 .text.mem_cpy  0x00000000000112f0       0x38 obj/lib/L4_IO/fat/ff.o
 .text.mem_set  0x0000000000011328        0xe obj/lib/L4_IO/fat/ff.o
 .text.sum_sfn  0x0000000000011336       0x1e obj/lib/L4_IO/fat/ff.o
 .text.get_ldnumber
                0x0000000000011354       0x3a obj/lib/L4_IO/fat/ff.o
 .text.get_fileinfo
                0x000000000001138e       0xc4 obj/lib/L4_IO/fat/ff.o
 .text.sync_window.part.1
                0x0000000000011452       0x46 obj/lib/L4_IO/fat/ff.o
 .text.sync_window
                0x0000000000011498        0xc obj/lib/L4_IO/fat/ff.o
 .text.sync_fs  0x00000000000114a4       0x74 obj/lib/L4_IO/fat/ff.o
 .text.move_window
                0x0000000000011518       0x34 obj/lib/L4_IO/fat/ff.o
 .text.check_fs
                0x000000000001154c       0x4c obj/lib/L4_IO/fat/ff.o
 .text.find_volume
                0x0000000000011598      0x21c obj/lib/L4_IO/fat/ff.o
 .text.validate
                0x00000000000117b4       0x3a obj/lib/L4_IO/fat/ff.o
 .text.unlock_fs
                0x00000000000117ee       0x1a obj/lib/L4_IO/fat/ff.o
 .text.clust2sect
                0x0000000000011808       0x16 obj/lib/L4_IO/fat/ff.o
                0x0000000000011808                clust2sect
 .text.get_fat  0x000000000001181e       0xa6 obj/lib/L4_IO/fat/ff.o
                0x000000000001181e                get_fat
 .text.dir_sdi  0x00000000000118c4       0x80 obj/lib/L4_IO/fat/ff.o
 .text.put_fat  0x0000000000011944       0xd2 obj/lib/L4_IO/fat/ff.o
                0x0000000000011944                put_fat
 .text.create_chain
                0x0000000000011a16       0xa0 obj/lib/L4_IO/fat/ff.o
 .text.dir_next
                0x0000000000011ab6       0xec obj/lib/L4_IO/fat/ff.o
 *fill*         0x0000000000011ba2        0x2 ff
 .text.dir_find.part.9
                0x0000000000011ba4      0x120 obj/lib/L4_IO/fat/ff.o
 .text.follow_path
                0x0000000000011cc4      0x270 obj/lib/L4_IO/fat/ff.o
 .text.dir_register
                0x0000000000011f34      0x238 obj/lib/L4_IO/fat/ff.o
 .text.dir_remove
                0x000000000001216c       0x5a obj/lib/L4_IO/fat/ff.o
 *fill*         0x00000000000121c6        0x2 ff
 .text.dir_read.constprop.11
                0x00000000000121c8       0xe8 obj/lib/L4_IO/fat/ff.o
 .text.remove_chain
                0x00000000000122b0       0x58 obj/lib/L4_IO/fat/ff.o
 .text.f_mount  0x0000000000012308       0x7c obj/lib/L4_IO/fat/ff.o
                0x0000000000012308                f_mount
 .text.f_open   0x0000000000012384      0x12e obj/lib/L4_IO/fat/ff.o
                0x0000000000012384                f_open
 .text.f_read   0x00000000000124b2      0x170 obj/lib/L4_IO/fat/ff.o
                0x00000000000124b2                f_read
 .text.f_write  0x0000000000012622      0x1ac obj/lib/L4_IO/fat/ff.o
                0x0000000000012622                f_write
 .text.f_sync   0x00000000000127ce       0x8a obj/lib/L4_IO/fat/ff.o
                0x00000000000127ce                f_sync
 .text.f_close  0x0000000000012858       0x24 obj/lib/L4_IO/fat/ff.o
                0x0000000000012858                f_close
 .text.f_lseek  0x000000000001287c      0x14e obj/lib/L4_IO/fat/ff.o
                0x000000000001287c                f_lseek
 .text.f_opendir
                0x00000000000129ca       0x86 obj/lib/L4_IO/fat/ff.o
                0x00000000000129ca                f_opendir
 .text.f_readdir
                0x0000000000012a50       0x5e obj/lib/L4_IO/fat/ff.o
                0x0000000000012a50                f_readdir
 .text.f_getfree
                0x0000000000012aae       0xc8 obj/lib/L4_IO/fat/ff.o
                0x0000000000012aae                f_getfree
 .text.f_unlink
                0x0000000000012b76       0xbe obj/lib/L4_IO/fat/ff.o
                0x0000000000012b76                f_unlink
 .text.f_mkdir  0x0000000000012c34      0x152 obj/lib/L4_IO/fat/ff.o
                0x0000000000012c34                f_mkdir
 .text.f_rename
                0x0000000000012d86      0x11e obj/lib/L4_IO/fat/ff.o
                0x0000000000012d86                f_rename
 .text.f_mkfs   0x0000000000012ea4      0x4f4 obj/lib/L4_IO/fat/ff.o
                0x0000000000012ea4                f_mkfs
 .text.ff_cre_syncobj
                0x0000000000013398       0x14 obj/lib/L4_IO/fat/option/reentrant.o
                0x0000000000013398                ff_cre_syncobj
 .text.ff_del_syncobj
                0x00000000000133ac        0x4 obj/lib/L4_IO/fat/option/reentrant.o
                0x00000000000133ac                ff_del_syncobj
 .text.ff_req_grant
                0x00000000000133b0       0x26 obj/lib/L4_IO/fat/option/reentrant.o
                0x00000000000133b0                ff_req_grant
 .text.ff_rel_grant
                0x00000000000133d6       0x1e obj/lib/L4_IO/fat/option/reentrant.o
                0x00000000000133d6                ff_rel_grant
 .text.ff_convert
                0x00000000000133f4       0x3c obj/lib/L4_IO/fat/option/ccsbcs.o
                0x00000000000133f4                ff_convert
 .text.ff_wtoupper
                0x0000000000013430       0x24 obj/lib/L4_IO/fat/option/ccsbcs.o
                0x0000000000013430                ff_wtoupper
 .text.get_fattime
                0x0000000000013454       0x52 obj/lib/L4_IO/fat/fatfs_time.o
                0x0000000000013454                get_fattime
 .text.sys_get_uptime_ms
                0x00000000000134a6       0x12 obj/lib/L4_IO/fat/disk/sd.o
 .text.ssp1_set_max_clock
                0x00000000000134b8       0x30 obj/lib/L4_IO/fat/disk/sd.o
 .text.ssp1_exchange_byte
                0x00000000000134e8       0x14 obj/lib/L4_IO/fat/disk/sd.o
 .text.wait_ready
                0x00000000000134fc       0x2e obj/lib/L4_IO/fat/disk/sd.o
                0x00000000000134fc                wait_ready
 *fill*         0x000000000001352a        0x2 ff
 .text.power_off
                0x000000000001352c       0x24 obj/lib/L4_IO/fat/disk/sd.o
                0x000000000001352c                power_off
 .text.rcvr_datablock
                0x0000000000013550       0x8c obj/lib/L4_IO/fat/disk/sd.o
                0x0000000000013550                rcvr_datablock
 .text.xmit_datablock
                0x00000000000135dc       0x4c obj/lib/L4_IO/fat/disk/sd.o
                0x00000000000135dc                xmit_datablock
 .text.send_cmd
                0x0000000000013628       0x8c obj/lib/L4_IO/fat/disk/sd.o
                0x0000000000013628                send_cmd
 .text.sd_update_card_status
                0x00000000000136b4       0x24 obj/lib/L4_IO/fat/disk/sd.o
                0x00000000000136b4                sd_update_card_status
 .text.sd_initialize
                0x00000000000136d8      0x16c obj/lib/L4_IO/fat/disk/sd.o
                0x00000000000136d8                sd_initialize
 .text.sd_status
                0x0000000000013844       0x10 obj/lib/L4_IO/fat/disk/sd.o
                0x0000000000013844                sd_status
 .text.sd_read  0x0000000000013854       0x98 obj/lib/L4_IO/fat/disk/sd.o
                0x0000000000013854                sd_read
 .text.sd_write
                0x00000000000138ec       0xb4 obj/lib/L4_IO/fat/disk/sd.o
                0x00000000000138ec                sd_write
 .text.sd_ioctl
                0x00000000000139a0      0x21c obj/lib/L4_IO/fat/disk/sd.o
                0x00000000000139a0                sd_ioctl
 .text._ZL24flash_get_mem_size_bytesv
                0x0000000000013bbc       0x20 obj/lib/L4_IO/fat/disk/spi_flash.o
 .text._ZL37flash_perform_page_io_of_fatfs_sectorPFvPhmmES_m
                0x0000000000013bdc       0x74 obj/lib/L4_IO/fat/disk/spi_flash.o
 .text.ssp1_exchange_data
                0x0000000000013c50       0xac obj/lib/L4_IO/fat/disk/spi_flash.o
 .text._ZL18flash_send_op_addr14flash_opcode_tm
                0x0000000000013cfc       0x26 obj/lib/L4_IO/fat/disk/spi_flash.o
 *fill*         0x0000000000013d22        0x2 ff
 .text._ZL15flash_read_pagePhmm
                0x0000000000013d24       0x44 obj/lib/L4_IO/fat/disk/spi_flash.o
 .text._ZL20flash_wait_for_readyv
                0x0000000000013d68       0x40 obj/lib/L4_IO/fat/disk/spi_flash.o
 .text.flash_initialize
                0x0000000000013da8       0x98 obj/lib/L4_IO/fat/disk/spi_flash.o
                0x0000000000013da8                flash_initialize
 .text.flash_read_sectors
                0x0000000000013e40       0x50 obj/lib/L4_IO/fat/disk/spi_flash.o
                0x0000000000013e40                flash_read_sectors
 .text.flash_write_sectors
                0x0000000000013e90       0x4c obj/lib/L4_IO/fat/disk/spi_flash.o
                0x0000000000013e90                flash_write_sectors
 .text.flash_ioctl
                0x0000000000013edc       0x36 obj/lib/L4_IO/fat/disk/spi_flash.o
                0x0000000000013edc                flash_ioctl
 *fill*         0x0000000000013f12        0x2 ff
 .text.flash_write_permanent_id
                0x0000000000013f14       0x44 obj/lib/L4_IO/fat/disk/spi_flash.o
                0x0000000000013f14                flash_write_permanent_id
 .text.flash_read_permanent_id
                0x0000000000013f58       0x28 obj/lib/L4_IO/fat/disk/spi_flash.o
                0x0000000000013f58                flash_read_permanent_id
 .text.flash_get_page_count
                0x0000000000013f80       0x20 obj/lib/L4_IO/fat/disk/spi_flash.o
                0x0000000000013f80                flash_get_page_count
 .text.flash_get_page_size
                0x0000000000013fa0        0xc obj/lib/L4_IO/fat/disk/spi_flash.o
                0x0000000000013fa0                flash_get_page_size
 .text.flash_supports_metadata
                0x0000000000013fac       0x10 obj/lib/L4_IO/fat/disk/spi_flash.o
                0x0000000000013fac                flash_supports_metadata
 .text._ZL16flash_write_pagePhmm
                0x0000000000013fbc       0x8c obj/lib/L4_IO/fat/disk/spi_flash.o
 .text.flash_get_page_write_count
                0x0000000000014048       0x54 obj/lib/L4_IO/fat/disk/spi_flash.o
                0x0000000000014048                flash_get_page_write_count
 .text.flash_chip_erase
                0x000000000001409c       0x2c obj/lib/L4_IO/fat/disk/spi_flash.o
                0x000000000001409c                flash_chip_erase
 .text.disk_initialize
                0x00000000000140c8       0x26 obj/lib/L4_IO/fat/disk/diskio.o
                0x00000000000140c8                disk_initialize
 .text.disk_status
                0x00000000000140ee       0x10 obj/lib/L4_IO/fat/disk/diskio.o
                0x00000000000140ee                disk_status
 .text.disk_read
                0x00000000000140fe       0x38 obj/lib/L4_IO/fat/disk/diskio.o
                0x00000000000140fe                disk_read
 .text.disk_write
                0x0000000000014136       0x38 obj/lib/L4_IO/fat/disk/diskio.o
                0x0000000000014136                disk_write
 .text.disk_ioctl
                0x000000000001416e       0x32 obj/lib/L4_IO/fat/disk/diskio.o
                0x000000000001416e                disk_ioctl
 .text._ZN7Storage4copyEPKcS1_PjS2_S2_
                0x00000000000141a0       0xf0 obj/lib/L4_IO/src/storage.o
                0x00000000000141a0                Storage::copy(char const*, char const*, unsigned int*, unsigned int*, unsigned int*)
 .text._ZN7Storage4readEPKcPvjj
                0x0000000000014290       0x44 obj/lib/L4_IO/src/storage.o
                0x0000000000014290                Storage::read(char const*, void*, unsigned int, unsigned int)
 .text._ZN7Storage5writeEPKcPvjj
                0x00000000000142d4       0x44 obj/lib/L4_IO/src/storage.o
                0x00000000000142d4                Storage::write(char const*, void*, unsigned int, unsigned int)
 .text._ZN7Storage6appendEPKcPKvjj
                0x0000000000014318       0x48 obj/lib/L4_IO/src/storage.o
                0x0000000000014318                Storage::append(char const*, void const*, unsigned int, unsigned int)
 .text._ZN11i2c2_device8writeRegEhh
                0x0000000000014360        0xc obj/lib/L4_IO/src/io_source.o
                0x0000000000014360                i2c2_device::writeReg(unsigned char, unsigned char)
 .text._ZN11i2c2_device16get16BitRegisterEh
                0x000000000001436c       0x2a obj/lib/L4_IO/src/io_source.o
                0x000000000001436c                i2c2_device::get16BitRegister(unsigned char)
 .text._ZN19Acceleration_Sensor4initEv
                0x0000000000014396       0x20 obj/lib/L4_IO/src/io_source.o
                0x0000000000014396                Acceleration_Sensor::init()
 *fill*         0x00000000000143b6        0x2 ff
 .text._ZN9IR_Sensor11storeIrCodeEm
                0x00000000000143b8       0x1c obj/lib/L4_IO/src/io_source.o
                0x00000000000143b8                IR_Sensor::storeIrCode(unsigned long)
 .text._ZN9IR_Sensor12decodeIrCodeEv
                0x00000000000143d4       0x64 obj/lib/L4_IO/src/io_source.o
                0x00000000000143d4                IR_Sensor::decodeIrCode()
 .text._ZN9IR_Sensor4initEv
                0x0000000000014438       0x34 obj/lib/L4_IO/src/io_source.o
                0x0000000000014438                IR_Sensor::init()
 .text._ZN11LED_Display12setLeftDigitEc
                0x000000000001446c       0x18 obj/lib/L4_IO/src/io_source.o
                0x000000000001446c                LED_Display::setLeftDigit(char)
 .text._ZN11LED_Display13setRightDigitEc
                0x0000000000014484       0x18 obj/lib/L4_IO/src/io_source.o
                0x0000000000014484                LED_Display::setRightDigit(char)
 .text._ZN11LED_Display4initEv
                0x000000000001449c       0x38 obj/lib/L4_IO/src/io_source.o
                0x000000000001449c                LED_Display::init()
 .text._ZN11LED_Display9setNumberEc
                0x00000000000144d4       0x3a obj/lib/L4_IO/src/io_source.o
                0x00000000000144d4                LED_Display::setNumber(char)
 .text._ZN3LED4initEv
                0x000000000001450e        0x4 obj/lib/L4_IO/src/io_source.o
                0x000000000001450e                LED::init()
 *fill*         0x0000000000014512        0x2 ff
 .text._ZN3LED6setAllEh
                0x0000000000014514       0x50 obj/lib/L4_IO/src/io_source.o
                0x0000000000014514                LED::setAll(unsigned char)
 .text._ZN3LED6toggleEh
                0x0000000000014564       0x26 obj/lib/L4_IO/src/io_source.o
                0x0000000000014564                LED::toggle(unsigned char)
 .text._ZN12Light_Sensor4initEv
                0x000000000001458a        0x4 obj/lib/L4_IO/src/io_source.o
                0x000000000001458a                Light_Sensor::init()
 .text._ZN12Light_Sensor11getRawValueEv
                0x000000000001458e        0x6 obj/lib/L4_IO/src/io_source.o
                0x000000000001458e                Light_Sensor::getRawValue()
 .text._ZN8Switches4initEv
                0x0000000000014594        0x4 obj/lib/L4_IO/src/io_source.o
                0x0000000000014594                Switches::init()
 .text._ZN8Switches15getSwitchValuesEv
                0x0000000000014598       0x18 obj/lib/L4_IO/src/io_source.o
                0x0000000000014598                Switches::getSwitchValues()
 .text._ZN8I2C_Temp4initEv
                0x00000000000145b0       0x22 obj/lib/L4_IO/src/io_source.o
                0x00000000000145b0                I2C_Temp::init()
 .text._ZN8I2C_Temp10getCelsiusEv
                0x00000000000145d2       0x30 obj/lib/L4_IO/src/io_source.o
                0x00000000000145d2                I2C_Temp::getCelsius()
 *fill*         0x0000000000014602        0x2 ff
 .text._ZN8I2C_Temp12getFarenheitEv
                0x0000000000014604       0x24 obj/lib/L4_IO/src/io_source.o
                0x0000000000014604                I2C_Temp::getFarenheit()
 .text.mesh_incr_soft_timers_for_arr
                0x0000000000014628       0x26 obj/lib/L4_IO/wireless/src/mesh.o
 *fill*         0x000000000001464e        0x2 ff
 .text.mesh_update_soft_timers
                0x0000000000014650       0x4c obj/lib/L4_IO/wireless/src/mesh.o
 .text.mesh_send_packet
                0x000000000001469c       0x3c obj/lib/L4_IO/wireless/src/mesh.o
 .text.mesh_send_retry_packet
                0x00000000000146d8       0x34 obj/lib/L4_IO/wireless/src/mesh.o
 .text.mesh_find_rte_tbl_entry
                0x000000000001470c       0x24 obj/lib/L4_IO/wireless/src/mesh.o
 .text.mesh_update_rte_scores
                0x0000000000014730       0x28 obj/lib/L4_IO/wireless/src/mesh.o
 .text.mesh_get_pnd_pkt_slot
                0x0000000000014758       0x40 obj/lib/L4_IO/wireless/src/mesh.o
 .text.mesh_pending_packets_add
                0x0000000000014798       0x90 obj/lib/L4_IO/wireless/src/mesh.o
 .text.mesh_get_rte_to_modify
                0x0000000000014828       0x58 obj/lib/L4_IO/wireless/src/mesh.o
 .text.mesh_handle_pnd_pkts_for_arr
                0x0000000000014880      0x178 obj/lib/L4_IO/wireless/src/mesh.o
 .text.mesh_set_node_address
                0x00000000000149f8       0x18 obj/lib/L4_IO/wireless/src/mesh.o
                0x00000000000149f8                mesh_set_node_address
 .text.mesh_get_node_address
                0x0000000000014a10        0xc obj/lib/L4_IO/wireless/src/mesh.o
                0x0000000000014a10                mesh_get_node_address
 .text.mesh_set_retry_count
                0x0000000000014a1c       0x10 obj/lib/L4_IO/wireless/src/mesh.o
                0x0000000000014a1c                mesh_set_retry_count
 .text.mesh_form_pkt
                0x0000000000014a2c       0xf8 obj/lib/L4_IO/wireless/src/mesh.o
                0x0000000000014a2c                mesh_form_pkt
 .text.mesh_send_formed_pkt
                0x0000000000014b24       0x58 obj/lib/L4_IO/wireless/src/mesh.o
                0x0000000000014b24                mesh_send_formed_pkt
 .text.mesh_init
                0x0000000000014b7c      0x100 obj/lib/L4_IO/wireless/src/mesh.o
                0x0000000000014b7c                mesh_init
 .text.mesh_send
                0x0000000000014c7c       0x3e obj/lib/L4_IO/wireless/src/mesh.o
                0x0000000000014c7c                mesh_send
 .text.mesh_send_ack
                0x0000000000014cba       0x1a obj/lib/L4_IO/wireless/src/mesh.o
 .text.mesh_get_routing_entry
                0x0000000000014cd4       0x2c obj/lib/L4_IO/wireless/src/mesh.o
                0x0000000000014cd4                mesh_get_routing_entry
 .text.mesh_get_num_routing_entries
                0x0000000000014d00       0x1c obj/lib/L4_IO/wireless/src/mesh.o
                0x0000000000014d00                mesh_get_num_routing_entries
 .text.mesh_service
                0x0000000000014d1c      0x2d0 obj/lib/L4_IO/wireless/src/mesh.o
                0x0000000000014d1c                mesh_service
 .text.mesh_get_pnd_pkt_count
                0x0000000000014fec       0x34 obj/lib/L4_IO/wireless/src/mesh.o
                0x0000000000014fec                mesh_get_pnd_pkt_count
 .text.mesh_get_max_timeout_before_packet_fails
                0x0000000000015020       0x24 obj/lib/L4_IO/wireless/src/mesh.o
                0x0000000000015020                mesh_get_max_timeout_before_packet_fails
 .text.mesh_get_stats
                0x0000000000015044       0x14 obj/lib/L4_IO/wireless/src/mesh.o
                0x0000000000015044                mesh_get_stats
 .text.nrf_driver_init
                0x0000000000015058       0x70 obj/lib/L4_IO/wireless/src/wireless.o
 .text.nrf_driver_app_recv
                0x00000000000150c8       0x50 obj/lib/L4_IO/wireless/src/wireless.o
 .text.nrf_driver_send
                0x0000000000015118       0x58 obj/lib/L4_IO/wireless/src/wireless.o
 .text.nrf_irq_callback
                0x0000000000015170       0x34 obj/lib/L4_IO/wireless/src/wireless.o
 .text.nrf_driver_receive
                0x00000000000151a4       0x22 obj/lib/L4_IO/wireless/src/wireless.o
 .text.wireless_get_queued_pkt
                0x00000000000151c6       0x66 obj/lib/L4_IO/wireless/src/wireless.o
 .text.nrf_driver_get_timer
                0x000000000001522c       0x28 obj/lib/L4_IO/wireless/src/wireless.o
 .text.wireless_init
                0x0000000000015254       0x4c obj/lib/L4_IO/wireless/src/wireless.o
                0x0000000000015254                wireless_init
 .text.wireless_get_rx_pkt
                0x00000000000152a0       0x10 obj/lib/L4_IO/wireless/src/wireless.o
                0x00000000000152a0                wireless_get_rx_pkt
 .text.wireless_get_ack_pkt
                0x00000000000152b0       0x10 obj/lib/L4_IO/wireless/src/wireless.o
                0x00000000000152b0                wireless_get_ack_pkt
 .text.wireless_service
                0x00000000000152c0       0x4c obj/lib/L4_IO/wireless/src/wireless.o
                0x00000000000152c0                wireless_service
 .text.nordic_transfer
                0x000000000001530c       0xe8 obj/lib/L4_IO/wireless/src/nrf24L01Plus.o
 .text.nordic_readRegister
                0x00000000000153f4       0x20 obj/lib/L4_IO/wireless/src/nrf24L01Plus.o
 .text.nordic_writeRegister
                0x0000000000015414       0x1e obj/lib/L4_IO/wireless/src/nrf24L01Plus.o
 .text.nordic_is_tx_fifo_empty
                0x0000000000015432        0xe obj/lib/L4_IO/wireless/src/nrf24L01Plus.o
                0x0000000000015432                nordic_is_tx_fifo_empty
 .text.nordic_clear_all_intr_flags
                0x0000000000015440        0x8 obj/lib/L4_IO/wireless/src/nrf24L01Plus.o
                0x0000000000015440                nordic_clear_all_intr_flags
 .text.nordic_queue_tx_fifo
                0x0000000000015448        0xc obj/lib/L4_IO/wireless/src/nrf24L01Plus.o
                0x0000000000015448                nordic_queue_tx_fifo
 .text.nordic_standby1_to_tx_mode1
                0x0000000000015454       0x16 obj/lib/L4_IO/wireless/src/nrf24L01Plus.o
                0x0000000000015454                nordic_standby1_to_tx_mode1
 *fill*         0x000000000001546a        0x2 ff
 .text.nordic_rx_to_Stanby1
                0x000000000001546c       0x10 obj/lib/L4_IO/wireless/src/nrf24L01Plus.o
                0x000000000001546c                nordic_rx_to_Stanby1
 .text.nordic_standby1_to_rx
                0x000000000001547c       0x24 obj/lib/L4_IO/wireless/src/nrf24L01Plus.o
                0x000000000001547c                nordic_standby1_to_rx
 .text.nordic_clear_packet_sent_flag
                0x00000000000154a0        0x8 obj/lib/L4_IO/wireless/src/nrf24L01Plus.o
                0x00000000000154a0                nordic_clear_packet_sent_flag
 .text.nordic_flush_tx_fifo
                0x00000000000154a8        0xc obj/lib/L4_IO/wireless/src/nrf24L01Plus.o
                0x00000000000154a8                nordic_flush_tx_fifo
 .text.nordic_mode1_send_single_packet
                0x00000000000154b4       0x4c obj/lib/L4_IO/wireless/src/nrf24L01Plus.o
                0x00000000000154b4                nordic_mode1_send_single_packet
 .text.nordic_is_packet_available
                0x0000000000015500       0x10 obj/lib/L4_IO/wireless/src/nrf24L01Plus.o
                0x0000000000015500                nordic_is_packet_available
 .text.nordic_clear_packet_available_flag
                0x0000000000015510        0x8 obj/lib/L4_IO/wireless/src/nrf24L01Plus.o
                0x0000000000015510                nordic_clear_packet_available_flag
 .text.nordic_read_rx_fifo
                0x0000000000015518       0x14 obj/lib/L4_IO/wireless/src/nrf24L01Plus.o
                0x0000000000015518                nordic_read_rx_fifo
 .text.nordic_flush_rx_fifo
                0x000000000001552c        0xc obj/lib/L4_IO/wireless/src/nrf24L01Plus.o
                0x000000000001552c                nordic_flush_rx_fifo
 .text.nordic_set_intr_signals
                0x0000000000015538       0x3e obj/lib/L4_IO/wireless/src/nrf24L01Plus.o
                0x0000000000015538                nordic_set_intr_signals
 .text.nordic_set_crc
                0x0000000000015576       0x38 obj/lib/L4_IO/wireless/src/nrf24L01Plus.o
                0x0000000000015576                nordic_set_crc
 .text.nordic_power_up
                0x00000000000155ae       0x18 obj/lib/L4_IO/wireless/src/nrf24L01Plus.o
                0x00000000000155ae                nordic_power_up
 .text.nordic_power_down
                0x00000000000155c6       0x16 obj/lib/L4_IO/wireless/src/nrf24L01Plus.o
                0x00000000000155c6                nordic_power_down
 .text.nordic_set_channel
                0x00000000000155dc       0x24 obj/lib/L4_IO/wireless/src/nrf24L01Plus.o
                0x00000000000155dc                nordic_set_channel
 .text.nordic_set_air_data_rate
                0x0000000000015600       0x2c obj/lib/L4_IO/wireless/src/nrf24L01Plus.o
                0x0000000000015600                nordic_set_air_data_rate
 .text.nordic_set_power_level
                0x000000000001562c       0x24 obj/lib/L4_IO/wireless/src/nrf24L01Plus.o
                0x000000000001562c                nordic_set_power_level
 .text.nordic_set_auto_transmit_options
                0x0000000000015650       0x2c obj/lib/L4_IO/wireless/src/nrf24L01Plus.o
                0x0000000000015650                nordic_set_auto_transmit_options
 .text.nordic_set_payload_for_pipe
                0x000000000001567c       0x14 obj/lib/L4_IO/wireless/src/nrf24L01Plus.o
                0x000000000001567c                nordic_set_payload_for_pipe
 .text.nordic_set_addr_width
                0x0000000000015690       0x16 obj/lib/L4_IO/wireless/src/nrf24L01Plus.o
                0x0000000000015690                nordic_set_addr_width
 .text.nordic_set_tx_address
                0x00000000000156a6        0xc obj/lib/L4_IO/wireless/src/nrf24L01Plus.o
                0x00000000000156a6                nordic_set_tx_address
 .text.nordic_set_rx_pipe0_addr
                0x00000000000156b2        0xc obj/lib/L4_IO/wireless/src/nrf24L01Plus.o
                0x00000000000156b2                nordic_set_rx_pipe0_addr
 *fill*         0x00000000000156be        0x2 ff
 .text.nordic_init
                0x00000000000156c0       0xc8 obj/lib/L4_IO/wireless/src/nrf24L01Plus.o
                0x00000000000156c0                nordic_init
 .text.prvTaskExitError
                0x0000000000015788       0x12 obj/lib/L1_FreeRTOS/portable/no_mpu/port.o
 *fill*         0x000000000001579a        0x2 ff
 .text.prvPortStartFirstTask
                0x000000000001579c       0x20 obj/lib/L1_FreeRTOS/portable/no_mpu/port.o
 .text.pxPortInitialiseStack
                0x00000000000157bc       0x24 obj/lib/L1_FreeRTOS/portable/no_mpu/port.o
                0x00000000000157bc                pxPortInitialiseStack
 .text.vPortSVCHandler
                0x00000000000157e0       0x24 obj/lib/L1_FreeRTOS/portable/no_mpu/port.o
                0x00000000000157e0                vPortSVCHandler
 .text.vPortEndScheduler
                0x0000000000015804        0x2 obj/lib/L1_FreeRTOS/portable/no_mpu/port.o
                0x0000000000015804                vPortEndScheduler
 *fill*         0x0000000000015806        0x2 ff
 .text.vPortEnterCritical
                0x0000000000015808       0x20 obj/lib/L1_FreeRTOS/portable/no_mpu/port.o
                0x0000000000015808                vPortEnterCritical
 .text.vPortExitCritical
                0x0000000000015828       0x14 obj/lib/L1_FreeRTOS/portable/no_mpu/port.o
                0x0000000000015828                vPortExitCritical
 *fill*         0x000000000001583c        0x4 ff
 .text.xPortPendSVHandler
                0x0000000000015840       0x44 obj/lib/L1_FreeRTOS/portable/no_mpu/port.o
                0x0000000000015840                xPortPendSVHandler
 .text.xPortSysTickHandler
                0x0000000000015884       0x2c obj/lib/L1_FreeRTOS/portable/no_mpu/port.o
                0x0000000000015884                xPortSysTickHandler
 .text.vPortSetupTimerInterrupt
                0x00000000000158b0       0x14 obj/lib/L1_FreeRTOS/portable/no_mpu/port.o
                0x00000000000158b0                vPortSetupTimerInterrupt
 .text.xPortStartScheduler
                0x00000000000158c4       0x30 obj/lib/L1_FreeRTOS/portable/no_mpu/port.o
                0x00000000000158c4                xPortStartScheduler
 .text.rts_not_full_trace_init
                0x00000000000158f4       0x14 obj/lib/L1_FreeRTOS/portable/run_time_stats.o
                0x00000000000158f4                rts_not_full_trace_init
 .text.rts_not_full_trace_get
                0x0000000000015908       0x14 obj/lib/L1_FreeRTOS/portable/run_time_stats.o
                0x0000000000015908                rts_not_full_trace_get
 .text.rts_not_full_trace_reset
                0x000000000001591c       0x14 obj/lib/L1_FreeRTOS/portable/run_time_stats.o
                0x000000000001591c                rts_not_full_trace_reset
 .text.vApplicationIdleHook
                0x0000000000015930        0x4 obj/lib/L1_FreeRTOS/hooks/hooks.o
                0x0000000000015930                vApplicationIdleHook
 .text.vApplicationStackOverflowHook
                0x0000000000015934       0x38 obj/lib/L1_FreeRTOS/hooks/hooks.o
                0x0000000000015934                vApplicationStackOverflowHook
 .text.vApplicationMallocFailedHook
                0x000000000001596c       0x24 obj/lib/L1_FreeRTOS/hooks/hooks.o
                0x000000000001596c                vApplicationMallocFailedHook
 .text.pvPortMalloc
                0x0000000000015990       0x1e obj/lib/L1_FreeRTOS/MemMang/freertos_mem_man.o
                0x0000000000015990                pvPortMalloc
 .text.vPortFree
                0x00000000000159ae       0x1a obj/lib/L1_FreeRTOS/MemMang/freertos_mem_man.o
                0x00000000000159ae                vPortFree
 .text.prvResetRunTimeStatsInList
                0x00000000000159c8       0x2e obj/lib/L1_FreeRTOS/src/tasks.o
 *fill*         0x00000000000159f6        0x2 ff
 .text.prvIdleTask
                0x00000000000159f8       0x28 obj/lib/L1_FreeRTOS/src/tasks.o
 .text.prvResetNextTaskUnblockTime
                0x0000000000015a20       0x24 obj/lib/L1_FreeRTOS/src/tasks.o
 .text.prvAddCurrentTaskToDelayedList
                0x0000000000015a44       0x8c obj/lib/L1_FreeRTOS/src/tasks.o
 .text.xTaskCreate
                0x0000000000015ad0      0x1a4 obj/lib/L1_FreeRTOS/src/tasks.o
                0x0000000000015ad0                xTaskCreate
 .text.eTaskGetState
                0x0000000000015c74       0x54 obj/lib/L1_FreeRTOS/src/tasks.o
                0x0000000000015c74                eTaskGetState
 .text.vTaskStartScheduler
                0x0000000000015cc8       0x64 obj/lib/L1_FreeRTOS/src/tasks.o
                0x0000000000015cc8                vTaskStartScheduler
 .text.vTaskEndScheduler
                0x0000000000015d2c       0x20 obj/lib/L1_FreeRTOS/src/tasks.o
                0x0000000000015d2c                vTaskEndScheduler
 .text.vTaskSuspendAll
                0x0000000000015d4c       0x10 obj/lib/L1_FreeRTOS/src/tasks.o
                0x0000000000015d4c                vTaskSuspendAll
 .text.xTaskGetTickCount
                0x0000000000015d5c        0xc obj/lib/L1_FreeRTOS/src/tasks.o
                0x0000000000015d5c                xTaskGetTickCount
 .text.xTaskGetTickCountFromISR
                0x0000000000015d68        0xc obj/lib/L1_FreeRTOS/src/tasks.o
                0x0000000000015d68                xTaskGetTickCountFromISR
 .text.uxTaskGetNumberOfTasks
                0x0000000000015d74        0xc obj/lib/L1_FreeRTOS/src/tasks.o
                0x0000000000015d74                uxTaskGetNumberOfTasks
 .text.xTaskIncrementTick
                0x0000000000015d80      0x10c obj/lib/L1_FreeRTOS/src/tasks.o
                0x0000000000015d80                xTaskIncrementTick
 .text.xTaskResumeAll
                0x0000000000015e8c       0xd8 obj/lib/L1_FreeRTOS/src/tasks.o
                0x0000000000015e8c                xTaskResumeAll
 .text.vTaskDelayUntil
                0x0000000000015f64       0x58 obj/lib/L1_FreeRTOS/src/tasks.o
                0x0000000000015f64                vTaskDelayUntil
 .text.vTaskDelay
                0x0000000000015fbc       0x30 obj/lib/L1_FreeRTOS/src/tasks.o
                0x0000000000015fbc                vTaskDelay
 .text.vTaskSwitchContext
                0x0000000000015fec       0xb8 obj/lib/L1_FreeRTOS/src/tasks.o
                0x0000000000015fec                vTaskSwitchContext
 .text.vTaskSuspend
                0x00000000000160a4       0xb0 obj/lib/L1_FreeRTOS/src/tasks.o
                0x00000000000160a4                vTaskSuspend
 .text.vTaskPlaceOnEventList
                0x0000000000016154       0x20 obj/lib/L1_FreeRTOS/src/tasks.o
                0x0000000000016154                vTaskPlaceOnEventList
 .text.xTaskRemoveFromEventList
                0x0000000000016174       0x70 obj/lib/L1_FreeRTOS/src/tasks.o
                0x0000000000016174                xTaskRemoveFromEventList
 .text.vTaskSetTimeOutState
                0x00000000000161e4       0x18 obj/lib/L1_FreeRTOS/src/tasks.o
                0x00000000000161e4                vTaskSetTimeOutState
 .text.xTaskCheckForTimeOut
                0x00000000000161fc       0x4c obj/lib/L1_FreeRTOS/src/tasks.o
                0x00000000000161fc                xTaskCheckForTimeOut
 .text.vTaskMissedYield
                0x0000000000016248        0xc obj/lib/L1_FreeRTOS/src/tasks.o
                0x0000000000016248                vTaskMissedYield
 .text.vTaskGetInfo
                0x0000000000016254       0x80 obj/lib/L1_FreeRTOS/src/tasks.o
                0x0000000000016254                vTaskGetInfo
 .text.prvListTasksWithinSingleList
                0x00000000000162d4       0x5c obj/lib/L1_FreeRTOS/src/tasks.o
 .text.uxTaskGetSystemState
                0x0000000000016330       0x98 obj/lib/L1_FreeRTOS/src/tasks.o
                0x0000000000016330                uxTaskGetSystemState
 .text.uxTaskGetStackHighWaterMark
                0x00000000000163c8       0x20 obj/lib/L1_FreeRTOS/src/tasks.o
                0x00000000000163c8                uxTaskGetStackHighWaterMark
 .text.xTaskGetSchedulerState
                0x00000000000163e8       0x20 obj/lib/L1_FreeRTOS/src/tasks.o
                0x00000000000163e8                xTaskGetSchedulerState
 .text.vTaskPriorityInherit
                0x0000000000016408       0x90 obj/lib/L1_FreeRTOS/src/tasks.o
                0x0000000000016408                vTaskPriorityInherit
 .text.xTaskPriorityDisinherit
                0x0000000000016498       0x70 obj/lib/L1_FreeRTOS/src/tasks.o
                0x0000000000016498                xTaskPriorityDisinherit
 .text.pvTaskIncrementMutexHeldCount
                0x0000000000016508       0x18 obj/lib/L1_FreeRTOS/src/tasks.o
                0x0000000000016508                pvTaskIncrementMutexHeldCount
 .text.vTaskResetRunTimeStats
                0x0000000000016520       0x68 obj/lib/L1_FreeRTOS/src/tasks.o
                0x0000000000016520                vTaskResetRunTimeStats
 .text.vRunTimeStatIsrEntry
                0x0000000000016588       0x28 obj/lib/L1_FreeRTOS/src/tasks.o
                0x0000000000016588                vRunTimeStatIsrEntry
 .text.vRunTimeStatIsrExit
                0x00000000000165b0       0x10 obj/lib/L1_FreeRTOS/src/tasks.o
                0x00000000000165b0                vRunTimeStatIsrExit
 .text.vListInitialise
                0x00000000000165c0       0x16 obj/lib/L1_FreeRTOS/src/list.o
                0x00000000000165c0                vListInitialise
 .text.vListInitialiseItem
                0x00000000000165d6        0x6 obj/lib/L1_FreeRTOS/src/list.o
                0x00000000000165d6                vListInitialiseItem
 .text.vListInsertEnd
                0x00000000000165dc       0x18 obj/lib/L1_FreeRTOS/src/list.o
                0x00000000000165dc                vListInsertEnd
 .text.vListInsert
                0x00000000000165f4       0x2e obj/lib/L1_FreeRTOS/src/list.o
                0x00000000000165f4                vListInsert
 .text.uxListRemove
                0x0000000000016622       0x20 obj/lib/L1_FreeRTOS/src/list.o
                0x0000000000016622                uxListRemove
 .text.prvCopyDataToQueue
                0x0000000000016642       0x66 obj/lib/L1_FreeRTOS/src/queue.o
 .text.prvNotifyQueueSetContainer
                0x00000000000166a8       0x4a obj/lib/L1_FreeRTOS/src/queue.o
 .text.prvCopyDataFromQueue
                0x00000000000166f2       0x28 obj/lib/L1_FreeRTOS/src/queue.o
 .text.prvUnlockQueue
                0x000000000001671a       0x7e obj/lib/L1_FreeRTOS/src/queue.o
 .text.xQueueGenericReset
                0x0000000000016798       0x6c obj/lib/L1_FreeRTOS/src/queue.o
                0x0000000000016798                xQueueGenericReset
 .text.xQueueGenericCreate
                0x0000000000016804       0x32 obj/lib/L1_FreeRTOS/src/queue.o
                0x0000000000016804                xQueueGenericCreate
 .text.xQueueCreateCountingSemaphore
                0x0000000000016836       0x12 obj/lib/L1_FreeRTOS/src/queue.o
                0x0000000000016836                xQueueCreateCountingSemaphore
 .text.xQueueGenericSend
                0x0000000000016848      0x104 obj/lib/L1_FreeRTOS/src/queue.o
                0x0000000000016848                xQueueGenericSend
 .text.xQueueCreateMutex
                0x000000000001694c       0x24 obj/lib/L1_FreeRTOS/src/queue.o
                0x000000000001694c                xQueueCreateMutex
 .text.xQueueGenericSendFromISR
                0x0000000000016970       0x80 obj/lib/L1_FreeRTOS/src/queue.o
                0x0000000000016970                xQueueGenericSendFromISR
 .text.xQueueGiveFromISR
                0x00000000000169f0       0x68 obj/lib/L1_FreeRTOS/src/queue.o
                0x00000000000169f0                xQueueGiveFromISR
 .text.xQueueGenericReceive
                0x0000000000016a58      0x134 obj/lib/L1_FreeRTOS/src/queue.o
                0x0000000000016a58                xQueueGenericReceive
 .text.xQueueReceiveFromISR
                0x0000000000016b8c       0x68 obj/lib/L1_FreeRTOS/src/queue.o
                0x0000000000016b8c                xQueueReceiveFromISR
 .text.uxQueueMessagesWaiting
                0x0000000000016bf4       0x12 obj/lib/L1_FreeRTOS/src/queue.o
                0x0000000000016bf4                uxQueueMessagesWaiting
 .text.uxQueueMessagesWaitingFromISR
                0x0000000000016c06        0x4 obj/lib/L1_FreeRTOS/src/queue.o
                0x0000000000016c06                uxQueueMessagesWaitingFromISR
 .text.xQueueSelectFromSet
                0x0000000000016c0a       0x18 obj/lib/L1_FreeRTOS/src/queue.o
                0x0000000000016c0a                xQueueSelectFromSet
 *fill*         0x0000000000016c22        0x2 ff
 .text.lpc_sys_setup_system_timer
                0x0000000000016c24       0x54 obj/lib/L0_LowLevel/source/lpc_sys.o
                0x0000000000016c24                lpc_sys_setup_system_timer
 .text.sys_get_uptime_us
                0x0000000000016c78       0x2c obj/lib/L0_LowLevel/source/lpc_sys.o
                0x0000000000016c78                sys_get_uptime_us
 .text.sys_get_mem_info_str
                0x0000000000016ca4       0x38 obj/lib/L0_LowLevel/source/lpc_sys.o
                0x0000000000016ca4                sys_get_mem_info_str
 .text._ZN17SingletonTemplateI9IR_SensorE11getInstanceEv
                0x0000000000016cdc       0x18 obj/lib/L0_LowLevel/source/lpc_sys.o
                0x0000000000016cdc                SingletonTemplate<IR_Sensor>::getInstance()
 .text.TIMER1_IRQHandler
                0x0000000000016cf4       0xbc obj/lib/L0_LowLevel/source/lpc_sys.o
                0x0000000000016cf4                TIMER1_IRQHandler
 .text.isr_forwarder_routine
                0x0000000000016db0       0x3c obj/lib/L0_LowLevel/source/startup.o
 .text.isr_hard_fault_handler
                0x0000000000016dec       0x58 obj/lib/L0_LowLevel/source/startup.o
                0x0000000000016dec                isr_hard_fault_handler
 .text.uart0_init
                0x0000000000016e44       0x60 obj/lib/L0_LowLevel/source/uart0_min.o
                0x0000000000016e44                uart0_init
 .text.uart0_getchar
                0x0000000000016ea4       0x18 obj/lib/L0_LowLevel/source/uart0_min.o
                0x0000000000016ea4                uart0_getchar
 .text.uart0_putchar
                0x0000000000016ebc       0x18 obj/lib/L0_LowLevel/source/uart0_min.o
                0x0000000000016ebc                uart0_putchar
 .text.uart0_puts
                0x0000000000016ed4       0x1a obj/lib/L0_LowLevel/source/uart0_min.o
                0x0000000000016ed4                uart0_puts
 *fill*         0x0000000000016eee        0x2 ff
 .text.sys_get_boot_type
                0x0000000000016ef0        0xc obj/lib/L0_LowLevel/source/low_level_init.o
                0x0000000000016ef0                sys_get_boot_type
 .text.sys_get_boot_time
                0x0000000000016efc       0x14 obj/lib/L0_LowLevel/source/low_level_init.o
                0x0000000000016efc                sys_get_boot_time
 .text._Z14low_level_initv
                0x0000000000016f10      0x240 obj/lib/L0_LowLevel/source/low_level_init.o
                0x0000000000016f10                low_level_init()
 .text.lpc_pconp
                0x0000000000017150       0x34 obj/lib/L0_LowLevel/source/lpc_peripherals.o
                0x0000000000017150                lpc_pconp
 .text.lpc_pclk
                0x0000000000017184       0x48 obj/lib/L0_LowLevel/source/lpc_peripherals.o
                0x0000000000017184                lpc_pclk
 .text.__set_PSP
                0x00000000000171cc        0x6 obj/lib/L0_LowLevel/source/core_cm3.o
                0x00000000000171cc                __set_PSP
 .text.__set_MSP
                0x00000000000171d2        0x6 obj/lib/L0_LowLevel/source/core_cm3.o
                0x00000000000171d2                __set_MSP
 .text.__set_BASEPRI
                0x00000000000171d8        0x6 obj/lib/L0_LowLevel/source/core_cm3.o
                0x00000000000171d8                __set_BASEPRI
 *fill*         0x00000000000171de        0x2 ff
 .text._ZL19sys_clock_pll0_feedv
                0x00000000000171e0       0x14 obj/lib/L0_LowLevel/source/sys_clock.o
 .text._ZL23sys_clock_configure_plljjPiS_S_.constprop.0
                0x00000000000171f4       0x78 obj/lib/L0_LowLevel/source/sys_clock.o
 .text._Z19sys_clock_configurev
                0x000000000001726c       0xb4 obj/lib/L0_LowLevel/source/sys_clock.o
                0x000000000001726c                sys_clock_configure()
 .text.sys_get_cpu_clock
                0x0000000000017320       0xa8 obj/lib/L0_LowLevel/source/sys_clock.o
                0x0000000000017320                sys_get_cpu_clock
 .text._gettimeofday
                0x00000000000173c8       0x7a obj/lib/newlib/newlib_time.o
                0x00000000000173c8                _gettimeofday
 .text.remap_fatfs_errors
                0x0000000000017442       0x56 obj/lib/newlib/newlib_syscalls.o
 .text.findslot
                0x0000000000017498       0x4c obj/lib/newlib/newlib_syscalls.o
 .text.remap_handle
                0x00000000000174e4       0x28 obj/lib/newlib/newlib_syscalls.o
 .text.sys_set_outchar_func
                0x000000000001750c        0xc obj/lib/newlib/newlib_syscalls.o
                0x000000000001750c                sys_set_outchar_func
 .text.sys_set_inchar_func
                0x0000000000017518        0xc obj/lib/newlib/newlib_syscalls.o
                0x0000000000017518                sys_set_inchar_func
 .text._kill    0x0000000000017524       0x10 obj/lib/newlib/newlib_syscalls.o
                0x0000000000017524                _kill
 .text._exit    0x0000000000017534       0x10 obj/lib/newlib/newlib_syscalls.o
                0x0000000000017534                _exit
 .text._getpid  0x0000000000017544        0x4 obj/lib/newlib/newlib_syscalls.o
                0x0000000000017544                _getpid
 .text._init    0x0000000000017548        0x4 obj/lib/newlib/newlib_syscalls.o
                0x0000000000017548                _init
 .text.syscalls_init
                0x000000000001754c       0x34 obj/lib/newlib/newlib_syscalls.o
                0x000000000001754c                syscalls_init
 .text._read    0x0000000000017580       0x9c obj/lib/newlib/newlib_syscalls.o
                0x0000000000017580                _read
 .text._lseek   0x000000000001761c       0x60 obj/lib/newlib/newlib_syscalls.o
                0x000000000001761c                _lseek
 .text._write   0x000000000001767c       0xa4 obj/lib/newlib/newlib_syscalls.o
                0x000000000001767c                _write
 .text._open    0x0000000000017720      0x14c obj/lib/newlib/newlib_syscalls.o
                0x0000000000017720                _open
 .text._close   0x000000000001786c       0x54 obj/lib/newlib/newlib_syscalls.o
                0x000000000001786c                _close
 .text._fstat   0x00000000000178c0       0x10 obj/lib/newlib/newlib_syscalls.o
                0x00000000000178c0                _fstat
 .text._isatty  0x00000000000178d0       0x24 obj/lib/newlib/newlib_syscalls.o
                0x00000000000178d0                _isatty
 .text.__malloc_lock
                0x00000000000178f4        0x4 obj/lib/newlib/malloc_lock.o
                0x00000000000178f4                __malloc_lock
 .text.__malloc_unlock
                0x00000000000178f8        0x4 obj/lib/newlib/malloc_lock.o
                0x00000000000178f8                __malloc_unlock
 .text._sbrk    0x00000000000178fc       0x6c obj/lib/newlib/memory.o
                0x00000000000178fc                _sbrk
 .text._Znwj    0x0000000000017968        0x4 obj/lib/newlib/memory.o
                0x0000000000017968                operator new(unsigned int)
 .text._Znaj    0x000000000001796c        0x4 obj/lib/newlib/memory.o
                0x000000000001796c                operator new[](unsigned int)
 .text._ZdlPv   0x0000000000017970        0x4 obj/lib/newlib/memory.o
                0x0000000000017970                operator delete(void*)
 .text._ZdaPv   0x0000000000017974        0x4 obj/lib/newlib/memory.o
                0x0000000000017974                operator delete[](void*)
 .text.sys_get_mem_info
                0x0000000000017978       0xb4 obj/lib/newlib/memory.o
                0x0000000000017978                sys_get_mem_info
 .text.tlm_variable_check_dup
                0x0000000000017a2c       0x1e obj/lib/L3_Utils/tlm/src/c_tlm_var.o
 .text.tlm_component_find_callback
                0x0000000000017a4a       0x14 obj/lib/L3_Utils/tlm/src/c_tlm_var.o
 *fill*         0x0000000000017a5e        0x2 ff
 .text.tlm_variable_register
                0x0000000000017a60       0x7c obj/lib/L3_Utils/tlm/src/c_tlm_var.o
                0x0000000000017a60                tlm_variable_register
 .text.tlm_variable_get_by_name
                0x0000000000017adc       0x28 obj/lib/L3_Utils/tlm/src/c_tlm_var.o
                0x0000000000017adc                tlm_variable_get_by_name
 .text.tlm_variable_get_by_comp_and_name
                0x0000000000017b04       0x30 obj/lib/L3_Utils/tlm/src/c_tlm_var.o
                0x0000000000017b04                tlm_variable_get_by_comp_and_name
 .text.tlm_variable_set_value
                0x0000000000017b34      0x1ec obj/lib/L3_Utils/tlm/src/c_tlm_var.o
                0x0000000000017b34                tlm_variable_set_value
 .text.tlm_variable_print_value
                0x0000000000017d20      0x410 obj/lib/L3_Utils/tlm/src/c_tlm_var.o
                0x0000000000017d20                tlm_variable_print_value
 .text.tlm_variable_get_value
                0x0000000000018130       0x1a obj/lib/L3_Utils/tlm/src/c_tlm_var.o
                0x0000000000018130                tlm_variable_get_value
 *fill*         0x000000000001814a        0x2 ff
 .text.tlm_stream_for_each_component_var
                0x000000000001814c       0xd0 obj/lib/L3_Utils/tlm/src/c_tlm_stream.o
 .text.tlm_stream_file_ptr
                0x000000000001821c       0x1a obj/lib/L3_Utils/tlm/src/c_tlm_stream.o
 *fill*         0x0000000000018236        0x2 ff
 .text.tlm_stream_one
                0x0000000000018238       0x80 obj/lib/L3_Utils/tlm/src/c_tlm_stream.o
                0x0000000000018238                tlm_stream_one
 .text.tlm_stream_all_args
                0x00000000000182b8        0xa obj/lib/L3_Utils/tlm/src/c_tlm_stream.o
 *fill*         0x00000000000182c2        0x2 ff
 .text.tlm_stream_all
                0x00000000000182c4       0x1c obj/lib/L3_Utils/tlm/src/c_tlm_stream.o
                0x00000000000182c4                tlm_stream_all
 .text.tlm_stream_one_file
                0x00000000000182e0       0x14 obj/lib/L3_Utils/tlm/src/c_tlm_stream.o
                0x00000000000182e0                tlm_stream_one_file
 .text.tlm_stream_decode_file
                0x00000000000182f4      0x1b8 obj/lib/L3_Utils/tlm/src/c_tlm_stream.o
                0x00000000000182f4                tlm_stream_decode_file
 .text.get_tlm_one_comp
                0x00000000000184ac       0x52 obj/lib/L3_Utils/tlm/src/c_tlm_binary.o
 .text.cmp_tlm_one_comp
                0x00000000000184fe       0x50 obj/lib/L3_Utils/tlm/src/c_tlm_binary.o
 .text.tlm_binary_get_size_one
                0x000000000001854e       0x16 obj/lib/L3_Utils/tlm/src/c_tlm_binary.o
                0x000000000001854e                tlm_binary_get_size_one
 .text.tlm_binary_get_one
                0x0000000000018564       0x1a obj/lib/L3_Utils/tlm/src/c_tlm_binary.o
                0x0000000000018564                tlm_binary_get_one
 .text.tlm_binary_compare_one
                0x000000000001857e       0x1c obj/lib/L3_Utils/tlm/src/c_tlm_binary.o
                0x000000000001857e                tlm_binary_compare_one
 .text.tlm_component_for_each_callback
                0x000000000001859a        0xe obj/lib/L3_Utils/tlm/src/c_tlm_comp.o
 .text.tlm_component_find_by_name
                0x00000000000185a8       0x10 obj/lib/L3_Utils/tlm/src/c_tlm_comp.o
 .text.tlm_component_get_by_name
                0x00000000000185b8       0x24 obj/lib/L3_Utils/tlm/src/c_tlm_comp.o
                0x00000000000185b8                tlm_component_get_by_name
 .text.tlm_component_add
                0x00000000000185dc       0x6c obj/lib/L3_Utils/tlm/src/c_tlm_comp.o
                0x00000000000185dc                tlm_component_add
 .text.tlm_component_for_each
                0x0000000000018648       0x24 obj/lib/L3_Utils/tlm/src/c_tlm_comp.o
                0x0000000000018648                tlm_component_for_each
 .text.logger_get_buffer_ptr
                0x000000000001866c       0x48 obj/lib/L3_Utils/src/file_logger.o
 .text.logger_write_to_file
                0x00000000000186b4       0xb4 obj/lib/L3_Utils/src/file_logger.o
 .text.logger_task
                0x0000000000018768       0xd0 obj/lib/L3_Utils/src/file_logger.o
 .text.logger_write_log_message
                0x0000000000018838       0x48 obj/lib/L3_Utils/src/file_logger.o
 .text.logger_send_flush_request
                0x0000000000018880       0x34 obj/lib/L3_Utils/src/file_logger.o
                0x0000000000018880                logger_send_flush_request
 .text.logger_get_logged_call_count
                0x00000000000188b4       0x14 obj/lib/L3_Utils/src/file_logger.o
                0x00000000000188b4                logger_get_logged_call_count
 .text.logger_get_blocked_call_count
                0x00000000000188c8        0xc obj/lib/L3_Utils/src/file_logger.o
                0x00000000000188c8                logger_get_blocked_call_count
 .text.logger_get_highest_file_write_time_ms
                0x00000000000188d4        0xc obj/lib/L3_Utils/src/file_logger.o
                0x00000000000188d4                logger_get_highest_file_write_time_ms
 .text.logger_get_num_buffers_watermark
                0x00000000000188e0        0xc obj/lib/L3_Utils/src/file_logger.o
                0x00000000000188e0                logger_get_num_buffers_watermark
 .text.logger_init
                0x00000000000188ec       0xcc obj/lib/L3_Utils/src/file_logger.o
                0x00000000000188ec                logger_init
 .text.logger_set_printf
                0x00000000000189b8       0x1c obj/lib/L3_Utils/src/file_logger.o
                0x00000000000189b8                logger_set_printf
 .text.logger_log
                0x00000000000189d4      0x138 obj/lib/L3_Utils/src/file_logger.o
                0x00000000000189d4                logger_log
 .text.logger_log_raw
                0x0000000000018b0c       0x40 obj/lib/L3_Utils/src/file_logger.o
                0x0000000000018b0c                logger_log_raw
 .text.delay_us
                0x0000000000018b4c       0x1c obj/lib/L3_Utils/src/utilities.o
                0x0000000000018b4c                delay_us
 .text.is_freertos_running
                0x0000000000018b68        0xe obj/lib/L3_Utils/src/utilities.o
                0x0000000000018b68                is_freertos_running
 .text.delay_ms
                0x0000000000018b76       0x22 obj/lib/L3_Utils/src/utilities.o
                0x0000000000018b76                delay_ms
 .text._ZN14scheduler_task4initEv
                0x0000000000018b98        0x4 obj/lib/L3_Utils/src/scheduler_task.o
                0x0000000000018b98                scheduler_task::init()
 .text._ZN14scheduler_task6regTlmEv
                0x0000000000018b9c        0x4 obj/lib/L3_Utils/src/scheduler_task.o
                0x0000000000018b9c                scheduler_task::regTlm()
 .text._ZN14scheduler_task9taskEntryEv
                0x0000000000018ba0        0x4 obj/lib/L3_Utils/src/scheduler_task.o
                0x0000000000018ba0                scheduler_task::taskEntry()
 .text.__sputc_r
                0x0000000000018ba4       0x2c obj/lib/L3_Utils/src/scheduler_task.o
 .text._ZL9dbg_printPKcS0_
                0x0000000000018bd0       0x34 obj/lib/L3_Utils/src/scheduler_task.o
 .text._ZL9printlinePKcS0_
                0x0000000000018c04       0x38 obj/lib/L3_Utils/src/scheduler_task.o
 .text._Z24scheduler_c_task_privatePv
                0x0000000000018c3c      0x124 obj/lib/L3_Utils/src/scheduler_task.o
                0x0000000000018c3c                scheduler_c_task_private(void*)
 .text._Z18scheduler_init_allb
                0x0000000000018d60      0x1b0 obj/lib/L3_Utils/src/scheduler_task.o
                0x0000000000018d60                scheduler_init_all(bool)
 .text._Z18scheduler_add_taskP14scheduler_task
                0x0000000000018f10       0x1c obj/lib/L3_Utils/src/scheduler_task.o
                0x0000000000018f10                scheduler_add_task(scheduler_task*)
 .text._Z15scheduler_startbb
                0x0000000000018f2c       0x40 obj/lib/L3_Utils/src/scheduler_task.o
                0x0000000000018f2c                scheduler_start(bool, bool)
 .text._ZN14scheduler_taskC2EPKcmhPv
                0x0000000000018f6c       0x34 obj/lib/L3_Utils/src/scheduler_task.o
                0x0000000000018f6c                scheduler_task::scheduler_task(char const*, unsigned long, unsigned char, void*)
                0x0000000000018f6c                scheduler_task::scheduler_task(char const*, unsigned long, unsigned char, void*)
 .text._ZN14scheduler_task15getSharedObjectEh
                0x0000000000018fa0       0x18 obj/lib/L3_Utils/src/scheduler_task.o
                0x0000000000018fa0                scheduler_task::getSharedObject(unsigned char)
 .text._ZN3strC2EPci
                0x0000000000018fb8       0x28 obj/lib/L3_Utils/src/str.o
                0x0000000000018fb8                str::str(char*, int)
                0x0000000000018fb8                str::str(char*, int)
 .text._ZN3strD2Ev
                0x0000000000018fe0       0x24 obj/lib/L3_Utils/src/str.o
                0x0000000000018fe0                str::~str()
                0x0000000000018fe0                str::~str()
 .text._ZNK3str6getLenEv
                0x0000000000019004        0x6 obj/lib/L3_Utils/src/str.o
                0x0000000000019004                str::getLen() const
 .text._ZNK3str11getCapacityEv
                0x000000000001900a        0x4 obj/lib/L3_Utils/src/str.o
                0x000000000001900a                str::getCapacity() const
 .text._ZN3str5clearEv
                0x000000000001900e        0x8 obj/lib/L3_Utils/src/str.o
                0x000000000001900e                str::clear()
 .text._ZN3str5scanfEPKcz
                0x0000000000019016       0x1c obj/lib/L3_Utils/src/str.o
                0x0000000000019016                str::scanf(char const*, ...)
 .text._ZN3str8tokenizeEPKciz
                0x0000000000019032       0x4c obj/lib/L3_Utils/src/str.o
                0x0000000000019032                str::tokenize(char const*, int, ...)
 .text._ZNK3str9compareToEPKc
                0x000000000001907e       0x14 obj/lib/L3_Utils/src/str.o
                0x000000000001907e                str::compareTo(char const*) const
 .text._ZNK3str19compareToIgnoreCaseEPKc
                0x0000000000019092       0x10 obj/lib/L3_Utils/src/str.o
                0x0000000000019092                str::compareToIgnoreCase(char const*) const
 .text._ZNK3str22firstIndexOfIgnoreCaseEPKc
                0x00000000000190a2       0x80 obj/lib/L3_Utils/src/str.o
                0x00000000000190a2                str::firstIndexOfIgnoreCase(char const*) const
 .text._ZNK3str18containsIgnoreCaseEPKc
                0x0000000000019122        0xe obj/lib/L3_Utils/src/str.o
                0x0000000000019122                str::containsIgnoreCase(char const*) const
 .text._ZNK3str12firstIndexOfEPKc
                0x0000000000019130       0x16 obj/lib/L3_Utils/src/str.o
                0x0000000000019130                str::firstIndexOf(char const*) const
 .text._ZNK3str10beginsWithEPKc
                0x0000000000019146       0x2e obj/lib/L3_Utils/src/str.o
                0x0000000000019146                str::beginsWith(char const*) const
 .text._ZNK3str20beginsWithIgnoreCaseEPKc
                0x0000000000019174       0x2e obj/lib/L3_Utils/src/str.o
                0x0000000000019174                str::beginsWithIgnoreCase(char const*) const
 .text._ZNK3str29beginsWithWholeWordIgnoreCaseEPKcc
                0x00000000000191a2       0x38 obj/lib/L3_Utils/src/str.o
                0x00000000000191a2                str::beginsWithWholeWordIgnoreCase(char const*, char) const
 .text._ZN3str10eraseFirstEi
                0x00000000000191da       0x28 obj/lib/L3_Utils/src/str.o
                0x00000000000191da                str::eraseFirst(int)
 .text._ZN3str9eraseLastEi
                0x0000000000019202       0x1e obj/lib/L3_Utils/src/str.o
                0x0000000000019202                str::eraseLast(int)
 .text._ZN3str10eraseAfterEii
                0x0000000000019220       0x38 obj/lib/L3_Utils/src/str.o
                0x0000000000019220                str::eraseAfter(int, int)
 .text._ZN3str5eraseEPKc
                0x0000000000019258       0x28 obj/lib/L3_Utils/src/str.o
                0x0000000000019258                str::erase(char const*)
 .text._ZN3str15eraseFirstWordsEic
                0x0000000000019280       0x2a obj/lib/L3_Utils/src/str.o
                0x0000000000019280                str::eraseFirstWords(int, char)
 .text._ZN3str9trimStartEPKc
                0x00000000000192aa       0x40 obj/lib/L3_Utils/src/str.o
                0x00000000000192aa                str::trimStart(char const*)
 .text._ZN3str7trimEndEPKc
                0x00000000000192ea       0x3a obj/lib/L3_Utils/src/str.o
                0x00000000000192ea                str::trimEnd(char const*)
 .text._ZNK3streqEPKc
                0x0000000000019324        0x4 obj/lib/L3_Utils/src/str.o
                0x0000000000019324                str::operator==(char const*) const
 .text._ZNK3strclEv
                0x0000000000019328        0x4 obj/lib/L3_Utils/src/str.o
                0x0000000000019328                str::operator()() const
 .text._ZNK3strcviEv
                0x000000000001932c        0x6 obj/lib/L3_Utils/src/str.o
                0x000000000001932c                str::operator int() const
 .text._ZN3strixEi
                0x0000000000019332       0x14 obj/lib/L3_Utils/src/str.o
                0x0000000000019332                str::operator[](int)
 .text._ZN3str13reAllocateMemEi
                0x0000000000019346       0x4c obj/lib/L3_Utils/src/str.o
                0x0000000000019346                str::reAllocateMem(int)
 .text._ZN3str4initEi
                0x0000000000019392       0x10 obj/lib/L3_Utils/src/str.o
                0x0000000000019392                str::init(int)
 .text._ZN3strC2Ei
                0x00000000000193a2        0xc obj/lib/L3_Utils/src/str.o
                0x00000000000193a2                str::str(int)
                0x00000000000193a2                str::str(int)
 .text._ZN3str7reserveEi
                0x00000000000193ae        0xe obj/lib/L3_Utils/src/str.o
                0x00000000000193ae                str::reserve(int)
 .text._ZN3str6printfEPKcz
                0x00000000000193bc       0x42 obj/lib/L3_Utils/src/str.o
                0x00000000000193bc                str::printf(char const*, ...)
 .text._ZN3str26ensureMemoryToInsertNCharsEi
                0x00000000000193fe       0x22 obj/lib/L3_Utils/src/str.o
                0x00000000000193fe                str::ensureMemoryToInsertNChars(int)
 .text._ZN3str11insertAtEndEPKc
                0x0000000000019420       0x24 obj/lib/L3_Utils/src/str.o
                0x0000000000019420                str::insertAtEnd(char const*)
 .text._ZN3strpLEc
                0x0000000000019444       0x1a obj/lib/L3_Utils/src/str.o
                0x0000000000019444                str::operator+=(char)
 .text._ZN3str8copyFromEPKc
                0x000000000001945e       0x3c obj/lib/L3_Utils/src/str.o
                0x000000000001945e                str::copyFrom(char const*)
 .text._ZN3straSEPKc
                0x000000000001949a        0x4 obj/lib/L3_Utils/src/str.o
                0x000000000001949a                str::operator=(char const*)
 .text.u0_dbg_put
                0x000000000001949e       0x1e obj/lib/L3_Utils/src/printf_lib.o
                0x000000000001949e                u0_dbg_put
 .text.u0_dbg_printf
                0x00000000000194bc       0x3c obj/lib/L3_Utils/src/printf_lib.o
                0x00000000000194bc                u0_dbg_printf
 .text._ZN16CommandProcessor10addHandlerEPFbR3strR7CharDevPvEPKcS8_S4_
                0x00000000000194f8       0x7c obj/lib/L3_Utils/src/command_handler.o
                0x00000000000194f8                CommandProcessor::addHandler(bool (*)(str&, CharDev&, void*), char const*, char const*, void*)
 .text._ZN16CommandProcessor24getRegisteredCommandListER7CharDev
                0x0000000000019574       0xa0 obj/lib/L3_Utils/src/command_handler.o
                0x0000000000019574                CommandProcessor::getRegisteredCommandList(CharDev&)
 .text._ZN16CommandProcessor11getHelpTextER3strR7CharDev
                0x0000000000019614       0x70 obj/lib/L3_Utils/src/command_handler.o
                0x0000000000019614                CommandProcessor::getHelpText(str&, CharDev&)
 .text._ZN16CommandProcessor15prepareCmdParamER3strPKc
                0x0000000000019684       0x3c obj/lib/L3_Utils/src/command_handler.o
                0x0000000000019684                CommandProcessor::prepareCmdParam(str&, char const*)
 .text._ZN16CommandProcessor13handleCommandER3strR7CharDev
                0x00000000000196c0      0x164 obj/lib/L3_Utils/src/command_handler.o
                0x00000000000196c0                CommandProcessor::handleCommand(str&, CharDev&)
 .text.for_each_recur_alarm_callback
                0x0000000000019824       0x24 obj/lib/L3_Utils/src/rtc_alarm.o
 .text.for_each_alarm_callback
                0x0000000000019848       0x5a obj/lib/L3_Utils/src/rtc_alarm.o
 *fill*         0x00000000000198a2        0x2 ff
 .text.RTC_IRQHandler
                0x00000000000198a4       0xac obj/lib/L3_Utils/src/rtc_alarm.o
                0x00000000000198a4                RTC_IRQHandler
 .text.c_list_create
                0x0000000000019950       0x14 obj/lib/L3_Utils/src/c_list.o
                0x0000000000019950                c_list_create
 .text.c_list_node_count
                0x0000000000019964        0x6 obj/lib/L3_Utils/src/c_list.o
                0x0000000000019964                c_list_node_count
 .text.c_list_insert_elm_end
                0x000000000001996a       0x38 obj/lib/L3_Utils/src/c_list.o
                0x000000000001996a                c_list_insert_elm_end
 .text.c_list_get_elm_at
                0x00000000000199a2       0x2c obj/lib/L3_Utils/src/c_list.o
                0x00000000000199a2                c_list_get_elm_at
 .text.c_list_find_elm
                0x00000000000199ce       0x2c obj/lib/L3_Utils/src/c_list.o
                0x00000000000199ce                c_list_find_elm
 .text.c_list_for_each_elm
                0x00000000000199fa       0x2a obj/lib/L3_Utils/src/c_list.o
                0x00000000000199fa                c_list_for_each_elm
 .text._ZN6SW2_IRD2Ev
                0x0000000000019a24        0x2 obj/lab4/L5_Application/my_eint3.o
                0x0000000000019a24                SW2_IR::~SW2_IR()
                0x0000000000019a24                SW2_IR::~SW2_IR()
 .text._ZN6SW1_IRD2Ev
                0x0000000000019a26        0x2 obj/lab4/L5_Application/my_eint3.o
                0x0000000000019a26                SW1_IR::~SW1_IR()
                0x0000000000019a26                SW1_IR::~SW1_IR()
 .text._ZN6SW2_IRD0Ev
                0x0000000000019a28        0xc obj/lab4/L5_Application/my_eint3.o
                0x0000000000019a28                SW2_IR::~SW2_IR()
 .text._ZN6SW1_IRD0Ev
                0x0000000000019a34        0xc obj/lab4/L5_Application/my_eint3.o
                0x0000000000019a34                SW1_IR::~SW1_IR()
 .text.EINT3_IRQHandler
                0x0000000000019a40       0x5c obj/lab4/L5_Application/my_eint3.o
                0x0000000000019a40                EINT3_IRQHandler
 .text._Z24register_interrupt_eint3hh10edgeType_t
                0x0000000000019a9c       0x5c obj/lab4/L5_Application/my_eint3.o
                0x0000000000019a9c                register_interrupt_eint3(unsigned char, unsigned char, edgeType_t)
 .text._ZN6SW1_IR4initEv
                0x0000000000019af8       0x14 obj/lab4/L5_Application/my_eint3.o
                0x0000000000019af8                SW1_IR::init()
 .text._ZN6SW2_IR4initEv
                0x0000000000019b0c       0x14 obj/lab4/L5_Application/my_eint3.o
                0x0000000000019b0c                SW2_IR::init()
 .text._ZN6SW1_IRC2Ehh
                0x0000000000019b20       0x34 obj/lab4/L5_Application/my_eint3.o
                0x0000000000019b20                SW1_IR::SW1_IR(unsigned char, unsigned char)
                0x0000000000019b20                SW1_IR::SW1_IR(unsigned char, unsigned char)
 .text._ZN6SW2_IRC2Ehh
                0x0000000000019b54       0x34 obj/lab4/L5_Application/my_eint3.o
                0x0000000000019b54                SW2_IR::SW2_IR(unsigned char, unsigned char)
                0x0000000000019b54                SW2_IR::SW2_IR(unsigned char, unsigned char)
 .text._ZN17SingletonTemplateI3LEDE11getInstanceEv
                0x0000000000019b88       0x1c obj/lab4/L5_Application/my_eint3.o
                0x0000000000019b88                SingletonTemplate<LED>::getInstance()
 .text._ZN6SW1_IR3runEPv
                0x0000000000019ba4       0x50 obj/lab4/L5_Application/my_eint3.o
                0x0000000000019ba4                SW1_IR::run(void*)
 .text._ZN6SW2_IR3runEPv
                0x0000000000019bf4       0x50 obj/lab4/L5_Application/my_eint3.o
                0x0000000000019bf4                SW2_IR::run(void*)
 .text.startup.main
                0x0000000000019c44       0x50 obj/lab4/L5_Application/main.o
                0x0000000000019c44                main
 .text._ZN12terminalTaskD2Ev
                0x0000000000019c94       0x48 obj/lab4/L5_Application/source/terminal.o
                0x0000000000019c94                terminalTask::~terminalTask()
                0x0000000000019c94                terminalTask::~terminalTask()
 .text._ZN12terminalTaskD0Ev
                0x0000000000019cdc       0x12 obj/lab4/L5_Application/source/terminal.o
                0x0000000000019cdc                terminalTask::~terminalTask()
 *fill*         0x0000000000019cee        0x2 ff
 .text._ZN12terminalTask6regTlmEv
                0x0000000000019cf0       0x48 obj/lab4/L5_Application/source/terminal.o
                0x0000000000019cf0                terminalTask::regTlm()
 .text._ZN6VECTORIN12terminalTask9cmdChan_tEE14changeCapacityEj.part.5
                0x0000000000019d38       0x40 obj/lab4/L5_Application/source/terminal.o
 .text._ZN12terminalTaskC2Eh
                0x0000000000019d78       0xb0 obj/lab4/L5_Application/source/terminal.o
                0x0000000000019d78                terminalTask::terminalTask(unsigned char)
                0x0000000000019d78                terminalTask::terminalTask(unsigned char)
 .text._ZN12terminalTask11saveDiskTlmEv
                0x0000000000019e28       0x84 obj/lab4/L5_Application/source/terminal.o
                0x0000000000019e28                terminalTask::saveDiskTlm()
 .text._ZN12terminalTask22handleEchoAndBackspaceEPNS_9cmdChan_tEc
                0x0000000000019eac       0x70 obj/lab4/L5_Application/source/terminal.o
                0x0000000000019eac                terminalTask::handleEchoAndBackspace(terminalTask::cmdChan_t*, char)
 .text._ZN12terminalTask17addCommandChannelEP7CharDevb
                0x0000000000019f1c       0x40 obj/lab4/L5_Application/source/terminal.o
                0x0000000000019f1c                terminalTask::addCommandChannel(CharDev*, bool)
 .text._ZN12terminalTask10getCommandEv
                0x0000000000019f5c      0x124 obj/lab4/L5_Application/source/terminal.o
                0x0000000000019f5c                terminalTask::getCommand()
 .text._ZN12terminalTask3runEPv
                0x000000000001a080       0xb0 obj/lab4/L5_Application/source/terminal.o
                0x000000000001a080                terminalTask::run(void*)
 .text._ZN17SingletonTemplateI5Uart0E11getInstanceEv
                0x000000000001a130       0x20 obj/lab4/L5_Application/source/terminal.o
                0x000000000001a130                SingletonTemplate<Uart0>::getInstance()
 .text._ZN5Uart017putcharIntrDrivenEc
                0x000000000001a150       0x18 obj/lab4/L5_Application/source/terminal.o
                0x000000000001a150                Uart0::putcharIntrDriven(char)
 .text._ZN5Uart017getcharIntrDrivenEc
                0x000000000001a168       0x22 obj/lab4/L5_Application/source/terminal.o
                0x000000000001a168                Uart0::getcharIntrDriven(char)
 *fill*         0x000000000001a18a        0x2 ff
 .text._ZN12terminalTask9taskEntryEv
                0x000000000001a18c      0x2bc obj/lab4/L5_Application/source/terminal.o
                0x000000000001a18c                terminalTask::taskEntry()
 .text._ZN17SingletonTemplateI11LED_DisplayE11getInstanceEv
                0x000000000001a448       0x3c obj/lab4/L5_Application/source/remote.o
                0x000000000001a448                SingletonTemplate<LED_Display>::getInstance()
 .text._ZL13hl_print_linev
                0x000000000001a484        0xc obj/lab4/L5_Application/source/high_level_init.o
 .text.ssp_set_max_clock
                0x000000000001a490       0x2c obj/lab4/L5_Application/source/high_level_init.o
 .text._ZL16hl_mount_storageR16FileSystemObjectPKc
                0x000000000001a4bc       0x90 obj/lab4/L5_Application/source/high_level_init.o
 .text._ZN7Storage13getFlashDriveEv
                0x000000000001a54c       0x4c obj/lab4/L5_Application/source/high_level_init.o
                0x000000000001a54c                Storage::getFlashDrive()
 .text._ZN17SingletonTemplateI4I2C2E11getInstanceEv
                0x000000000001a598       0x20 obj/lab4/L5_Application/source/high_level_init.o
                0x000000000001a598                SingletonTemplate<I2C2>::getInstance()
 .text._ZN17SingletonTemplateI17TemperatureSensorE11getInstanceEv
                0x000000000001a5b8       0x28 obj/lab4/L5_Application/source/high_level_init.o
                0x000000000001a5b8                SingletonTemplate<TemperatureSensor>::getInstance()
 .text._ZN17SingletonTemplateI12Light_SensorE11getInstanceEv
                0x000000000001a5e0       0x18 obj/lab4/L5_Application/source/high_level_init.o
                0x000000000001a5e0                SingletonTemplate<Light_Sensor>::getInstance()
 .text._ZN17SingletonTemplateI8SwitchesE11getInstanceEv
                0x000000000001a5f8       0x18 obj/lab4/L5_Application/source/high_level_init.o
                0x000000000001a5f8                SingletonTemplate<Switches>::getInstance()
 .text._Z15high_level_initv